Copyright 1986-2022 Xilinx, Inc. All Rights Reserved. Copyright 2022-2024 Advanced Micro Devices, Inc. All Rights Reserved.
---------------------------------------------------------------------------------------------------------------------------------------------
| Tool Version : Vivado v.2024.1 (win64) Build 5076996 Wed May 22 18:37:14 MDT 2024
| Date         : Wed Sep  2 20:10:11 2026
| Host         : BOOK-S5JNKNEIOB running 64-bit major release  (build 9200)
| Command      : report_timing -delay_type max -max_paths 5 -file timing_dgen_oct_worstpath.rpt
| Design       : particle_scorer_dgen_oct_arb
| Device       : 7a35ti-csg324
| Speed File   : -1L  PRODUCTION 1.23 2018-06-13
| Design State : Routed
---------------------------------------------------------------------------------------------------------------------------------------------

Timing Report

Slack (VIOLATED) :        -2.992ns  (required time - arrival time)
  Source:                 u_scorer6/u_ray_march/y_reg[13]/C
                            (rising edge-triggered cell FDCE clocked by clk  {rise@0.000ns fall@5.000ns period=10.000ns})
  Destination:            u_scorer6/u_ray_march/y_reg[17]/D
                            (rising edge-triggered cell FDCE clocked by clk  {rise@0.000ns fall@5.000ns period=10.000ns})
  Path Group:             clk
  Path Type:              Setup (Max at Slow Process Corner)
  Requirement:            10.000ns  (clk rise@10.000ns - clk rise@0.000ns)
  Data Path Delay:        12.665ns  (logic 2.865ns (22.622%)  route 9.800ns (77.378%))
  Logic Levels:           14  (CARRY4=4 LUT3=1 LUT6=9)
  Clock Path Skew:        -0.049ns (DCD - SCD + CPR)
    Destination Clock Delay (DCD):    0.924ns = ( 10.924 - 10.000 ) 
    Source Clock Delay      (SCD):    0.973ns
    Clock Pessimism Removal (CPR):    0.000ns
  Clock Uncertainty:      0.035ns  ((TSJ^2 + TIJ^2)^1/2 + DJ) / 2 + PE
    Total System Jitter     (TSJ):    0.071ns
    Total Input Jitter      (TIJ):    0.000ns
    Discrete Jitter          (DJ):    0.000ns
    Phase Error              (PE):    0.000ns

    Location             Delay type                Incr(ns)  Path(ns)    Netlist Resource(s)
  -------------------------------------------------------------------    -------------------
                         (clock clk rise edge)        0.000     0.000 r  
                                                      0.000     0.000 r  clk (IN)
                         net (fo=3345, unset)         0.973     0.973    u_scorer6/u_ray_march/clk
    SLICE_X46Y83         FDCE                                         r  u_scorer6/u_ray_march/y_reg[13]/C
  -------------------------------------------------------------------    -------------------
    SLICE_X46Y83         FDCE (Prop_fdce_C_Q)         0.518     1.491 f  u_scorer6/u_ray_march/y_reg[13]/Q
                         net (fo=6, routed)           0.813     2.304    u_scorer6/u_ray_march/y_reg[13]
    SLICE_X47Y84         LUT6 (Prop_lut6_I3_O)        0.124     2.428 f  u_scorer6/u_ray_march/running_i_4__5/O
                         net (fo=60, routed)          0.835     3.263    u_scorer6/u_ray_march/running_i_4__5_n_0
    SLICE_X47Y87         LUT3 (Prop_lut3_I1_O)        0.124     3.387 r  u_scorer6/u_ray_march/x[0]_i_514__5/O
                         net (fo=107, routed)         1.899     5.286    u_scorer6/u_ray_march/x[0]_i_514__5_n_0
    SLICE_X60Y87         LUT6 (Prop_lut6_I0_O)        0.124     5.410 f  u_scorer6/u_ray_march/x[0]_i_878__5/O
                         net (fo=2, routed)           0.655     6.065    u_scorer6/u_ray_march/x[0]_i_878__5_n_0
    SLICE_X61Y87         LUT6 (Prop_lut6_I0_O)        0.124     6.189 f  u_scorer6/u_ray_march/x[0]_i_602__5/O
                         net (fo=1, routed)           0.429     6.618    u_scorer6/u_ray_march/x[0]_i_602__5_n_0
    SLICE_X61Y86         LUT6 (Prop_lut6_I3_O)        0.124     6.742 f  u_scorer6/u_ray_march/x[0]_i_263__5/O
                         net (fo=1, routed)           0.465     7.207    u_scorer6/u_ray_march/x[0]_i_263__5_n_0
    SLICE_X62Y84         LUT6 (Prop_lut6_I3_O)        0.124     7.331 f  u_scorer6/u_ray_march/x[0]_i_109__5/O
                         net (fo=1, routed)           0.986     8.317    u_scorer6/u_ray_march/x[0]_i_109__5_n_0
    SLICE_X54Y84         LUT6 (Prop_lut6_I5_O)        0.124     8.441 f  u_scorer6/u_ray_march/x[0]_i_51__5/O
                         net (fo=1, routed)           0.888     9.328    u_scorer6/u_ray_march/x[0]_i_51__5_n_0
    SLICE_X49Y83         LUT6 (Prop_lut6_I0_O)        0.124     9.452 f  u_scorer6/u_ray_march/x[0]_i_29__5/O
                         net (fo=3, routed)           0.681    10.134    u_scorer6/u_ray_march/x[0]_i_29__5_n_0
    SLICE_X45Y81         LUT6 (Prop_lut6_I1_O)        0.124    10.258 r  u_scorer6/u_ray_march/x[0]_i_14__5/O
                         net (fo=56, routed)          1.037    11.295    u_scorer6/u_ray_march/x[0]_i_14__5_n_0
    SLICE_X44Y81         LUT6 (Prop_lut6_I0_O)        0.124    11.419 r  u_scorer6/u_ray_march/y[4]_i_5__5/O
                         net (fo=1, routed)           0.784    12.203    u_scorer6/u_ray_march/y[4]_i_5__5_n_0
    SLICE_X46Y81         CARRY4 (Prop_carry4_DI[0]_CO[3])
                                                      0.550    12.753 r  u_scorer6/u_ray_march/y_reg[4]_i_1__11/CO[3]
                         net (fo=1, routed)           0.000    12.753    u_scorer6/u_ray_march/y_reg[4]_i_1__11_n_0
    SLICE_X46Y82         CARRY4 (Prop_carry4_CI_CO[3])
                                                      0.117    12.870 r  u_scorer6/u_ray_march/y_reg[8]_i_1__11/CO[3]
                         net (fo=1, routed)           0.000    12.870    u_scorer6/u_ray_march/y_reg[8]_i_1__11_n_0
    SLICE_X46Y83         CARRY4 (Prop_carry4_CI_CO[3])
                                                      0.117    12.987 r  u_scorer6/u_ray_march/y_reg[12]_i_1__11/CO[3]
                         net (fo=1, routed)           0.000    12.987    u_scorer6/u_ray_march/y_reg[12]_i_1__11_n_0
    SLICE_X46Y84         CARRY4 (Prop_carry4_CI_O[1])
                                                      0.323    13.310 r  u_scorer6/u_ray_march/y_reg[16]_i_1__11/O[1]
                         net (fo=1, routed)           0.328    13.638    u_scorer6/u_ray_march/y_reg[16]_i_1__11_n_6
    SLICE_X44Y84         FDCE                                         r  u_scorer6/u_ray_march/y_reg[17]/D
  -------------------------------------------------------------------    -------------------

                         (clock clk rise edge)       10.000    10.000 r  
                                                      0.000    10.000 r  clk (IN)
                         net (fo=3345, unset)         0.924    10.924    u_scorer6/u_ray_march/clk
    SLICE_X44Y84         FDCE                                         r  u_scorer6/u_ray_march/y_reg[17]/C
                         clock pessimism              0.000    10.924    
                         clock uncertainty           -0.035    10.889    
    SLICE_X44Y84         FDCE (Setup_fdce_C_D)       -0.243    10.646    u_scorer6/u_ray_march/y_reg[17]
  -------------------------------------------------------------------
                         required time                         10.646    
                         arrival time                         -13.638    
  -------------------------------------------------------------------
                         slack                                 -2.992    

Slack (VIOLATED) :        -2.934ns  (required time - arrival time)
  Source:                 u_scorer6/u_ray_march/y_reg[13]/C
                            (rising edge-triggered cell FDCE clocked by clk  {rise@0.000ns fall@5.000ns period=10.000ns})
  Destination:            u_scorer6/u_ray_march/y_reg[8]_rep__0/D
                            (rising edge-triggered cell FDCE clocked by clk  {rise@0.000ns fall@5.000ns period=10.000ns})
  Path Group:             clk
  Path Type:              Setup (Max at Slow Process Corner)
  Requirement:            10.000ns  (clk rise@10.000ns - clk rise@0.000ns)
  Data Path Delay:        12.648ns  (logic 2.540ns (20.083%)  route 10.108ns (79.917%))
  Logic Levels:           12  (CARRY4=2 LUT3=1 LUT6=9)
  Clock Path Skew:        -0.049ns (DCD - SCD + CPR)
    Destination Clock Delay (DCD):    0.924ns = ( 10.924 - 10.000 ) 
    Source Clock Delay      (SCD):    0.973ns
    Clock Pessimism Removal (CPR):    0.000ns
  Clock Uncertainty:      0.035ns  ((TSJ^2 + TIJ^2)^1/2 + DJ) / 2 + PE
    Total System Jitter     (TSJ):    0.071ns
    Total Input Jitter      (TIJ):    0.000ns
    Discrete Jitter          (DJ):    0.000ns
    Phase Error              (PE):    0.000ns

    Location             Delay type                Incr(ns)  Path(ns)    Netlist Resource(s)
  -------------------------------------------------------------------    -------------------
                         (clock clk rise edge)        0.000     0.000 r  
                                                      0.000     0.000 r  clk (IN)
                         net (fo=3345, unset)         0.973     0.973    u_scorer6/u_ray_march/clk
    SLICE_X46Y83         FDCE                                         r  u_scorer6/u_ray_march/y_reg[13]/C
  -------------------------------------------------------------------    -------------------
    SLICE_X46Y83         FDCE (Prop_fdce_C_Q)         0.518     1.491 f  u_scorer6/u_ray_march/y_reg[13]/Q
                         net (fo=6, routed)           0.813     2.304    u_scorer6/u_ray_march/y_reg[13]
    SLICE_X47Y84         LUT6 (Prop_lut6_I3_O)        0.124     2.428 f  u_scorer6/u_ray_march/running_i_4__5/O
                         net (fo=60, routed)          0.835     3.263    u_scorer6/u_ray_march/running_i_4__5_n_0
    SLICE_X47Y87         LUT3 (Prop_lut3_I1_O)        0.124     3.387 r  u_scorer6/u_ray_march/x[0]_i_514__5/O
                         net (fo=107, routed)         1.899     5.286    u_scorer6/u_ray_march/x[0]_i_514__5_n_0
    SLICE_X60Y87         LUT6 (Prop_lut6_I0_O)        0.124     5.410 f  u_scorer6/u_ray_march/x[0]_i_878__5/O
                         net (fo=2, routed)           0.655     6.065    u_scorer6/u_ray_march/x[0]_i_878__5_n_0
    SLICE_X61Y87         LUT6 (Prop_lut6_I0_O)        0.124     6.189 f  u_scorer6/u_ray_march/x[0]_i_602__5/O
                         net (fo=1, routed)           0.429     6.618    u_scorer6/u_ray_march/x[0]_i_602__5_n_0
    SLICE_X61Y86         LUT6 (Prop_lut6_I3_O)        0.124     6.742 f  u_scorer6/u_ray_march/x[0]_i_263__5/O
                         net (fo=1, routed)           0.465     7.207    u_scorer6/u_ray_march/x[0]_i_263__5_n_0
    SLICE_X62Y84         LUT6 (Prop_lut6_I3_O)        0.124     7.331 f  u_scorer6/u_ray_march/x[0]_i_109__5/O
                         net (fo=1, routed)           0.986     8.317    u_scorer6/u_ray_march/x[0]_i_109__5_n_0
    SLICE_X54Y84         LUT6 (Prop_lut6_I5_O)        0.124     8.441 f  u_scorer6/u_ray_march/x[0]_i_51__5/O
                         net (fo=1, routed)           0.888     9.328    u_scorer6/u_ray_march/x[0]_i_51__5_n_0
    SLICE_X49Y83         LUT6 (Prop_lut6_I0_O)        0.124     9.452 f  u_scorer6/u_ray_march/x[0]_i_29__5/O
                         net (fo=3, routed)           0.681    10.134    u_scorer6/u_ray_march/x[0]_i_29__5_n_0
    SLICE_X45Y81         LUT6 (Prop_lut6_I1_O)        0.124    10.258 r  u_scorer6/u_ray_march/x[0]_i_14__5/O
                         net (fo=56, routed)          1.037    11.295    u_scorer6/u_ray_march/x[0]_i_14__5_n_0
    SLICE_X44Y81         LUT6 (Prop_lut6_I0_O)        0.124    11.419 r  u_scorer6/u_ray_march/y[4]_i_5__5/O
                         net (fo=1, routed)           0.784    12.203    u_scorer6/u_ray_march/y[4]_i_5__5_n_0
    SLICE_X46Y81         CARRY4 (Prop_carry4_DI[0]_CO[3])
                                                      0.550    12.753 r  u_scorer6/u_ray_march/y_reg[4]_i_1__11/CO[3]
                         net (fo=1, routed)           0.000    12.753    u_scorer6/u_ray_march/y_reg[4]_i_1__11_n_0
    SLICE_X46Y82         CARRY4 (Prop_carry4_CI_O[0])
                                                      0.232    12.985 r  u_scorer6/u_ray_march/y_reg[8]_i_1__11/O[0]
                         net (fo=3, routed)           0.636    13.621    u_scorer6/u_ray_march/y_reg[8]_i_1__11_n_7
    SLICE_X46Y86         FDCE                                         r  u_scorer6/u_ray_march/y_reg[8]_rep__0/D
  -------------------------------------------------------------------    -------------------

                         (clock clk rise edge)       10.000    10.000 r  
                                                      0.000    10.000 r  clk (IN)
                         net (fo=3345, unset)         0.924    10.924    u_scorer6/u_ray_march/clk
    SLICE_X46Y86         FDCE                                         r  u_scorer6/u_ray_march/y_reg[8]_rep__0/C
                         clock pessimism              0.000    10.924    
                         clock uncertainty           -0.035    10.889    
    SLICE_X46Y86         FDCE (Setup_fdce_C_D)       -0.202    10.687    u_scorer6/u_ray_march/y_reg[8]_rep__0
  -------------------------------------------------------------------
                         required time                         10.687    
                         arrival time                         -13.621    
  -------------------------------------------------------------------
                         slack                                 -2.934    

Slack (VIOLATED) :        -2.895ns  (required time - arrival time)
  Source:                 u_scorer6/u_ray_march/y_reg[13]/C
                            (rising edge-triggered cell FDCE clocked by clk  {rise@0.000ns fall@5.000ns period=10.000ns})
  Destination:            u_scorer6/u_ray_march/y_reg[16]/D
                            (rising edge-triggered cell FDCE clocked by clk  {rise@0.000ns fall@5.000ns period=10.000ns})
  Path Group:             clk
  Path Type:              Setup (Max at Slow Process Corner)
  Requirement:            10.000ns  (clk rise@10.000ns - clk rise@0.000ns)
  Data Path Delay:        12.559ns  (logic 2.761ns (21.984%)  route 9.798ns (78.016%))
  Logic Levels:           14  (CARRY4=4 LUT3=1 LUT6=9)
  Clock Path Skew:        -0.049ns (DCD - SCD + CPR)
    Destination Clock Delay (DCD):    0.924ns = ( 10.924 - 10.000 ) 
    Source Clock Delay      (SCD):    0.973ns
    Clock Pessimism Removal (CPR):    0.000ns
  Clock Uncertainty:      0.035ns  ((TSJ^2 + TIJ^2)^1/2 + DJ) / 2 + PE
    Total System Jitter     (TSJ):    0.071ns
    Total Input Jitter      (TIJ):    0.000ns
    Discrete Jitter          (DJ):    0.000ns
    Phase Error              (PE):    0.000ns

    Location             Delay type                Incr(ns)  Path(ns)    Netlist Resource(s)
  -------------------------------------------------------------------    -------------------
                         (clock clk rise edge)        0.000     0.000 r  
                                                      0.000     0.000 r  clk (IN)
                         net (fo=3345, unset)         0.973     0.973    u_scorer6/u_ray_march/clk
    SLICE_X46Y83         FDCE                                         r  u_scorer6/u_ray_march/y_reg[13]/C
  -------------------------------------------------------------------    -------------------
    SLICE_X46Y83         FDCE (Prop_fdce_C_Q)         0.518     1.491 f  u_scorer6/u_ray_march/y_reg[13]/Q
                         net (fo=6, routed)           0.813     2.304    u_scorer6/u_ray_march/y_reg[13]
    SLICE_X47Y84         LUT6 (Prop_lut6_I3_O)        0.124     2.428 f  u_scorer6/u_ray_march/running_i_4__5/O
                         net (fo=60, routed)          0.835     3.263    u_scorer6/u_ray_march/running_i_4__5_n_0
    SLICE_X47Y87         LUT3 (Prop_lut3_I1_O)        0.124     3.387 r  u_scorer6/u_ray_march/x[0]_i_514__5/O
                         net (fo=107, routed)         1.899     5.286    u_scorer6/u_ray_march/x[0]_i_514__5_n_0
    SLICE_X60Y87         LUT6 (Prop_lut6_I0_O)        0.124     5.410 f  u_scorer6/u_ray_march/x[0]_i_878__5/O
                         net (fo=2, routed)           0.655     6.065    u_scorer6/u_ray_march/x[0]_i_878__5_n_0
    SLICE_X61Y87         LUT6 (Prop_lut6_I0_O)        0.124     6.189 f  u_scorer6/u_ray_march/x[0]_i_602__5/O
                         net (fo=1, routed)           0.429     6.618    u_scorer6/u_ray_march/x[0]_i_602__5_n_0
    SLICE_X61Y86         LUT6 (Prop_lut6_I3_O)        0.124     6.742 f  u_scorer6/u_ray_march/x[0]_i_263__5/O
                         net (fo=1, routed)           0.465     7.207    u_scorer6/u_ray_march/x[0]_i_263__5_n_0
    SLICE_X62Y84         LUT6 (Prop_lut6_I3_O)        0.124     7.331 f  u_scorer6/u_ray_march/x[0]_i_109__5/O
                         net (fo=1, routed)           0.986     8.317    u_scorer6/u_ray_march/x[0]_i_109__5_n_0
    SLICE_X54Y84         LUT6 (Prop_lut6_I5_O)        0.124     8.441 f  u_scorer6/u_ray_march/x[0]_i_51__5/O
                         net (fo=1, routed)           0.888     9.328    u_scorer6/u_ray_march/x[0]_i_51__5_n_0
    SLICE_X49Y83         LUT6 (Prop_lut6_I0_O)        0.124     9.452 f  u_scorer6/u_ray_march/x[0]_i_29__5/O
                         net (fo=3, routed)           0.681    10.134    u_scorer6/u_ray_march/x[0]_i_29__5_n_0
    SLICE_X45Y81         LUT6 (Prop_lut6_I1_O)        0.124    10.258 r  u_scorer6/u_ray_march/x[0]_i_14__5/O
                         net (fo=56, routed)          1.037    11.295    u_scorer6/u_ray_march/x[0]_i_14__5_n_0
    SLICE_X44Y81         LUT6 (Prop_lut6_I0_O)        0.124    11.419 r  u_scorer6/u_ray_march/y[4]_i_5__5/O
                         net (fo=1, routed)           0.784    12.203    u_scorer6/u_ray_march/y[4]_i_5__5_n_0
    SLICE_X46Y81         CARRY4 (Prop_carry4_DI[0]_CO[3])
                                                      0.550    12.753 r  u_scorer6/u_ray_march/y_reg[4]_i_1__11/CO[3]
                         net (fo=1, routed)           0.000    12.753    u_scorer6/u_ray_march/y_reg[4]_i_1__11_n_0
    SLICE_X46Y82         CARRY4 (Prop_carry4_CI_CO[3])
                                                      0.117    12.870 r  u_scorer6/u_ray_march/y_reg[8]_i_1__11/CO[3]
                         net (fo=1, routed)           0.000    12.870    u_scorer6/u_ray_march/y_reg[8]_i_1__11_n_0
    SLICE_X46Y83         CARRY4 (Prop_carry4_CI_CO[3])
                                                      0.117    12.987 r  u_scorer6/u_ray_march/y_reg[12]_i_1__11/CO[3]
                         net (fo=1, routed)           0.000    12.987    u_scorer6/u_ray_march/y_reg[12]_i_1__11_n_0
    SLICE_X46Y84         CARRY4 (Prop_carry4_CI_O[0])
                                                      0.219    13.206 r  u_scorer6/u_ray_march/y_reg[16]_i_1__11/O[0]
                         net (fo=1, routed)           0.326    13.532    u_scorer6/u_ray_march/y_reg[16]_i_1__11_n_7
    SLICE_X44Y84         FDCE                                         r  u_scorer6/u_ray_march/y_reg[16]/D
  -------------------------------------------------------------------    -------------------

                         (clock clk rise edge)       10.000    10.000 r  
                                                      0.000    10.000 r  clk (IN)
                         net (fo=3345, unset)         0.924    10.924    u_scorer6/u_ray_march/clk
    SLICE_X44Y84         FDCE                                         r  u_scorer6/u_ray_march/y_reg[16]/C
                         clock pessimism              0.000    10.924    
                         clock uncertainty           -0.035    10.889    
    SLICE_X44Y84         FDCE (Setup_fdce_C_D)       -0.252    10.637    u_scorer6/u_ray_march/y_reg[16]
  -------------------------------------------------------------------
                         required time                         10.637    
                         arrival time                         -13.532    
  -------------------------------------------------------------------
                         slack                                 -2.895    

Slack (VIOLATED) :        -2.889ns  (required time - arrival time)
  Source:                 u_scorer0/u_ray_march/x_reg[17]/C
                            (rising edge-triggered cell FDCE clocked by clk  {rise@0.000ns fall@5.000ns period=10.000ns})
  Destination:            u_scorer0/u_ray_march/x_reg[8]_rep__0/D
                            (rising edge-triggered cell FDCE clocked by clk  {rise@0.000ns fall@5.000ns period=10.000ns})
  Path Group:             clk
  Path Type:              Setup (Max at Slow Process Corner)
  Requirement:            10.000ns  (clk rise@10.000ns - clk rise@0.000ns)
  Data Path Delay:        12.564ns  (logic 2.812ns (22.382%)  route 9.752ns (77.618%))
  Logic Levels:           14  (CARRY4=3 LUT3=2 LUT5=1 LUT6=7 MUXF7=1)
  Clock Path Skew:        -0.049ns (DCD - SCD + CPR)
    Destination Clock Delay (DCD):    0.924ns = ( 10.924 - 10.000 ) 
    Source Clock Delay      (SCD):    0.973ns
    Clock Pessimism Removal (CPR):    0.000ns
  Clock Uncertainty:      0.035ns  ((TSJ^2 + TIJ^2)^1/2 + DJ) / 2 + PE
    Total System Jitter     (TSJ):    0.071ns
    Total Input Jitter      (TIJ):    0.000ns
    Discrete Jitter          (DJ):    0.000ns
    Phase Error              (PE):    0.000ns

    Location             Delay type                Incr(ns)  Path(ns)    Netlist Resource(s)
  -------------------------------------------------------------------    -------------------
                         (clock clk rise edge)        0.000     0.000 r  
                                                      0.000     0.000 r  clk (IN)
                         net (fo=3345, unset)         0.973     0.973    u_scorer0/u_ray_march/clk
    SLICE_X29Y59         FDCE                                         r  u_scorer0/u_ray_march/x_reg[17]/C
  -------------------------------------------------------------------    -------------------
    SLICE_X29Y59         FDCE (Prop_fdce_C_Q)         0.456     1.429 f  u_scorer0/u_ray_march/x_reg[17]/Q
                         net (fo=2, routed)           0.954     2.383    u_scorer0/u_ray_march/p_0_in[9]
    SLICE_X30Y57         LUT6 (Prop_lut6_I2_O)        0.124     2.507 f  u_scorer0/u_ray_march/running_i_4/O
                         net (fo=60, routed)          0.712     3.219    u_scorer0/u_ray_march/running_i_4_n_0
    SLICE_X29Y61         LUT3 (Prop_lut3_I1_O)        0.124     3.343 r  u_scorer0/u_ray_march/x[0]_i_360/O
                         net (fo=118, routed)         1.173     4.516    u_scorer0/u_ray_march/x[0]_i_360_n_0
    SLICE_X13Y62         LUT6 (Prop_lut6_I3_O)        0.124     4.640 f  u_scorer0/u_ray_march/x[0]_i_994/O
                         net (fo=5, routed)           0.973     5.613    u_scorer0/u_ray_march/x[0]_i_994_n_0
    SLICE_X8Y65          LUT6 (Prop_lut6_I0_O)        0.124     5.737 f  u_scorer0/u_ray_march/x[0]_i_1062/O
                         net (fo=1, routed)           0.817     6.554    u_scorer0/u_ray_march/x[0]_i_1062_n_0
    SLICE_X10Y65         LUT6 (Prop_lut6_I1_O)        0.124     6.678 f  u_scorer0/u_ray_march/x[0]_i_685/O
                         net (fo=1, routed)           0.000     6.678    u_scorer0/u_ray_march/x[0]_i_685_n_0
    SLICE_X10Y65         MUXF7 (Prop_muxf7_I0_O)      0.209     6.887 f  u_scorer0/u_ray_march/x_reg[0]_i_296/O
                         net (fo=1, routed)           0.469     7.356    u_scorer0/u_ray_march/x_reg[0]_i_296_n_0
    SLICE_X10Y65         LUT3 (Prop_lut3_I2_O)        0.297     7.653 f  u_scorer0/u_ray_march/x[0]_i_120/O
                         net (fo=1, routed)           0.705     8.359    u_scorer0/u_ray_march/x[0]_i_120_n_0
    SLICE_X13Y61         LUT5 (Prop_lut5_I4_O)        0.124     8.483 f  u_scorer0/u_ray_march/x[0]_i_54/O
                         net (fo=1, routed)           0.966     9.448    u_scorer0/u_ray_march/x[0]_i_54_n_0
    SLICE_X14Y57         LUT6 (Prop_lut6_I5_O)        0.124     9.572 f  u_scorer0/u_ray_march/x[0]_i_29/O
                         net (fo=3, routed)           0.427     9.999    u_scorer0/u_ray_march/x[0]_i_29_n_0
    SLICE_X15Y56         LUT6 (Prop_lut6_I1_O)        0.124    10.123 r  u_scorer0/u_ray_march/x[0]_i_14/O
                         net (fo=56, routed)          1.461    11.584    u_scorer0/u_ray_march/x[0]_i_14_n_0
    SLICE_X28Y53         LUT6 (Prop_lut6_I3_O)        0.124    11.708 r  u_scorer0/u_ray_march/x[0]_i_3/O
                         net (fo=1, routed)           0.472    12.180    u_scorer0/u_ray_march/x[0]_i_3_n_0
    SLICE_X29Y55         CARRY4 (Prop_carry4_DI[3]_CO[3])
                                                      0.385    12.565 r  u_scorer0/u_ray_march/x_reg[0]_i_2/CO[3]
                         net (fo=1, routed)           0.000    12.565    u_scorer0/u_ray_march/x_reg[0]_i_2_n_0
    SLICE_X29Y56         CARRY4 (Prop_carry4_CI_CO[3])
                                                      0.114    12.679 r  u_scorer0/u_ray_march/x_reg[4]_i_1/CO[3]
                         net (fo=1, routed)           0.000    12.679    u_scorer0/u_ray_march/x_reg[4]_i_1_n_0
    SLICE_X29Y57         CARRY4 (Prop_carry4_CI_O[0])
                                                      0.235    12.914 r  u_scorer0/u_ray_march/x_reg[8]_i_1/O[0]
                         net (fo=3, routed)           0.622    13.537    u_scorer0/u_ray_march/x_reg[8]_i_1_n_7
    SLICE_X31Y57         FDCE                                         r  u_scorer0/u_ray_march/x_reg[8]_rep__0/D
  -------------------------------------------------------------------    -------------------

                         (clock clk rise edge)       10.000    10.000 r  
                                                      0.000    10.000 r  clk (IN)
                         net (fo=3345, unset)         0.924    10.924    u_scorer0/u_ray_march/clk
    SLICE_X31Y57         FDCE                                         r  u_scorer0/u_ray_march/x_reg[8]_rep__0/C
                         clock pessimism              0.000    10.924    
                         clock uncertainty           -0.035    10.889    
    SLICE_X31Y57         FDCE (Setup_fdce_C_D)       -0.241    10.648    u_scorer0/u_ray_march/x_reg[8]_rep__0
  -------------------------------------------------------------------
                         required time                         10.648    
                         arrival time                         -13.537    
  -------------------------------------------------------------------
                         slack                                 -2.889    

Slack (VIOLATED) :        -2.877ns  (required time - arrival time)
  Source:                 u_scorer0/u_ray_march/x_reg[17]/C
                            (rising edge-triggered cell FDCE clocked by clk  {rise@0.000ns fall@5.000ns period=10.000ns})
  Destination:            u_scorer0/u_ray_march/x_reg[8]_rep/D
                            (rising edge-triggered cell FDCE clocked by clk  {rise@0.000ns fall@5.000ns period=10.000ns})
  Path Group:             clk
  Path Type:              Setup (Max at Slow Process Corner)
  Requirement:            10.000ns  (clk rise@10.000ns - clk rise@0.000ns)
  Data Path Delay:        12.564ns  (logic 2.812ns (22.382%)  route 9.752ns (77.618%))
  Logic Levels:           14  (CARRY4=3 LUT3=2 LUT5=1 LUT6=7 MUXF7=1)
  Clock Path Skew:        -0.049ns (DCD - SCD + CPR)
    Destination Clock Delay (DCD):    0.924ns = ( 10.924 - 10.000 ) 
    Source Clock Delay      (SCD):    0.973ns
    Clock Pessimism Removal (CPR):    0.000ns
  Clock Uncertainty:      0.035ns  ((TSJ^2 + TIJ^2)^1/2 + DJ) / 2 + PE
    Total System Jitter     (TSJ):    0.071ns
    Total Input Jitter      (TIJ):    0.000ns
    Discrete Jitter          (DJ):    0.000ns
    Phase Error              (PE):    0.000ns

    Location             Delay type                Incr(ns)  Path(ns)    Netlist Resource(s)
  -------------------------------------------------------------------    -------------------
                         (clock clk rise edge)        0.000     0.000 r  
                                                      0.000     0.000 r  clk (IN)
                         net (fo=3345, unset)         0.973     0.973    u_scorer0/u_ray_march/clk
    SLICE_X29Y59         FDCE                                         r  u_scorer0/u_ray_march/x_reg[17]/C
  -------------------------------------------------------------------    -------------------
    SLICE_X29Y59         FDCE (Prop_fdce_C_Q)         0.456     1.429 f  u_scorer0/u_ray_march/x_reg[17]/Q
                         net (fo=2, routed)           0.954     2.383    u_scorer0/u_ray_march/p_0_in[9]
    SLICE_X30Y57         LUT6 (Prop_lut6_I2_O)        0.124     2.507 f  u_scorer0/u_ray_march/running_i_4/O
                         net (fo=60, routed)          0.712     3.219    u_scorer0/u_ray_march/running_i_4_n_0
    SLICE_X29Y61         LUT3 (Prop_lut3_I1_O)        0.124     3.343 r  u_scorer0/u_ray_march/x[0]_i_360/O
                         net (fo=118, routed)         1.173     4.516    u_scorer0/u_ray_march/x[0]_i_360_n_0
    SLICE_X13Y62         LUT6 (Prop_lut6_I3_O)        0.124     4.640 f  u_scorer0/u_ray_march/x[0]_i_994/O
                         net (fo=5, routed)           0.973     5.613    u_scorer0/u_ray_march/x[0]_i_994_n_0
    SLICE_X8Y65          LUT6 (Prop_lut6_I0_O)        0.124     5.737 f  u_scorer0/u_ray_march/x[0]_i_1062/O
                         net (fo=1, routed)           0.817     6.554    u_scorer0/u_ray_march/x[0]_i_1062_n_0
    SLICE_X10Y65         LUT6 (Prop_lut6_I1_O)        0.124     6.678 f  u_scorer0/u_ray_march/x[0]_i_685/O
                         net (fo=1, routed)           0.000     6.678    u_scorer0/u_ray_march/x[0]_i_685_n_0
    SLICE_X10Y65         MUXF7 (Prop_muxf7_I0_O)      0.209     6.887 f  u_scorer0/u_ray_march/x_reg[0]_i_296/O
                         net (fo=1, routed)           0.469     7.356    u_scorer0/u_ray_march/x_reg[0]_i_296_n_0
    SLICE_X10Y65         LUT3 (Prop_lut3_I2_O)        0.297     7.653 f  u_scorer0/u_ray_march/x[0]_i_120/O
                         net (fo=1, routed)           0.705     8.359    u_scorer0/u_ray_march/x[0]_i_120_n_0
    SLICE_X13Y61         LUT5 (Prop_lut5_I4_O)        0.124     8.483 f  u_scorer0/u_ray_march/x[0]_i_54/O
                         net (fo=1, routed)           0.966     9.448    u_scorer0/u_ray_march/x[0]_i_54_n_0
    SLICE_X14Y57         LUT6 (Prop_lut6_I5_O)        0.124     9.572 f  u_scorer0/u_ray_march/x[0]_i_29/O
                         net (fo=3, routed)           0.427     9.999    u_scorer0/u_ray_march/x[0]_i_29_n_0
    SLICE_X15Y56         LUT6 (Prop_lut6_I1_O)        0.124    10.123 r  u_scorer0/u_ray_march/x[0]_i_14/O
                         net (fo=56, routed)          1.461    11.584    u_scorer0/u_ray_march/x[0]_i_14_n_0
    SLICE_X28Y53         LUT6 (Prop_lut6_I3_O)        0.124    11.708 r  u_scorer0/u_ray_march/x[0]_i_3/O
                         net (fo=1, routed)           0.472    12.180    u_scorer0/u_ray_march/x[0]_i_3_n_0
    SLICE_X29Y55         CARRY4 (Prop_carry4_DI[3]_CO[3])
                                                      0.385    12.565 r  u_scorer0/u_ray_march/x_reg[0]_i_2/CO[3]
                         net (fo=1, routed)           0.000    12.565    u_scorer0/u_ray_march/x_reg[0]_i_2_n_0
    SLICE_X29Y56         CARRY4 (Prop_carry4_CI_CO[3])
                                                      0.114    12.679 r  u_scorer0/u_ray_march/x_reg[4]_i_1/CO[3]
                         net (fo=1, routed)           0.000    12.679    u_scorer0/u_ray_march/x_reg[4]_i_1_n_0
    SLICE_X29Y57         CARRY4 (Prop_carry4_CI_O[0])
                                                      0.235    12.914 r  u_scorer0/u_ray_march/x_reg[8]_i_1/O[0]
                         net (fo=3, routed)           0.622    13.537    u_scorer0/u_ray_march/x_reg[8]_i_1_n_7
    SLICE_X31Y57         FDCE                                         r  u_scorer0/u_ray_march/x_reg[8]_rep/D
  -------------------------------------------------------------------    -------------------

                         (clock clk rise edge)       10.000    10.000 r  
                                                      0.000    10.000 r  clk (IN)
                         net (fo=3345, unset)         0.924    10.924    u_scorer0/u_ray_march/clk
    SLICE_X31Y57         FDCE                                         r  u_scorer0/u_ray_march/x_reg[8]_rep/C
                         clock pessimism              0.000    10.924    
                         clock uncertainty           -0.035    10.889    
    SLICE_X31Y57         FDCE (Setup_fdce_C_D)       -0.229    10.660    u_scorer0/u_ray_march/x_reg[8]_rep
  -------------------------------------------------------------------
                         required time                         10.660    
                         arrival time                         -13.537    
  -------------------------------------------------------------------
                         slack                                 -2.877    




