Copyright 1986-2022 Xilinx, Inc. All Rights Reserved. Copyright 2022-2024 Advanced Micro Devices, Inc. All Rights Reserved.
---------------------------------------------------------------------------------------------------------------------------------------------
| Tool Version : Vivado v.2024.1 (win64) Build 5076996 Wed May 22 18:37:14 MDT 2024
| Date         : Wed Sep  2 01:59:10 2026
| Host         : BOOK-S5JNKNEIOB running 64-bit major release  (build 9200)
| Command      : report_timing -delay_type max -max_paths 5 -file timing_v3_worstpath.rpt
| Design       : particle_scorer
| Device       : 7a35ti-csg324
| Speed File   : -1L  PRODUCTION 1.23 2018-06-13
| Design State : Synthesized
---------------------------------------------------------------------------------------------------------------------------------------------

Timing Report

Slack (VIOLATED) :        -2.594ns  (required time - arrival time)
  Source:                 u_ray_march/y_reg[13]/C
                            (rising edge-triggered cell FDCE clocked by clk  {rise@0.000ns fall@5.000ns period=10.000ns})
  Destination:            u_ray_march/x_reg[9]_rep/D
                            (rising edge-triggered cell FDCE clocked by clk  {rise@0.000ns fall@5.000ns period=10.000ns})
  Path Group:             clk
  Path Type:              Setup (Max at Slow Process Corner)
  Requirement:            10.000ns  (clk rise@10.000ns - clk rise@0.000ns)
  Data Path Delay:        12.168ns  (logic 2.722ns (22.370%)  route 9.446ns (77.630%))
  Logic Levels:           12  (CARRY4=2 LUT5=1 LUT6=9)
  Clock Path Skew:        -0.145ns (DCD - SCD + CPR)
    Destination Clock Delay (DCD):    2.129ns = ( 12.129 - 10.000 ) 
    Source Clock Delay      (SCD):    2.453ns
    Clock Pessimism Removal (CPR):    0.179ns
  Clock Uncertainty:      0.035ns  ((TSJ^2 + TIJ^2)^1/2 + DJ) / 2 + PE
    Total System Jitter     (TSJ):    0.071ns
    Total Input Jitter      (TIJ):    0.000ns
    Discrete Jitter          (DJ):    0.000ns
    Phase Error              (PE):    0.000ns

    Location             Delay type                Incr(ns)  Path(ns)    Netlist Resource(s)
  -------------------------------------------------------------------    -------------------
                         (clock clk rise edge)        0.000     0.000 r  
                                                      0.000     0.000 r  clk (IN)
                         net (fo=0)                   0.000     0.000    clk
                         IBUF (Prop_ibuf_I_O)         0.973     0.973 r  clk_IBUF_inst/O
                         net (fo=1, unplaced)         0.800     1.773    clk_IBUF
                         BUFG (Prop_bufg_I_O)         0.096     1.869 r  clk_IBUF_BUFG_inst/O
                         net (fo=292, unplaced)       0.584     2.453    u_ray_march/clk_IBUF_BUFG
                         FDCE                                         r  u_ray_march/y_reg[13]/C
  -------------------------------------------------------------------    -------------------
                         FDCE (Prop_fdce_C_Q)         0.456     2.909 r  u_ray_march/y_reg[13]/Q
                         net (fo=6, unplaced)         0.997     3.906    u_ray_march/y_reg[13]
                         LUT6 (Prop_lut6_I0_O)        0.295     4.201 r  u_ray_march/running_i_5/O
                         net (fo=60, unplaced)        0.536     4.737    u_ray_march/running_i_5_n_0
                         LUT6 (Prop_lut6_I5_O)        0.124     4.861 r  u_ray_march/running_i_3/O
                         net (fo=371, unplaced)       1.035     5.896    u_ray_march/running_i_3_n_0
                         LUT6 (Prop_lut6_I1_O)        0.124     6.020 r  u_ray_march/x[0]_i_958/O
                         net (fo=3, unplaced)         0.920     6.940    u_ray_march/x[0]_i_958_n_0
                         LUT6 (Prop_lut6_I0_O)        0.124     7.064 r  u_ray_march/x[0]_i_539/O
                         net (fo=1, unplaced)         0.419     7.483    u_ray_march/x[0]_i_539_n_0
                         LUT5 (Prop_lut5_I2_O)        0.124     7.607 r  u_ray_march/x[0]_i_233/O
                         net (fo=1, unplaced)         0.902     8.509    u_ray_march/x[0]_i_233_n_0
                         LUT6 (Prop_lut6_I1_O)        0.124     8.633 r  u_ray_march/x[0]_i_99/O
                         net (fo=1, unplaced)         0.902     9.535    u_ray_march/x[0]_i_99_n_0
                         LUT6 (Prop_lut6_I1_O)        0.124     9.659 r  u_ray_march/x[0]_i_49/O
                         net (fo=1, unplaced)         0.902    10.561    u_ray_march/x[0]_i_49_n_0
                         LUT6 (Prop_lut6_I3_O)        0.124    10.685 r  u_ray_march/x[0]_i_28/O
                         net (fo=1, unplaced)         0.449    11.134    u_ray_march/x[0]_i_28_n_0
                         LUT6 (Prop_lut6_I5_O)        0.124    11.258 r  u_ray_march/x[0]_i_12/O
                         net (fo=56, unplaced)        1.196    12.454    u_ray_march/x[0]_i_12_n_0
                         LUT6 (Prop_lut6_I2_O)        0.124    12.578 r  u_ray_march/x[4]_i_4/O
                         net (fo=1, unplaced)         0.639    13.217    u_ray_march/x[4]_i_4_n_0
                         CARRY4 (Prop_carry4_DI[1]_CO[3])
                                                      0.507    13.724 r  u_ray_march/x_reg[4]_i_1/CO[3]
                         net (fo=1, unplaced)         0.000    13.724    u_ray_march/x_reg[4]_i_1_n_0
                         CARRY4 (Prop_carry4_CI_O[1])
                                                      0.348    14.072 r  u_ray_march/x_reg[8]_i_1/O[1]
                         net (fo=4, unplaced)         0.549    14.621    u_ray_march/x_reg[8]_i_1_n_6
                         FDCE                                         r  u_ray_march/x_reg[9]_rep/D
  -------------------------------------------------------------------    -------------------

                         (clock clk rise edge)       10.000    10.000 r  
                                                      0.000    10.000 r  clk (IN)
                         net (fo=0)                   0.000    10.000    clk
                         IBUF (Prop_ibuf_I_O)         0.840    10.840 r  clk_IBUF_inst/O
                         net (fo=1, unplaced)         0.760    11.599    clk_IBUF
                         BUFG (Prop_bufg_I_O)         0.091    11.690 r  clk_IBUF_BUFG_inst/O
                         net (fo=292, unplaced)       0.439    12.129    u_ray_march/clk_IBUF_BUFG
                         FDCE                                         r  u_ray_march/x_reg[9]_rep/C
                         clock pessimism              0.179    12.308    
                         clock uncertainty           -0.035    12.273    
                         FDCE (Setup_fdce_C_D)       -0.246    12.027    u_ray_march/x_reg[9]_rep
  -------------------------------------------------------------------
                         required time                         12.027    
                         arrival time                         -14.621    
  -------------------------------------------------------------------
                         slack                                 -2.594    

Slack (VIOLATED) :        -2.594ns  (required time - arrival time)
  Source:                 u_ray_march/y_reg[13]/C
                            (rising edge-triggered cell FDCE clocked by clk  {rise@0.000ns fall@5.000ns period=10.000ns})
  Destination:            u_ray_march/x_reg[9]_rep__0/D
                            (rising edge-triggered cell FDCE clocked by clk  {rise@0.000ns fall@5.000ns period=10.000ns})
  Path Group:             clk
  Path Type:              Setup (Max at Slow Process Corner)
  Requirement:            10.000ns  (clk rise@10.000ns - clk rise@0.000ns)
  Data Path Delay:        12.168ns  (logic 2.722ns (22.370%)  route 9.446ns (77.630%))
  Logic Levels:           12  (CARRY4=2 LUT5=1 LUT6=9)
  Clock Path Skew:        -0.145ns (DCD - SCD + CPR)
    Destination Clock Delay (DCD):    2.129ns = ( 12.129 - 10.000 ) 
    Source Clock Delay      (SCD):    2.453ns
    Clock Pessimism Removal (CPR):    0.179ns
  Clock Uncertainty:      0.035ns  ((TSJ^2 + TIJ^2)^1/2 + DJ) / 2 + PE
    Total System Jitter     (TSJ):    0.071ns
    Total Input Jitter      (TIJ):    0.000ns
    Discrete Jitter          (DJ):    0.000ns
    Phase Error              (PE):    0.000ns

    Location             Delay type                Incr(ns)  Path(ns)    Netlist Resource(s)
  -------------------------------------------------------------------    -------------------
                         (clock clk rise edge)        0.000     0.000 r  
                                                      0.000     0.000 r  clk (IN)
                         net (fo=0)                   0.000     0.000    clk
                         IBUF (Prop_ibuf_I_O)         0.973     0.973 r  clk_IBUF_inst/O
                         net (fo=1, unplaced)         0.800     1.773    clk_IBUF
                         BUFG (Prop_bufg_I_O)         0.096     1.869 r  clk_IBUF_BUFG_inst/O
                         net (fo=292, unplaced)       0.584     2.453    u_ray_march/clk_IBUF_BUFG
                         FDCE                                         r  u_ray_march/y_reg[13]/C
  -------------------------------------------------------------------    -------------------
                         FDCE (Prop_fdce_C_Q)         0.456     2.909 r  u_ray_march/y_reg[13]/Q
                         net (fo=6, unplaced)         0.997     3.906    u_ray_march/y_reg[13]
                         LUT6 (Prop_lut6_I0_O)        0.295     4.201 r  u_ray_march/running_i_5/O
                         net (fo=60, unplaced)        0.536     4.737    u_ray_march/running_i_5_n_0
                         LUT6 (Prop_lut6_I5_O)        0.124     4.861 r  u_ray_march/running_i_3/O
                         net (fo=371, unplaced)       1.035     5.896    u_ray_march/running_i_3_n_0
                         LUT6 (Prop_lut6_I1_O)        0.124     6.020 r  u_ray_march/x[0]_i_958/O
                         net (fo=3, unplaced)         0.920     6.940    u_ray_march/x[0]_i_958_n_0
                         LUT6 (Prop_lut6_I0_O)        0.124     7.064 r  u_ray_march/x[0]_i_539/O
                         net (fo=1, unplaced)         0.419     7.483    u_ray_march/x[0]_i_539_n_0
                         LUT5 (Prop_lut5_I2_O)        0.124     7.607 r  u_ray_march/x[0]_i_233/O
                         net (fo=1, unplaced)         0.902     8.509    u_ray_march/x[0]_i_233_n_0
                         LUT6 (Prop_lut6_I1_O)        0.124     8.633 r  u_ray_march/x[0]_i_99/O
                         net (fo=1, unplaced)         0.902     9.535    u_ray_march/x[0]_i_99_n_0
                         LUT6 (Prop_lut6_I1_O)        0.124     9.659 r  u_ray_march/x[0]_i_49/O
                         net (fo=1, unplaced)         0.902    10.561    u_ray_march/x[0]_i_49_n_0
                         LUT6 (Prop_lut6_I3_O)        0.124    10.685 r  u_ray_march/x[0]_i_28/O
                         net (fo=1, unplaced)         0.449    11.134    u_ray_march/x[0]_i_28_n_0
                         LUT6 (Prop_lut6_I5_O)        0.124    11.258 r  u_ray_march/x[0]_i_12/O
                         net (fo=56, unplaced)        1.196    12.454    u_ray_march/x[0]_i_12_n_0
                         LUT6 (Prop_lut6_I2_O)        0.124    12.578 r  u_ray_march/x[4]_i_4/O
                         net (fo=1, unplaced)         0.639    13.217    u_ray_march/x[4]_i_4_n_0
                         CARRY4 (Prop_carry4_DI[1]_CO[3])
                                                      0.507    13.724 r  u_ray_march/x_reg[4]_i_1/CO[3]
                         net (fo=1, unplaced)         0.000    13.724    u_ray_march/x_reg[4]_i_1_n_0
                         CARRY4 (Prop_carry4_CI_O[1])
                                                      0.348    14.072 r  u_ray_march/x_reg[8]_i_1/O[1]
                         net (fo=4, unplaced)         0.549    14.621    u_ray_march/x_reg[8]_i_1_n_6
                         FDCE                                         r  u_ray_march/x_reg[9]_rep__0/D
  -------------------------------------------------------------------    -------------------

                         (clock clk rise edge)       10.000    10.000 r  
                                                      0.000    10.000 r  clk (IN)
                         net (fo=0)                   0.000    10.000    clk
                         IBUF (Prop_ibuf_I_O)         0.840    10.840 r  clk_IBUF_inst/O
                         net (fo=1, unplaced)         0.760    11.599    clk_IBUF
                         BUFG (Prop_bufg_I_O)         0.091    11.690 r  clk_IBUF_BUFG_inst/O
                         net (fo=292, unplaced)       0.439    12.129    u_ray_march/clk_IBUF_BUFG
                         FDCE                                         r  u_ray_march/x_reg[9]_rep__0/C
                         clock pessimism              0.179    12.308    
                         clock uncertainty           -0.035    12.273    
                         FDCE (Setup_fdce_C_D)       -0.246    12.027    u_ray_march/x_reg[9]_rep__0
  -------------------------------------------------------------------
                         required time                         12.027    
                         arrival time                         -14.621    
  -------------------------------------------------------------------
                         slack                                 -2.594    

Slack (VIOLATED) :        -2.594ns  (required time - arrival time)
  Source:                 u_ray_march/y_reg[13]/C
                            (rising edge-triggered cell FDCE clocked by clk  {rise@0.000ns fall@5.000ns period=10.000ns})
  Destination:            u_ray_march/x_reg[9]_rep__1/D
                            (rising edge-triggered cell FDCE clocked by clk  {rise@0.000ns fall@5.000ns period=10.000ns})
  Path Group:             clk
  Path Type:              Setup (Max at Slow Process Corner)
  Requirement:            10.000ns  (clk rise@10.000ns - clk rise@0.000ns)
  Data Path Delay:        12.168ns  (logic 2.722ns (22.370%)  route 9.446ns (77.630%))
  Logic Levels:           12  (CARRY4=2 LUT5=1 LUT6=9)
  Clock Path Skew:        -0.145ns (DCD - SCD + CPR)
    Destination Clock Delay (DCD):    2.129ns = ( 12.129 - 10.000 ) 
    Source Clock Delay      (SCD):    2.453ns
    Clock Pessimism Removal (CPR):    0.179ns
  Clock Uncertainty:      0.035ns  ((TSJ^2 + TIJ^2)^1/2 + DJ) / 2 + PE
    Total System Jitter     (TSJ):    0.071ns
    Total Input Jitter      (TIJ):    0.000ns
    Discrete Jitter          (DJ):    0.000ns
    Phase Error              (PE):    0.000ns

    Location             Delay type                Incr(ns)  Path(ns)    Netlist Resource(s)
  -------------------------------------------------------------------    -------------------
                         (clock clk rise edge)        0.000     0.000 r  
                                                      0.000     0.000 r  clk (IN)
                         net (fo=0)                   0.000     0.000    clk
                         IBUF (Prop_ibuf_I_O)         0.973     0.973 r  clk_IBUF_inst/O
                         net (fo=1, unplaced)         0.800     1.773    clk_IBUF
                         BUFG (Prop_bufg_I_O)         0.096     1.869 r  clk_IBUF_BUFG_inst/O
                         net (fo=292, unplaced)       0.584     2.453    u_ray_march/clk_IBUF_BUFG
                         FDCE                                         r  u_ray_march/y_reg[13]/C
  -------------------------------------------------------------------    -------------------
                         FDCE (Prop_fdce_C_Q)         0.456     2.909 r  u_ray_march/y_reg[13]/Q
                         net (fo=6, unplaced)         0.997     3.906    u_ray_march/y_reg[13]
                         LUT6 (Prop_lut6_I0_O)        0.295     4.201 r  u_ray_march/running_i_5/O
                         net (fo=60, unplaced)        0.536     4.737    u_ray_march/running_i_5_n_0
                         LUT6 (Prop_lut6_I5_O)        0.124     4.861 r  u_ray_march/running_i_3/O
                         net (fo=371, unplaced)       1.035     5.896    u_ray_march/running_i_3_n_0
                         LUT6 (Prop_lut6_I1_O)        0.124     6.020 r  u_ray_march/x[0]_i_958/O
                         net (fo=3, unplaced)         0.920     6.940    u_ray_march/x[0]_i_958_n_0
                         LUT6 (Prop_lut6_I0_O)        0.124     7.064 r  u_ray_march/x[0]_i_539/O
                         net (fo=1, unplaced)         0.419     7.483    u_ray_march/x[0]_i_539_n_0
                         LUT5 (Prop_lut5_I2_O)        0.124     7.607 r  u_ray_march/x[0]_i_233/O
                         net (fo=1, unplaced)         0.902     8.509    u_ray_march/x[0]_i_233_n_0
                         LUT6 (Prop_lut6_I1_O)        0.124     8.633 r  u_ray_march/x[0]_i_99/O
                         net (fo=1, unplaced)         0.902     9.535    u_ray_march/x[0]_i_99_n_0
                         LUT6 (Prop_lut6_I1_O)        0.124     9.659 r  u_ray_march/x[0]_i_49/O
                         net (fo=1, unplaced)         0.902    10.561    u_ray_march/x[0]_i_49_n_0
                         LUT6 (Prop_lut6_I3_O)        0.124    10.685 r  u_ray_march/x[0]_i_28/O
                         net (fo=1, unplaced)         0.449    11.134    u_ray_march/x[0]_i_28_n_0
                         LUT6 (Prop_lut6_I5_O)        0.124    11.258 r  u_ray_march/x[0]_i_12/O
                         net (fo=56, unplaced)        1.196    12.454    u_ray_march/x[0]_i_12_n_0
                         LUT6 (Prop_lut6_I2_O)        0.124    12.578 r  u_ray_march/x[4]_i_4/O
                         net (fo=1, unplaced)         0.639    13.217    u_ray_march/x[4]_i_4_n_0
                         CARRY4 (Prop_carry4_DI[1]_CO[3])
                                                      0.507    13.724 r  u_ray_march/x_reg[4]_i_1/CO[3]
                         net (fo=1, unplaced)         0.000    13.724    u_ray_march/x_reg[4]_i_1_n_0
                         CARRY4 (Prop_carry4_CI_O[1])
                                                      0.348    14.072 r  u_ray_march/x_reg[8]_i_1/O[1]
                         net (fo=4, unplaced)         0.549    14.621    u_ray_march/x_reg[8]_i_1_n_6
                         FDCE                                         r  u_ray_march/x_reg[9]_rep__1/D
  -------------------------------------------------------------------    -------------------

                         (clock clk rise edge)       10.000    10.000 r  
                                                      0.000    10.000 r  clk (IN)
                         net (fo=0)                   0.000    10.000    clk
                         IBUF (Prop_ibuf_I_O)         0.840    10.840 r  clk_IBUF_inst/O
                         net (fo=1, unplaced)         0.760    11.599    clk_IBUF
                         BUFG (Prop_bufg_I_O)         0.091    11.690 r  clk_IBUF_BUFG_inst/O
                         net (fo=292, unplaced)       0.439    12.129    u_ray_march/clk_IBUF_BUFG
                         FDCE                                         r  u_ray_march/x_reg[9]_rep__1/C
                         clock pessimism              0.179    12.308    
                         clock uncertainty           -0.035    12.273    
                         FDCE (Setup_fdce_C_D)       -0.246    12.027    u_ray_march/x_reg[9]_rep__1
  -------------------------------------------------------------------
                         required time                         12.027    
                         arrival time                         -14.621    
  -------------------------------------------------------------------
                         slack                                 -2.594    

Slack (VIOLATED) :        -2.273ns  (required time - arrival time)
  Source:                 u_ray_march/y_reg[13]/C
                            (rising edge-triggered cell FDCE clocked by clk  {rise@0.000ns fall@5.000ns period=10.000ns})
  Destination:            u_ray_march/x_reg[8]_rep/D
                            (rising edge-triggered cell FDCE clocked by clk  {rise@0.000ns fall@5.000ns period=10.000ns})
  Path Group:             clk
  Path Type:              Setup (Max at Slow Process Corner)
  Requirement:            10.000ns  (clk rise@10.000ns - clk rise@0.000ns)
  Data Path Delay:        11.858ns  (logic 2.609ns (22.002%)  route 9.249ns (77.998%))
  Logic Levels:           12  (CARRY4=2 LUT5=1 LUT6=9)
  Clock Path Skew:        -0.145ns (DCD - SCD + CPR)
    Destination Clock Delay (DCD):    2.129ns = ( 12.129 - 10.000 ) 
    Source Clock Delay      (SCD):    2.453ns
    Clock Pessimism Removal (CPR):    0.179ns
  Clock Uncertainty:      0.035ns  ((TSJ^2 + TIJ^2)^1/2 + DJ) / 2 + PE
    Total System Jitter     (TSJ):    0.071ns
    Total Input Jitter      (TIJ):    0.000ns
    Discrete Jitter          (DJ):    0.000ns
    Phase Error              (PE):    0.000ns

    Location             Delay type                Incr(ns)  Path(ns)    Netlist Resource(s)
  -------------------------------------------------------------------    -------------------
                         (clock clk rise edge)        0.000     0.000 r  
                                                      0.000     0.000 r  clk (IN)
                         net (fo=0)                   0.000     0.000    clk
                         IBUF (Prop_ibuf_I_O)         0.973     0.973 r  clk_IBUF_inst/O
                         net (fo=1, unplaced)         0.800     1.773    clk_IBUF
                         BUFG (Prop_bufg_I_O)         0.096     1.869 r  clk_IBUF_BUFG_inst/O
                         net (fo=292, unplaced)       0.584     2.453    u_ray_march/clk_IBUF_BUFG
                         FDCE                                         r  u_ray_march/y_reg[13]/C
  -------------------------------------------------------------------    -------------------
                         FDCE (Prop_fdce_C_Q)         0.456     2.909 r  u_ray_march/y_reg[13]/Q
                         net (fo=6, unplaced)         0.997     3.906    u_ray_march/y_reg[13]
                         LUT6 (Prop_lut6_I0_O)        0.295     4.201 r  u_ray_march/running_i_5/O
                         net (fo=60, unplaced)        0.536     4.737    u_ray_march/running_i_5_n_0
                         LUT6 (Prop_lut6_I5_O)        0.124     4.861 r  u_ray_march/running_i_3/O
                         net (fo=371, unplaced)       1.035     5.896    u_ray_march/running_i_3_n_0
                         LUT6 (Prop_lut6_I1_O)        0.124     6.020 r  u_ray_march/x[0]_i_958/O
                         net (fo=3, unplaced)         0.920     6.940    u_ray_march/x[0]_i_958_n_0
                         LUT6 (Prop_lut6_I0_O)        0.124     7.064 r  u_ray_march/x[0]_i_539/O
                         net (fo=1, unplaced)         0.419     7.483    u_ray_march/x[0]_i_539_n_0
                         LUT5 (Prop_lut5_I2_O)        0.124     7.607 r  u_ray_march/x[0]_i_233/O
                         net (fo=1, unplaced)         0.902     8.509    u_ray_march/x[0]_i_233_n_0
                         LUT6 (Prop_lut6_I1_O)        0.124     8.633 r  u_ray_march/x[0]_i_99/O
                         net (fo=1, unplaced)         0.902     9.535    u_ray_march/x[0]_i_99_n_0
                         LUT6 (Prop_lut6_I1_O)        0.124     9.659 r  u_ray_march/x[0]_i_49/O
                         net (fo=1, unplaced)         0.902    10.561    u_ray_march/x[0]_i_49_n_0
                         LUT6 (Prop_lut6_I3_O)        0.124    10.685 r  u_ray_march/x[0]_i_28/O
                         net (fo=1, unplaced)         0.449    11.134    u_ray_march/x[0]_i_28_n_0
                         LUT6 (Prop_lut6_I5_O)        0.124    11.258 r  u_ray_march/x[0]_i_12/O
                         net (fo=56, unplaced)        1.196    12.454    u_ray_march/x[0]_i_12_n_0
                         LUT6 (Prop_lut6_I2_O)        0.124    12.578 r  u_ray_march/x[4]_i_4/O
                         net (fo=1, unplaced)         0.639    13.217    u_ray_march/x[4]_i_4_n_0
                         CARRY4 (Prop_carry4_DI[1]_CO[3])
                                                      0.507    13.724 r  u_ray_march/x_reg[4]_i_1/CO[3]
                         net (fo=1, unplaced)         0.000    13.724    u_ray_march/x_reg[4]_i_1_n_0
                         CARRY4 (Prop_carry4_CI_O[0])
                                                      0.235    13.959 r  u_ray_march/x_reg[8]_i_1/O[0]
                         net (fo=3, unplaced)         0.352    14.311    u_ray_march/x_reg[8]_i_1_n_7
                         FDCE                                         r  u_ray_march/x_reg[8]_rep/D
  -------------------------------------------------------------------    -------------------

                         (clock clk rise edge)       10.000    10.000 r  
                                                      0.000    10.000 r  clk (IN)
                         net (fo=0)                   0.000    10.000    clk
                         IBUF (Prop_ibuf_I_O)         0.840    10.840 r  clk_IBUF_inst/O
                         net (fo=1, unplaced)         0.760    11.599    clk_IBUF
                         BUFG (Prop_bufg_I_O)         0.091    11.690 r  clk_IBUF_BUFG_inst/O
                         net (fo=292, unplaced)       0.439    12.129    u_ray_march/clk_IBUF_BUFG
                         FDCE                                         r  u_ray_march/x_reg[8]_rep/C
                         clock pessimism              0.179    12.308    
                         clock uncertainty           -0.035    12.273    
                         FDCE (Setup_fdce_C_D)       -0.235    12.038    u_ray_march/x_reg[8]_rep
  -------------------------------------------------------------------
                         required time                         12.038    
                         arrival time                         -14.311    
  -------------------------------------------------------------------
                         slack                                 -2.273    

Slack (VIOLATED) :        -2.273ns  (required time - arrival time)
  Source:                 u_ray_march/y_reg[13]/C
                            (rising edge-triggered cell FDCE clocked by clk  {rise@0.000ns fall@5.000ns period=10.000ns})
  Destination:            u_ray_march/x_reg[8]_rep__0/D
                            (rising edge-triggered cell FDCE clocked by clk  {rise@0.000ns fall@5.000ns period=10.000ns})
  Path Group:             clk
  Path Type:              Setup (Max at Slow Process Corner)
  Requirement:            10.000ns  (clk rise@10.000ns - clk rise@0.000ns)
  Data Path Delay:        11.858ns  (logic 2.609ns (22.002%)  route 9.249ns (77.998%))
  Logic Levels:           12  (CARRY4=2 LUT5=1 LUT6=9)
  Clock Path Skew:        -0.145ns (DCD - SCD + CPR)
    Destination Clock Delay (DCD):    2.129ns = ( 12.129 - 10.000 ) 
    Source Clock Delay      (SCD):    2.453ns
    Clock Pessimism Removal (CPR):    0.179ns
  Clock Uncertainty:      0.035ns  ((TSJ^2 + TIJ^2)^1/2 + DJ) / 2 + PE
    Total System Jitter     (TSJ):    0.071ns
    Total Input Jitter      (TIJ):    0.000ns
    Discrete Jitter          (DJ):    0.000ns
    Phase Error              (PE):    0.000ns

    Location             Delay type                Incr(ns)  Path(ns)    Netlist Resource(s)
  -------------------------------------------------------------------    -------------------
                         (clock clk rise edge)        0.000     0.000 r  
                                                      0.000     0.000 r  clk (IN)
                         net (fo=0)                   0.000     0.000    clk
                         IBUF (Prop_ibuf_I_O)         0.973     0.973 r  clk_IBUF_inst/O
                         net (fo=1, unplaced)         0.800     1.773    clk_IBUF
                         BUFG (Prop_bufg_I_O)         0.096     1.869 r  clk_IBUF_BUFG_inst/O
                         net (fo=292, unplaced)       0.584     2.453    u_ray_march/clk_IBUF_BUFG
                         FDCE                                         r  u_ray_march/y_reg[13]/C
  -------------------------------------------------------------------    -------------------
                         FDCE (Prop_fdce_C_Q)         0.456     2.909 r  u_ray_march/y_reg[13]/Q
                         net (fo=6, unplaced)         0.997     3.906    u_ray_march/y_reg[13]
                         LUT6 (Prop_lut6_I0_O)        0.295     4.201 r  u_ray_march/running_i_5/O
                         net (fo=60, unplaced)        0.536     4.737    u_ray_march/running_i_5_n_0
                         LUT6 (Prop_lut6_I5_O)        0.124     4.861 r  u_ray_march/running_i_3/O
                         net (fo=371, unplaced)       1.035     5.896    u_ray_march/running_i_3_n_0
                         LUT6 (Prop_lut6_I1_O)        0.124     6.020 r  u_ray_march/x[0]_i_958/O
                         net (fo=3, unplaced)         0.920     6.940    u_ray_march/x[0]_i_958_n_0
                         LUT6 (Prop_lut6_I0_O)        0.124     7.064 r  u_ray_march/x[0]_i_539/O
                         net (fo=1, unplaced)         0.419     7.483    u_ray_march/x[0]_i_539_n_0
                         LUT5 (Prop_lut5_I2_O)        0.124     7.607 r  u_ray_march/x[0]_i_233/O
                         net (fo=1, unplaced)         0.902     8.509    u_ray_march/x[0]_i_233_n_0
                         LUT6 (Prop_lut6_I1_O)        0.124     8.633 r  u_ray_march/x[0]_i_99/O
                         net (fo=1, unplaced)         0.902     9.535    u_ray_march/x[0]_i_99_n_0
                         LUT6 (Prop_lut6_I1_O)        0.124     9.659 r  u_ray_march/x[0]_i_49/O
                         net (fo=1, unplaced)         0.902    10.561    u_ray_march/x[0]_i_49_n_0
                         LUT6 (Prop_lut6_I3_O)        0.124    10.685 r  u_ray_march/x[0]_i_28/O
                         net (fo=1, unplaced)         0.449    11.134    u_ray_march/x[0]_i_28_n_0
                         LUT6 (Prop_lut6_I5_O)        0.124    11.258 r  u_ray_march/x[0]_i_12/O
                         net (fo=56, unplaced)        1.196    12.454    u_ray_march/x[0]_i_12_n_0
                         LUT6 (Prop_lut6_I2_O)        0.124    12.578 r  u_ray_march/x[4]_i_4/O
                         net (fo=1, unplaced)         0.639    13.217    u_ray_march/x[4]_i_4_n_0
                         CARRY4 (Prop_carry4_DI[1]_CO[3])
                                                      0.507    13.724 r  u_ray_march/x_reg[4]_i_1/CO[3]
                         net (fo=1, unplaced)         0.000    13.724    u_ray_march/x_reg[4]_i_1_n_0
                         CARRY4 (Prop_carry4_CI_O[0])
                                                      0.235    13.959 r  u_ray_march/x_reg[8]_i_1/O[0]
                         net (fo=3, unplaced)         0.352    14.311    u_ray_march/x_reg[8]_i_1_n_7
                         FDCE                                         r  u_ray_march/x_reg[8]_rep__0/D
  -------------------------------------------------------------------    -------------------

                         (clock clk rise edge)       10.000    10.000 r  
                                                      0.000    10.000 r  clk (IN)
                         net (fo=0)                   0.000    10.000    clk
                         IBUF (Prop_ibuf_I_O)         0.840    10.840 r  clk_IBUF_inst/O
                         net (fo=1, unplaced)         0.760    11.599    clk_IBUF
                         BUFG (Prop_bufg_I_O)         0.091    11.690 r  clk_IBUF_BUFG_inst/O
                         net (fo=292, unplaced)       0.439    12.129    u_ray_march/clk_IBUF_BUFG
                         FDCE                                         r  u_ray_march/x_reg[8]_rep__0/C
                         clock pessimism              0.179    12.308    
                         clock uncertainty           -0.035    12.273    
                         FDCE (Setup_fdce_C_D)       -0.235    12.038    u_ray_march/x_reg[8]_rep__0
  -------------------------------------------------------------------
                         required time                         12.038    
                         arrival time                         -14.311    
  -------------------------------------------------------------------
                         slack                                 -2.273    




