Copyright 1986-2022 Xilinx, Inc. All Rights Reserved. Copyright 2022-2024 Advanced Micro Devices, Inc. All Rights Reserved.
---------------------------------------------------------------------------------------------------------------------------------------------
| Tool Version : Vivado v.2024.1 (win64) Build 5076996 Wed May 22 18:37:14 MDT 2024
| Date         : Wed Sep  2 03:11:44 2026
| Host         : BOOK-S5JNKNEIOB running 64-bit major release  (build 9200)
| Command      : report_timing -delay_type max -max_paths 5 -file timing_v3_postroute_worstpath.rpt
| Design       : particle_scorer
| Device       : 7a35ti-csg324
| Speed File   : -1L  PRODUCTION 1.23 2018-06-13
| Design State : Routed
---------------------------------------------------------------------------------------------------------------------------------------------

Timing Report

Slack (VIOLATED) :        -2.370ns  (required time - arrival time)
  Source:                 u_ray_march/y_reg[13]/C
                            (rising edge-triggered cell FDCE clocked by clk  {rise@0.000ns fall@5.000ns period=10.000ns})
  Destination:            u_ray_march/x_reg[9]/D
                            (rising edge-triggered cell FDCE clocked by clk  {rise@0.000ns fall@5.000ns period=10.000ns})
  Path Group:             clk
  Path Type:              Setup (Max at Slow Process Corner)
  Requirement:            10.000ns  (clk rise@10.000ns - clk rise@0.000ns)
  Data Path Delay:        12.088ns  (logic 3.203ns (26.497%)  route 8.885ns (73.503%))
  Logic Levels:           13  (CARRY4=2 LUT3=1 LUT6=8 MUXF7=2)
  Clock Path Skew:        -0.024ns (DCD - SCD + CPR)
    Destination Clock Delay (DCD):    4.298ns = ( 14.298 - 10.000 ) 
    Source Clock Delay      (SCD):    4.657ns
    Clock Pessimism Removal (CPR):    0.335ns
  Clock Uncertainty:      0.035ns  ((TSJ^2 + TIJ^2)^1/2 + DJ) / 2 + PE
    Total System Jitter     (TSJ):    0.071ns
    Total Input Jitter      (TIJ):    0.000ns
    Discrete Jitter          (DJ):    0.000ns
    Phase Error              (PE):    0.000ns

    Location             Delay type                Incr(ns)  Path(ns)    Netlist Resource(s)
  -------------------------------------------------------------------    -------------------
                         (clock clk rise edge)        0.000     0.000 r  
    N15                                               0.000     0.000 r  clk (IN)
                         net (fo=0)                   0.000     0.000    clk
    N15                  IBUF (Prop_ibuf_I_O)         0.962     0.962 r  clk_IBUF_inst/O
                         net (fo=1, routed)           1.972     2.933    clk_IBUF
    BUFGCTRL_X0Y0        BUFG (Prop_bufg_I_O)         0.096     3.029 r  clk_IBUF_BUFG_inst/O
                         net (fo=294, routed)         1.627     4.657    u_ray_march/clk_IBUF_BUFG
    SLICE_X5Y16          FDCE                                         r  u_ray_march/y_reg[13]/C
  -------------------------------------------------------------------    -------------------
    SLICE_X5Y16          FDCE (Prop_fdce_C_Q)         0.456     5.113 f  u_ray_march/y_reg[13]/Q
                         net (fo=6, routed)           0.823     5.936    u_ray_march/y_reg[13]
    SLICE_X4Y17          LUT6 (Prop_lut6_I0_O)        0.124     6.060 f  u_ray_march/running_i_5/O
                         net (fo=60, routed)          0.744     6.804    u_ray_march/running_i_5_n_0
    SLICE_X5Y19          LUT3 (Prop_lut3_I1_O)        0.124     6.928 r  u_ray_march/x[0]_i_469/O
                         net (fo=125, routed)         1.772     8.700    u_ray_march/x[0]_i_469_n_0
    SLICE_X8Y28          LUT6 (Prop_lut6_I0_O)        0.124     8.824 r  u_ray_march/x[0]_i_923/O
                         net (fo=1, routed)           0.810     9.634    u_ray_march/x[0]_i_923_n_0
    SLICE_X8Y29          LUT6 (Prop_lut6_I1_O)        0.124     9.758 r  u_ray_march/x[0]_i_502/O
                         net (fo=1, routed)           0.663    10.421    u_ray_march/x[0]_i_502_n_0
    SLICE_X8Y29          LUT6 (Prop_lut6_I1_O)        0.124    10.545 r  u_ray_march/x[0]_i_217/O
                         net (fo=1, routed)           0.000    10.545    u_ray_march/x[0]_i_217_n_0
    SLICE_X8Y29          MUXF7 (Prop_muxf7_I1_O)      0.214    10.759 r  u_ray_march/x_reg[0]_i_93/O
                         net (fo=1, routed)           0.782    11.541    u_ray_march/x_reg[0]_i_93_n_0
    SLICE_X6Y25          LUT6 (Prop_lut6_I5_O)        0.297    11.838 r  u_ray_march/x[0]_i_47/O
                         net (fo=2, routed)           0.000    11.838    u_ray_march/x[0]_i_47_n_0
    SLICE_X6Y25          MUXF7 (Prop_muxf7_I1_O)      0.214    12.052 r  u_ray_march/x_reg[0]_i_63/O
                         net (fo=1, routed)           1.039    13.092    u_ray_march/x_reg[0]_i_63_n_0
    SLICE_X4Y10          LUT6 (Prop_lut6_I3_O)        0.297    13.389 r  u_ray_march/x[0]_i_34/O
                         net (fo=32, routed)          0.668    14.056    u_ray_march/x[0]_i_34_n_0
    SLICE_X6Y11          LUT6 (Prop_lut6_I4_O)        0.124    14.180 r  u_ray_march/x[4]_i_13/O
                         net (fo=4, routed)           0.417    14.597    u_ray_march/x[4]_i_13_n_0
    SLICE_X7Y11          LUT6 (Prop_lut6_I5_O)        0.124    14.721 r  u_ray_march/x[4]_i_4/O
                         net (fo=1, routed)           0.817    15.538    u_ray_march/x[4]_i_4_n_0
    SLICE_X6Y14          CARRY4 (Prop_carry4_DI[1]_CO[3])
                                                      0.520    16.058 r  u_ray_march/x_reg[4]_i_1/CO[3]
                         net (fo=1, routed)           0.000    16.058    u_ray_march/x_reg[4]_i_1_n_0
    SLICE_X6Y15          CARRY4 (Prop_carry4_CI_O[1])
                                                      0.337    16.395 r  u_ray_march/x_reg[8]_i_1/O[1]
                         net (fo=4, routed)           0.349    16.745    u_ray_march/x_reg[8]_i_1_n_6
    SLICE_X7Y16          FDCE                                         r  u_ray_march/x_reg[9]/D
  -------------------------------------------------------------------    -------------------

                         (clock clk rise edge)       10.000    10.000 r  
    N15                                               0.000    10.000 r  clk (IN)
                         net (fo=0)                   0.000    10.000    clk
    N15                  IBUF (Prop_ibuf_I_O)         0.828    10.828 r  clk_IBUF_inst/O
                         net (fo=1, routed)           1.868    12.696    clk_IBUF
    BUFGCTRL_X0Y0        BUFG (Prop_bufg_I_O)         0.091    12.787 r  clk_IBUF_BUFG_inst/O
                         net (fo=294, routed)         1.510    14.298    u_ray_march/clk_IBUF_BUFG
    SLICE_X7Y16          FDCE                                         r  u_ray_march/x_reg[9]/C
                         clock pessimism              0.335    14.633    
                         clock uncertainty           -0.035    14.597    
    SLICE_X7Y16          FDCE (Setup_fdce_C_D)       -0.222    14.375    u_ray_march/x_reg[9]
  -------------------------------------------------------------------
                         required time                         14.375    
                         arrival time                         -16.745    
  -------------------------------------------------------------------
                         slack                                 -2.370    

Slack (VIOLATED) :        -2.272ns  (required time - arrival time)
  Source:                 u_ray_march/y_reg[13]/C
                            (rising edge-triggered cell FDCE clocked by clk  {rise@0.000ns fall@5.000ns period=10.000ns})
  Destination:            u_ray_march/y_reg[8]_rep__0/D
                            (rising edge-triggered cell FDCE clocked by clk  {rise@0.000ns fall@5.000ns period=10.000ns})
  Path Group:             clk
  Path Type:              Setup (Max at Slow Process Corner)
  Requirement:            10.000ns  (clk rise@10.000ns - clk rise@0.000ns)
  Data Path Delay:        11.970ns  (logic 2.979ns (24.887%)  route 8.991ns (75.113%))
  Logic Levels:           13  (CARRY4=2 LUT3=1 LUT6=8 MUXF7=2)
  Clock Path Skew:        -0.023ns (DCD - SCD + CPR)
    Destination Clock Delay (DCD):    4.299ns = ( 14.299 - 10.000 ) 
    Source Clock Delay      (SCD):    4.657ns
    Clock Pessimism Removal (CPR):    0.335ns
  Clock Uncertainty:      0.035ns  ((TSJ^2 + TIJ^2)^1/2 + DJ) / 2 + PE
    Total System Jitter     (TSJ):    0.071ns
    Total Input Jitter      (TIJ):    0.000ns
    Discrete Jitter          (DJ):    0.000ns
    Phase Error              (PE):    0.000ns

    Location             Delay type                Incr(ns)  Path(ns)    Netlist Resource(s)
  -------------------------------------------------------------------    -------------------
                         (clock clk rise edge)        0.000     0.000 r  
    N15                                               0.000     0.000 r  clk (IN)
                         net (fo=0)                   0.000     0.000    clk
    N15                  IBUF (Prop_ibuf_I_O)         0.962     0.962 r  clk_IBUF_inst/O
                         net (fo=1, routed)           1.972     2.933    clk_IBUF
    BUFGCTRL_X0Y0        BUFG (Prop_bufg_I_O)         0.096     3.029 r  clk_IBUF_BUFG_inst/O
                         net (fo=294, routed)         1.627     4.657    u_ray_march/clk_IBUF_BUFG
    SLICE_X5Y16          FDCE                                         r  u_ray_march/y_reg[13]/C
  -------------------------------------------------------------------    -------------------
    SLICE_X5Y16          FDCE (Prop_fdce_C_Q)         0.456     5.113 f  u_ray_march/y_reg[13]/Q
                         net (fo=6, routed)           0.823     5.936    u_ray_march/y_reg[13]
    SLICE_X4Y17          LUT6 (Prop_lut6_I0_O)        0.124     6.060 f  u_ray_march/running_i_5/O
                         net (fo=60, routed)          0.744     6.804    u_ray_march/running_i_5_n_0
    SLICE_X5Y19          LUT3 (Prop_lut3_I1_O)        0.124     6.928 r  u_ray_march/x[0]_i_469/O
                         net (fo=125, routed)         1.772     8.700    u_ray_march/x[0]_i_469_n_0
    SLICE_X8Y28          LUT6 (Prop_lut6_I0_O)        0.124     8.824 r  u_ray_march/x[0]_i_923/O
                         net (fo=1, routed)           0.810     9.634    u_ray_march/x[0]_i_923_n_0
    SLICE_X8Y29          LUT6 (Prop_lut6_I1_O)        0.124     9.758 r  u_ray_march/x[0]_i_502/O
                         net (fo=1, routed)           0.663    10.421    u_ray_march/x[0]_i_502_n_0
    SLICE_X8Y29          LUT6 (Prop_lut6_I1_O)        0.124    10.545 r  u_ray_march/x[0]_i_217/O
                         net (fo=1, routed)           0.000    10.545    u_ray_march/x[0]_i_217_n_0
    SLICE_X8Y29          MUXF7 (Prop_muxf7_I1_O)      0.214    10.759 r  u_ray_march/x_reg[0]_i_93/O
                         net (fo=1, routed)           0.782    11.541    u_ray_march/x_reg[0]_i_93_n_0
    SLICE_X6Y25          LUT6 (Prop_lut6_I5_O)        0.297    11.838 r  u_ray_march/x[0]_i_47/O
                         net (fo=2, routed)           0.000    11.838    u_ray_march/x[0]_i_47_n_0
    SLICE_X6Y25          MUXF7 (Prop_muxf7_I1_O)      0.214    12.052 r  u_ray_march/x_reg[0]_i_63/O
                         net (fo=1, routed)           1.039    13.092    u_ray_march/x_reg[0]_i_63_n_0
    SLICE_X4Y10          LUT6 (Prop_lut6_I3_O)        0.297    13.389 r  u_ray_march/x[0]_i_34/O
                         net (fo=32, routed)          0.680    14.069    u_ray_march/x[0]_i_34_n_0
    SLICE_X3Y9           LUT6 (Prop_lut6_I4_O)        0.124    14.193 r  u_ray_march/y[4]_i_12/O
                         net (fo=4, routed)           0.813    15.005    u_ray_march/y[4]_i_12_n_0
    SLICE_X4Y8           LUT6 (Prop_lut6_I1_O)        0.124    15.129 r  u_ray_march/y[4]_i_3/O
                         net (fo=1, routed)           0.671    15.801    u_ray_march/y[4]_i_3_n_0
    SLICE_X5Y14          CARRY4 (Prop_carry4_DI[2]_CO[3])
                                                      0.398    16.199 r  u_ray_march/y_reg[4]_i_1/CO[3]
                         net (fo=1, routed)           0.000    16.199    u_ray_march/y_reg[4]_i_1_n_0
    SLICE_X5Y15          CARRY4 (Prop_carry4_CI_O[0])
                                                      0.235    16.434 r  u_ray_march/y_reg[8]_i_1/O[0]
                         net (fo=3, routed)           0.193    16.627    u_ray_march/y_reg[8]_i_1_n_7
    SLICE_X4Y15          FDCE                                         r  u_ray_march/y_reg[8]_rep__0/D
  -------------------------------------------------------------------    -------------------

                         (clock clk rise edge)       10.000    10.000 r  
    N15                                               0.000    10.000 r  clk (IN)
                         net (fo=0)                   0.000    10.000    clk
    N15                  IBUF (Prop_ibuf_I_O)         0.828    10.828 r  clk_IBUF_inst/O
                         net (fo=1, routed)           1.868    12.696    clk_IBUF
    BUFGCTRL_X0Y0        BUFG (Prop_bufg_I_O)         0.091    12.787 r  clk_IBUF_BUFG_inst/O
                         net (fo=294, routed)         1.511    14.299    u_ray_march/clk_IBUF_BUFG
    SLICE_X4Y15          FDCE                                         r  u_ray_march/y_reg[8]_rep__0/C
                         clock pessimism              0.335    14.634    
                         clock uncertainty           -0.035    14.598    
    SLICE_X4Y15          FDCE (Setup_fdce_C_D)       -0.244    14.354    u_ray_march/y_reg[8]_rep__0
  -------------------------------------------------------------------
                         required time                         14.354    
                         arrival time                         -16.627    
  -------------------------------------------------------------------
                         slack                                 -2.272    

Slack (VIOLATED) :        -2.260ns  (required time - arrival time)
  Source:                 u_ray_march/y_reg[13]/C
                            (rising edge-triggered cell FDCE clocked by clk  {rise@0.000ns fall@5.000ns period=10.000ns})
  Destination:            u_ray_march/y_reg[8]_rep/D
                            (rising edge-triggered cell FDCE clocked by clk  {rise@0.000ns fall@5.000ns period=10.000ns})
  Path Group:             clk
  Path Type:              Setup (Max at Slow Process Corner)
  Requirement:            10.000ns  (clk rise@10.000ns - clk rise@0.000ns)
  Data Path Delay:        11.970ns  (logic 2.979ns (24.887%)  route 8.991ns (75.113%))
  Logic Levels:           13  (CARRY4=2 LUT3=1 LUT6=8 MUXF7=2)
  Clock Path Skew:        -0.023ns (DCD - SCD + CPR)
    Destination Clock Delay (DCD):    4.299ns = ( 14.299 - 10.000 ) 
    Source Clock Delay      (SCD):    4.657ns
    Clock Pessimism Removal (CPR):    0.335ns
  Clock Uncertainty:      0.035ns  ((TSJ^2 + TIJ^2)^1/2 + DJ) / 2 + PE
    Total System Jitter     (TSJ):    0.071ns
    Total Input Jitter      (TIJ):    0.000ns
    Discrete Jitter          (DJ):    0.000ns
    Phase Error              (PE):    0.000ns

    Location             Delay type                Incr(ns)  Path(ns)    Netlist Resource(s)
  -------------------------------------------------------------------    -------------------
                         (clock clk rise edge)        0.000     0.000 r  
    N15                                               0.000     0.000 r  clk (IN)
                         net (fo=0)                   0.000     0.000    clk
    N15                  IBUF (Prop_ibuf_I_O)         0.962     0.962 r  clk_IBUF_inst/O
                         net (fo=1, routed)           1.972     2.933    clk_IBUF
    BUFGCTRL_X0Y0        BUFG (Prop_bufg_I_O)         0.096     3.029 r  clk_IBUF_BUFG_inst/O
                         net (fo=294, routed)         1.627     4.657    u_ray_march/clk_IBUF_BUFG
    SLICE_X5Y16          FDCE                                         r  u_ray_march/y_reg[13]/C
  -------------------------------------------------------------------    -------------------
    SLICE_X5Y16          FDCE (Prop_fdce_C_Q)         0.456     5.113 f  u_ray_march/y_reg[13]/Q
                         net (fo=6, routed)           0.823     5.936    u_ray_march/y_reg[13]
    SLICE_X4Y17          LUT6 (Prop_lut6_I0_O)        0.124     6.060 f  u_ray_march/running_i_5/O
                         net (fo=60, routed)          0.744     6.804    u_ray_march/running_i_5_n_0
    SLICE_X5Y19          LUT3 (Prop_lut3_I1_O)        0.124     6.928 r  u_ray_march/x[0]_i_469/O
                         net (fo=125, routed)         1.772     8.700    u_ray_march/x[0]_i_469_n_0
    SLICE_X8Y28          LUT6 (Prop_lut6_I0_O)        0.124     8.824 r  u_ray_march/x[0]_i_923/O
                         net (fo=1, routed)           0.810     9.634    u_ray_march/x[0]_i_923_n_0
    SLICE_X8Y29          LUT6 (Prop_lut6_I1_O)        0.124     9.758 r  u_ray_march/x[0]_i_502/O
                         net (fo=1, routed)           0.663    10.421    u_ray_march/x[0]_i_502_n_0
    SLICE_X8Y29          LUT6 (Prop_lut6_I1_O)        0.124    10.545 r  u_ray_march/x[0]_i_217/O
                         net (fo=1, routed)           0.000    10.545    u_ray_march/x[0]_i_217_n_0
    SLICE_X8Y29          MUXF7 (Prop_muxf7_I1_O)      0.214    10.759 r  u_ray_march/x_reg[0]_i_93/O
                         net (fo=1, routed)           0.782    11.541    u_ray_march/x_reg[0]_i_93_n_0
    SLICE_X6Y25          LUT6 (Prop_lut6_I5_O)        0.297    11.838 r  u_ray_march/x[0]_i_47/O
                         net (fo=2, routed)           0.000    11.838    u_ray_march/x[0]_i_47_n_0
    SLICE_X6Y25          MUXF7 (Prop_muxf7_I1_O)      0.214    12.052 r  u_ray_march/x_reg[0]_i_63/O
                         net (fo=1, routed)           1.039    13.092    u_ray_march/x_reg[0]_i_63_n_0
    SLICE_X4Y10          LUT6 (Prop_lut6_I3_O)        0.297    13.389 r  u_ray_march/x[0]_i_34/O
                         net (fo=32, routed)          0.680    14.069    u_ray_march/x[0]_i_34_n_0
    SLICE_X3Y9           LUT6 (Prop_lut6_I4_O)        0.124    14.193 r  u_ray_march/y[4]_i_12/O
                         net (fo=4, routed)           0.813    15.005    u_ray_march/y[4]_i_12_n_0
    SLICE_X4Y8           LUT6 (Prop_lut6_I1_O)        0.124    15.129 r  u_ray_march/y[4]_i_3/O
                         net (fo=1, routed)           0.671    15.801    u_ray_march/y[4]_i_3_n_0
    SLICE_X5Y14          CARRY4 (Prop_carry4_DI[2]_CO[3])
                                                      0.398    16.199 r  u_ray_march/y_reg[4]_i_1/CO[3]
                         net (fo=1, routed)           0.000    16.199    u_ray_march/y_reg[4]_i_1_n_0
    SLICE_X5Y15          CARRY4 (Prop_carry4_CI_O[0])
                                                      0.235    16.434 r  u_ray_march/y_reg[8]_i_1/O[0]
                         net (fo=3, routed)           0.193    16.627    u_ray_march/y_reg[8]_i_1_n_7
    SLICE_X4Y15          FDCE                                         r  u_ray_march/y_reg[8]_rep/D
  -------------------------------------------------------------------    -------------------

                         (clock clk rise edge)       10.000    10.000 r  
    N15                                               0.000    10.000 r  clk (IN)
                         net (fo=0)                   0.000    10.000    clk
    N15                  IBUF (Prop_ibuf_I_O)         0.828    10.828 r  clk_IBUF_inst/O
                         net (fo=1, routed)           1.868    12.696    clk_IBUF
    BUFGCTRL_X0Y0        BUFG (Prop_bufg_I_O)         0.091    12.787 r  clk_IBUF_BUFG_inst/O
                         net (fo=294, routed)         1.511    14.299    u_ray_march/clk_IBUF_BUFG
    SLICE_X4Y15          FDCE                                         r  u_ray_march/y_reg[8]_rep/C
                         clock pessimism              0.335    14.634    
                         clock uncertainty           -0.035    14.598    
    SLICE_X4Y15          FDCE (Setup_fdce_C_D)       -0.232    14.366    u_ray_march/y_reg[8]_rep
  -------------------------------------------------------------------
                         required time                         14.366    
                         arrival time                         -16.627    
  -------------------------------------------------------------------
                         slack                                 -2.260    

Slack (VIOLATED) :        -2.255ns  (required time - arrival time)
  Source:                 u_ray_march/y_reg[13]/C
                            (rising edge-triggered cell FDCE clocked by clk  {rise@0.000ns fall@5.000ns period=10.000ns})
  Destination:            u_ray_march/x_reg[9]_rep__1/D
                            (rising edge-triggered cell FDCE clocked by clk  {rise@0.000ns fall@5.000ns period=10.000ns})
  Path Group:             clk
  Path Type:              Setup (Max at Slow Process Corner)
  Requirement:            10.000ns  (clk rise@10.000ns - clk rise@0.000ns)
  Data Path Delay:        11.948ns  (logic 3.203ns (26.807%)  route 8.745ns (73.193%))
  Logic Levels:           13  (CARRY4=2 LUT3=1 LUT6=8 MUXF7=2)
  Clock Path Skew:        -0.023ns (DCD - SCD + CPR)
    Destination Clock Delay (DCD):    4.299ns = ( 14.299 - 10.000 ) 
    Source Clock Delay      (SCD):    4.657ns
    Clock Pessimism Removal (CPR):    0.335ns
  Clock Uncertainty:      0.035ns  ((TSJ^2 + TIJ^2)^1/2 + DJ) / 2 + PE
    Total System Jitter     (TSJ):    0.071ns
    Total Input Jitter      (TIJ):    0.000ns
    Discrete Jitter          (DJ):    0.000ns
    Phase Error              (PE):    0.000ns

    Location             Delay type                Incr(ns)  Path(ns)    Netlist Resource(s)
  -------------------------------------------------------------------    -------------------
                         (clock clk rise edge)        0.000     0.000 r  
    N15                                               0.000     0.000 r  clk (IN)
                         net (fo=0)                   0.000     0.000    clk
    N15                  IBUF (Prop_ibuf_I_O)         0.962     0.962 r  clk_IBUF_inst/O
                         net (fo=1, routed)           1.972     2.933    clk_IBUF
    BUFGCTRL_X0Y0        BUFG (Prop_bufg_I_O)         0.096     3.029 r  clk_IBUF_BUFG_inst/O
                         net (fo=294, routed)         1.627     4.657    u_ray_march/clk_IBUF_BUFG
    SLICE_X5Y16          FDCE                                         r  u_ray_march/y_reg[13]/C
  -------------------------------------------------------------------    -------------------
    SLICE_X5Y16          FDCE (Prop_fdce_C_Q)         0.456     5.113 f  u_ray_march/y_reg[13]/Q
                         net (fo=6, routed)           0.823     5.936    u_ray_march/y_reg[13]
    SLICE_X4Y17          LUT6 (Prop_lut6_I0_O)        0.124     6.060 f  u_ray_march/running_i_5/O
                         net (fo=60, routed)          0.744     6.804    u_ray_march/running_i_5_n_0
    SLICE_X5Y19          LUT3 (Prop_lut3_I1_O)        0.124     6.928 r  u_ray_march/x[0]_i_469/O
                         net (fo=125, routed)         1.772     8.700    u_ray_march/x[0]_i_469_n_0
    SLICE_X8Y28          LUT6 (Prop_lut6_I0_O)        0.124     8.824 r  u_ray_march/x[0]_i_923/O
                         net (fo=1, routed)           0.810     9.634    u_ray_march/x[0]_i_923_n_0
    SLICE_X8Y29          LUT6 (Prop_lut6_I1_O)        0.124     9.758 r  u_ray_march/x[0]_i_502/O
                         net (fo=1, routed)           0.663    10.421    u_ray_march/x[0]_i_502_n_0
    SLICE_X8Y29          LUT6 (Prop_lut6_I1_O)        0.124    10.545 r  u_ray_march/x[0]_i_217/O
                         net (fo=1, routed)           0.000    10.545    u_ray_march/x[0]_i_217_n_0
    SLICE_X8Y29          MUXF7 (Prop_muxf7_I1_O)      0.214    10.759 r  u_ray_march/x_reg[0]_i_93/O
                         net (fo=1, routed)           0.782    11.541    u_ray_march/x_reg[0]_i_93_n_0
    SLICE_X6Y25          LUT6 (Prop_lut6_I5_O)        0.297    11.838 r  u_ray_march/x[0]_i_47/O
                         net (fo=2, routed)           0.000    11.838    u_ray_march/x[0]_i_47_n_0
    SLICE_X6Y25          MUXF7 (Prop_muxf7_I1_O)      0.214    12.052 r  u_ray_march/x_reg[0]_i_63/O
                         net (fo=1, routed)           1.039    13.092    u_ray_march/x_reg[0]_i_63_n_0
    SLICE_X4Y10          LUT6 (Prop_lut6_I3_O)        0.297    13.389 r  u_ray_march/x[0]_i_34/O
                         net (fo=32, routed)          0.668    14.056    u_ray_march/x[0]_i_34_n_0
    SLICE_X6Y11          LUT6 (Prop_lut6_I4_O)        0.124    14.180 r  u_ray_march/x[4]_i_13/O
                         net (fo=4, routed)           0.417    14.597    u_ray_march/x[4]_i_13_n_0
    SLICE_X7Y11          LUT6 (Prop_lut6_I5_O)        0.124    14.721 r  u_ray_march/x[4]_i_4/O
                         net (fo=1, routed)           0.817    15.538    u_ray_march/x[4]_i_4_n_0
    SLICE_X6Y14          CARRY4 (Prop_carry4_DI[1]_CO[3])
                                                      0.520    16.058 r  u_ray_march/x_reg[4]_i_1/CO[3]
                         net (fo=1, routed)           0.000    16.058    u_ray_march/x_reg[4]_i_1_n_0
    SLICE_X6Y15          CARRY4 (Prop_carry4_CI_O[1])
                                                      0.337    16.395 r  u_ray_march/x_reg[8]_i_1/O[1]
                         net (fo=4, routed)           0.210    16.605    u_ray_march/x_reg[8]_i_1_n_6
    SLICE_X7Y15          FDCE                                         r  u_ray_march/x_reg[9]_rep__1/D
  -------------------------------------------------------------------    -------------------

                         (clock clk rise edge)       10.000    10.000 r  
    N15                                               0.000    10.000 r  clk (IN)
                         net (fo=0)                   0.000    10.000    clk
    N15                  IBUF (Prop_ibuf_I_O)         0.828    10.828 r  clk_IBUF_inst/O
                         net (fo=1, routed)           1.868    12.696    clk_IBUF
    BUFGCTRL_X0Y0        BUFG (Prop_bufg_I_O)         0.091    12.787 r  clk_IBUF_BUFG_inst/O
                         net (fo=294, routed)         1.511    14.299    u_ray_march/clk_IBUF_BUFG
    SLICE_X7Y15          FDCE                                         r  u_ray_march/x_reg[9]_rep__1/C
                         clock pessimism              0.335    14.634    
                         clock uncertainty           -0.035    14.598    
    SLICE_X7Y15          FDCE (Setup_fdce_C_D)       -0.248    14.350    u_ray_march/x_reg[9]_rep__1
  -------------------------------------------------------------------
                         required time                         14.350    
                         arrival time                         -16.605    
  -------------------------------------------------------------------
                         slack                                 -2.255    

Slack (VIOLATED) :        -2.243ns  (required time - arrival time)
  Source:                 u_ray_march/y_reg[13]/C
                            (rising edge-triggered cell FDCE clocked by clk  {rise@0.000ns fall@5.000ns period=10.000ns})
  Destination:            u_ray_march/x_reg[9]_rep__0/D
                            (rising edge-triggered cell FDCE clocked by clk  {rise@0.000ns fall@5.000ns period=10.000ns})
  Path Group:             clk
  Path Type:              Setup (Max at Slow Process Corner)
  Requirement:            10.000ns  (clk rise@10.000ns - clk rise@0.000ns)
  Data Path Delay:        11.948ns  (logic 3.203ns (26.807%)  route 8.745ns (73.193%))
  Logic Levels:           13  (CARRY4=2 LUT3=1 LUT6=8 MUXF7=2)
  Clock Path Skew:        -0.023ns (DCD - SCD + CPR)
    Destination Clock Delay (DCD):    4.299ns = ( 14.299 - 10.000 ) 
    Source Clock Delay      (SCD):    4.657ns
    Clock Pessimism Removal (CPR):    0.335ns
  Clock Uncertainty:      0.035ns  ((TSJ^2 + TIJ^2)^1/2 + DJ) / 2 + PE
    Total System Jitter     (TSJ):    0.071ns
    Total Input Jitter      (TIJ):    0.000ns
    Discrete Jitter          (DJ):    0.000ns
    Phase Error              (PE):    0.000ns

    Location             Delay type                Incr(ns)  Path(ns)    Netlist Resource(s)
  -------------------------------------------------------------------    -------------------
                         (clock clk rise edge)        0.000     0.000 r  
    N15                                               0.000     0.000 r  clk (IN)
                         net (fo=0)                   0.000     0.000    clk
    N15                  IBUF (Prop_ibuf_I_O)         0.962     0.962 r  clk_IBUF_inst/O
                         net (fo=1, routed)           1.972     2.933    clk_IBUF
    BUFGCTRL_X0Y0        BUFG (Prop_bufg_I_O)         0.096     3.029 r  clk_IBUF_BUFG_inst/O
                         net (fo=294, routed)         1.627     4.657    u_ray_march/clk_IBUF_BUFG
    SLICE_X5Y16          FDCE                                         r  u_ray_march/y_reg[13]/C
  -------------------------------------------------------------------    -------------------
    SLICE_X5Y16          FDCE (Prop_fdce_C_Q)         0.456     5.113 f  u_ray_march/y_reg[13]/Q
                         net (fo=6, routed)           0.823     5.936    u_ray_march/y_reg[13]
    SLICE_X4Y17          LUT6 (Prop_lut6_I0_O)        0.124     6.060 f  u_ray_march/running_i_5/O
                         net (fo=60, routed)          0.744     6.804    u_ray_march/running_i_5_n_0
    SLICE_X5Y19          LUT3 (Prop_lut3_I1_O)        0.124     6.928 r  u_ray_march/x[0]_i_469/O
                         net (fo=125, routed)         1.772     8.700    u_ray_march/x[0]_i_469_n_0
    SLICE_X8Y28          LUT6 (Prop_lut6_I0_O)        0.124     8.824 r  u_ray_march/x[0]_i_923/O
                         net (fo=1, routed)           0.810     9.634    u_ray_march/x[0]_i_923_n_0
    SLICE_X8Y29          LUT6 (Prop_lut6_I1_O)        0.124     9.758 r  u_ray_march/x[0]_i_502/O
                         net (fo=1, routed)           0.663    10.421    u_ray_march/x[0]_i_502_n_0
    SLICE_X8Y29          LUT6 (Prop_lut6_I1_O)        0.124    10.545 r  u_ray_march/x[0]_i_217/O
                         net (fo=1, routed)           0.000    10.545    u_ray_march/x[0]_i_217_n_0
    SLICE_X8Y29          MUXF7 (Prop_muxf7_I1_O)      0.214    10.759 r  u_ray_march/x_reg[0]_i_93/O
                         net (fo=1, routed)           0.782    11.541    u_ray_march/x_reg[0]_i_93_n_0
    SLICE_X6Y25          LUT6 (Prop_lut6_I5_O)        0.297    11.838 r  u_ray_march/x[0]_i_47/O
                         net (fo=2, routed)           0.000    11.838    u_ray_march/x[0]_i_47_n_0
    SLICE_X6Y25          MUXF7 (Prop_muxf7_I1_O)      0.214    12.052 r  u_ray_march/x_reg[0]_i_63/O
                         net (fo=1, routed)           1.039    13.092    u_ray_march/x_reg[0]_i_63_n_0
    SLICE_X4Y10          LUT6 (Prop_lut6_I3_O)        0.297    13.389 r  u_ray_march/x[0]_i_34/O
                         net (fo=32, routed)          0.668    14.056    u_ray_march/x[0]_i_34_n_0
    SLICE_X6Y11          LUT6 (Prop_lut6_I4_O)        0.124    14.180 r  u_ray_march/x[4]_i_13/O
                         net (fo=4, routed)           0.417    14.597    u_ray_march/x[4]_i_13_n_0
    SLICE_X7Y11          LUT6 (Prop_lut6_I5_O)        0.124    14.721 r  u_ray_march/x[4]_i_4/O
                         net (fo=1, routed)           0.817    15.538    u_ray_march/x[4]_i_4_n_0
    SLICE_X6Y14          CARRY4 (Prop_carry4_DI[1]_CO[3])
                                                      0.520    16.058 r  u_ray_march/x_reg[4]_i_1/CO[3]
                         net (fo=1, routed)           0.000    16.058    u_ray_march/x_reg[4]_i_1_n_0
    SLICE_X6Y15          CARRY4 (Prop_carry4_CI_O[1])
                                                      0.337    16.395 r  u_ray_march/x_reg[8]_i_1/O[1]
                         net (fo=4, routed)           0.210    16.605    u_ray_march/x_reg[8]_i_1_n_6
    SLICE_X7Y15          FDCE                                         r  u_ray_march/x_reg[9]_rep__0/D
  -------------------------------------------------------------------    -------------------

                         (clock clk rise edge)       10.000    10.000 r  
    N15                                               0.000    10.000 r  clk (IN)
                         net (fo=0)                   0.000    10.000    clk
    N15                  IBUF (Prop_ibuf_I_O)         0.828    10.828 r  clk_IBUF_inst/O
                         net (fo=1, routed)           1.868    12.696    clk_IBUF
    BUFGCTRL_X0Y0        BUFG (Prop_bufg_I_O)         0.091    12.787 r  clk_IBUF_BUFG_inst/O
                         net (fo=294, routed)         1.511    14.299    u_ray_march/clk_IBUF_BUFG
    SLICE_X7Y15          FDCE                                         r  u_ray_march/x_reg[9]_rep__0/C
                         clock pessimism              0.335    14.634    
                         clock uncertainty           -0.035    14.598    
    SLICE_X7Y15          FDCE (Setup_fdce_C_D)       -0.236    14.362    u_ray_march/x_reg[9]_rep__0
  -------------------------------------------------------------------
                         required time                         14.362    
                         arrival time                         -16.605    
  -------------------------------------------------------------------
                         slack                                 -2.243    




