Copyright 1986-2022 Xilinx, Inc. All Rights Reserved. Copyright 2022-2024 Advanced Micro Devices, Inc. All Rights Reserved.
---------------------------------------------------------------------------------------------------------------------------------------------
| Tool Version : Vivado v.2024.1 (win64) Build 5076996 Wed May 22 18:37:14 MDT 2024
| Date         : Wed Sep  2 09:50:34 2026
| Host         : BOOK-S5JNKNEIOB running 64-bit major release  (build 9200)
| Command      : report_timing -delay_type max -max_paths 5 -file timing_beamrom_postroute_worstpath.rpt
| Design       : particle_scorer_beamrom
| Device       : 7a35ti-csg324
| Speed File   : -1L  PRODUCTION 1.23 2018-06-13
| Design State : Routed
---------------------------------------------------------------------------------------------------------------------------------------------

Timing Report

Slack (VIOLATED) :        -2.444ns  (required time - arrival time)
  Source:                 u_ray_march/x_reg[14]/C
                            (rising edge-triggered cell FDCE clocked by clk  {rise@0.000ns fall@5.000ns period=10.000ns})
  Destination:            u_ray_march/y_reg[17]/D
                            (rising edge-triggered cell FDCE clocked by clk  {rise@0.000ns fall@5.000ns period=10.000ns})
  Path Group:             clk
  Path Type:              Setup (Max at Slow Process Corner)
  Requirement:            10.000ns  (clk rise@10.000ns - clk rise@0.000ns)
  Data Path Delay:        12.065ns  (logic 3.452ns (28.613%)  route 8.613ns (71.387%))
  Logic Levels:           16  (CARRY4=5 LUT3=1 LUT4=1 LUT5=3 LUT6=4 MUXF7=2)
  Clock Path Skew:        -0.135ns (DCD - SCD + CPR)
    Destination Clock Delay (DCD):    4.256ns = ( 14.256 - 10.000 ) 
    Source Clock Delay      (SCD):    4.633ns
    Clock Pessimism Removal (CPR):    0.242ns
  Clock Uncertainty:      0.035ns  ((TSJ^2 + TIJ^2)^1/2 + DJ) / 2 + PE
    Total System Jitter     (TSJ):    0.071ns
    Total Input Jitter      (TIJ):    0.000ns
    Discrete Jitter          (DJ):    0.000ns
    Phase Error              (PE):    0.000ns

    Location             Delay type                Incr(ns)  Path(ns)    Netlist Resource(s)
  -------------------------------------------------------------------    -------------------
                         (clock clk rise edge)        0.000     0.000 r  
    E15                                               0.000     0.000 r  clk (IN)
                         net (fo=0)                   0.000     0.000    clk
    E15                  IBUF (Prop_ibuf_I_O)         0.993     0.993 r  clk_IBUF_inst/O
                         net (fo=1, routed)           1.972     2.964    clk_IBUF
    BUFGCTRL_X0Y16       BUFG (Prop_bufg_I_O)         0.096     3.060 r  clk_IBUF_BUFG_inst/O
                         net (fo=259, routed)         1.572     4.633    u_ray_march/clk_IBUF_BUFG
    SLICE_X8Y49          FDCE                                         r  u_ray_march/x_reg[14]/C
  -------------------------------------------------------------------    -------------------
    SLICE_X8Y49          FDCE (Prop_fdce_C_Q)         0.518     5.151 r  u_ray_march/x_reg[14]/Q
                         net (fo=5, routed)           0.994     6.145    u_ray_march/p_0_in[6]
    SLICE_X8Y51          LUT5 (Prop_lut5_I1_O)        0.124     6.269 r  u_ray_march/g0_b1_i_260/O
                         net (fo=54, routed)          0.812     7.081    u_ray_march/g0_b1_i_260_n_0
    SLICE_X8Y58          LUT3 (Prop_lut3_I2_O)        0.124     7.205 f  u_ray_march/g0_b1_i_565/O
                         net (fo=103, routed)         1.265     8.470    u_ray_march/g0_b1_i_565_n_0
    SLICE_X8Y60          LUT5 (Prop_lut5_I0_O)        0.124     8.594 r  u_ray_march/p_0_out_inferred__1/g0_b1_i_921/O
                         net (fo=3, routed)           0.617     9.211    u_ray_march/p_0_out_inferred__1/g0_b1_i_921_n_0
    SLICE_X11Y59         LUT5 (Prop_lut5_I2_O)        0.124     9.335 r  u_ray_march/p_0_out_inferred__1/g0_b1_i_474/O
                         net (fo=2, routed)           0.999    10.334    u_ray_march/p_0_out_inferred__1/g0_b1_i_474_n_0
    SLICE_X10Y49         LUT6 (Prop_lut6_I0_O)        0.124    10.458 r  u_ray_march/p_0_out_inferred__1/g0_b1_i_185/O
                         net (fo=1, routed)           1.002    11.460    u_ray_march/p_0_out_inferred__1/g0_b1_i_185_n_0
    SLICE_X10Y48         LUT6 (Prop_lut6_I1_O)        0.124    11.584 r  u_ray_march/p_0_out_inferred__1/g0_b1_i_70/O
                         net (fo=1, routed)           0.000    11.584    u_ray_march/p_0_out_inferred__1/g0_b1_i_70_n_0
    SLICE_X10Y48         MUXF7 (Prop_muxf7_I0_O)      0.209    11.793 r  u_ray_march/p_0_out_inferred__1/g0_b1_i_29/O
                         net (fo=1, routed)           0.796    12.589    u_ray_march/p_0_out_inferred__1/g0_b1_i_29_n_0
    SLICE_X10Y44         LUT6 (Prop_lut6_I3_O)        0.297    12.886 r  u_ray_march/p_0_out_inferred__1/g0_b1_i_9/O
                         net (fo=1, routed)           0.000    12.886    u_ray_march/p_0_out_inferred__1/g0_b1_i_9_n_0
    SLICE_X10Y44         MUXF7 (Prop_muxf7_I0_O)      0.209    13.095 r  u_ray_march/p_0_out_inferred__1/g0_b1_i_2/O
                         net (fo=47, routed)          1.125    14.220    u_ray_march/sel[1]
    SLICE_X6Y43          LUT6 (Prop_lut6_I1_O)        0.297    14.517 r  u_ray_march/g0_b2__0/O
                         net (fo=2, routed)           0.716    15.233    u_ray_march/p_0_out[2]
    SLICE_X8Y46          LUT4 (Prop_lut4_I0_O)        0.124    15.357 r  u_ray_march/y[0]_i_7/O
                         net (fo=1, routed)           0.000    15.357    u_ray_march/y[0]_i_7_n_0
    SLICE_X8Y46          CARRY4 (Prop_carry4_S[2]_CO[3])
                                                      0.380    15.737 r  u_ray_march/y_reg[0]_i_1/CO[3]
                         net (fo=1, routed)           0.000    15.737    u_ray_march/y_reg[0]_i_1_n_0
    SLICE_X8Y47          CARRY4 (Prop_carry4_CI_CO[3])
                                                      0.117    15.854 r  u_ray_march/y_reg[4]_i_1/CO[3]
                         net (fo=1, routed)           0.000    15.854    u_ray_march/y_reg[4]_i_1_n_0
    SLICE_X8Y48          CARRY4 (Prop_carry4_CI_CO[3])
                                                      0.117    15.971 r  u_ray_march/y_reg[8]_i_1/CO[3]
                         net (fo=1, routed)           0.000    15.971    u_ray_march/y_reg[8]_i_1_n_0
    SLICE_X8Y49          CARRY4 (Prop_carry4_CI_CO[3])
                                                      0.117    16.088 r  u_ray_march/y_reg[12]_i_1/CO[3]
                         net (fo=1, routed)           0.001    16.089    u_ray_march/y_reg[12]_i_1_n_0
    SLICE_X8Y50          CARRY4 (Prop_carry4_CI_O[1])
                                                      0.323    16.412 r  u_ray_march/y_reg[16]_i_1/O[1]
                         net (fo=1, routed)           0.286    16.697    u_ray_march/y_reg[16]_i_1_n_6
    SLICE_X8Y50          FDCE                                         r  u_ray_march/y_reg[17]/D
  -------------------------------------------------------------------    -------------------

                         (clock clk rise edge)       10.000    10.000 r  
    E15                                               0.000    10.000 r  clk (IN)
                         net (fo=0)                   0.000    10.000    clk
    E15                  IBUF (Prop_ibuf_I_O)         0.859    10.859 r  clk_IBUF_inst/O
                         net (fo=1, routed)           1.868    12.727    clk_IBUF
    BUFGCTRL_X0Y16       BUFG (Prop_bufg_I_O)         0.091    12.818 r  clk_IBUF_BUFG_inst/O
                         net (fo=259, routed)         1.438    14.256    u_ray_march/clk_IBUF_BUFG
    SLICE_X8Y50          FDCE                                         r  u_ray_march/y_reg[17]/C
                         clock pessimism              0.242    14.498    
                         clock uncertainty           -0.035    14.463    
    SLICE_X8Y50          FDCE (Setup_fdce_C_D)       -0.209    14.254    u_ray_march/y_reg[17]
  -------------------------------------------------------------------
                         required time                         14.254    
                         arrival time                         -16.697    
  -------------------------------------------------------------------
                         slack                                 -2.444    

Slack (VIOLATED) :        -2.434ns  (required time - arrival time)
  Source:                 u_ray_march/x_reg[14]/C
                            (rising edge-triggered cell FDCE clocked by clk  {rise@0.000ns fall@5.000ns period=10.000ns})
  Destination:            u_ray_march/y_reg[16]/D
                            (rising edge-triggered cell FDCE clocked by clk  {rise@0.000ns fall@5.000ns period=10.000ns})
  Path Group:             clk
  Path Type:              Setup (Max at Slow Process Corner)
  Requirement:            10.000ns  (clk rise@10.000ns - clk rise@0.000ns)
  Data Path Delay:        12.033ns  (logic 3.348ns (27.824%)  route 8.685ns (72.176%))
  Logic Levels:           16  (CARRY4=5 LUT3=1 LUT4=1 LUT5=3 LUT6=4 MUXF7=2)
  Clock Path Skew:        -0.134ns (DCD - SCD + CPR)
    Destination Clock Delay (DCD):    4.257ns = ( 14.257 - 10.000 ) 
    Source Clock Delay      (SCD):    4.633ns
    Clock Pessimism Removal (CPR):    0.242ns
  Clock Uncertainty:      0.035ns  ((TSJ^2 + TIJ^2)^1/2 + DJ) / 2 + PE
    Total System Jitter     (TSJ):    0.071ns
    Total Input Jitter      (TIJ):    0.000ns
    Discrete Jitter          (DJ):    0.000ns
    Phase Error              (PE):    0.000ns

    Location             Delay type                Incr(ns)  Path(ns)    Netlist Resource(s)
  -------------------------------------------------------------------    -------------------
                         (clock clk rise edge)        0.000     0.000 r  
    E15                                               0.000     0.000 r  clk (IN)
                         net (fo=0)                   0.000     0.000    clk
    E15                  IBUF (Prop_ibuf_I_O)         0.993     0.993 r  clk_IBUF_inst/O
                         net (fo=1, routed)           1.972     2.964    clk_IBUF
    BUFGCTRL_X0Y16       BUFG (Prop_bufg_I_O)         0.096     3.060 r  clk_IBUF_BUFG_inst/O
                         net (fo=259, routed)         1.572     4.633    u_ray_march/clk_IBUF_BUFG
    SLICE_X8Y49          FDCE                                         r  u_ray_march/x_reg[14]/C
  -------------------------------------------------------------------    -------------------
    SLICE_X8Y49          FDCE (Prop_fdce_C_Q)         0.518     5.151 r  u_ray_march/x_reg[14]/Q
                         net (fo=5, routed)           0.994     6.145    u_ray_march/p_0_in[6]
    SLICE_X8Y51          LUT5 (Prop_lut5_I1_O)        0.124     6.269 r  u_ray_march/g0_b1_i_260/O
                         net (fo=54, routed)          0.812     7.081    u_ray_march/g0_b1_i_260_n_0
    SLICE_X8Y58          LUT3 (Prop_lut3_I2_O)        0.124     7.205 f  u_ray_march/g0_b1_i_565/O
                         net (fo=103, routed)         1.265     8.470    u_ray_march/g0_b1_i_565_n_0
    SLICE_X8Y60          LUT5 (Prop_lut5_I0_O)        0.124     8.594 r  u_ray_march/p_0_out_inferred__1/g0_b1_i_921/O
                         net (fo=3, routed)           0.617     9.211    u_ray_march/p_0_out_inferred__1/g0_b1_i_921_n_0
    SLICE_X11Y59         LUT5 (Prop_lut5_I2_O)        0.124     9.335 r  u_ray_march/p_0_out_inferred__1/g0_b1_i_474/O
                         net (fo=2, routed)           0.999    10.334    u_ray_march/p_0_out_inferred__1/g0_b1_i_474_n_0
    SLICE_X10Y49         LUT6 (Prop_lut6_I0_O)        0.124    10.458 r  u_ray_march/p_0_out_inferred__1/g0_b1_i_185/O
                         net (fo=1, routed)           1.002    11.460    u_ray_march/p_0_out_inferred__1/g0_b1_i_185_n_0
    SLICE_X10Y48         LUT6 (Prop_lut6_I1_O)        0.124    11.584 r  u_ray_march/p_0_out_inferred__1/g0_b1_i_70/O
                         net (fo=1, routed)           0.000    11.584    u_ray_march/p_0_out_inferred__1/g0_b1_i_70_n_0
    SLICE_X10Y48         MUXF7 (Prop_muxf7_I0_O)      0.209    11.793 r  u_ray_march/p_0_out_inferred__1/g0_b1_i_29/O
                         net (fo=1, routed)           0.796    12.589    u_ray_march/p_0_out_inferred__1/g0_b1_i_29_n_0
    SLICE_X10Y44         LUT6 (Prop_lut6_I3_O)        0.297    12.886 r  u_ray_march/p_0_out_inferred__1/g0_b1_i_9/O
                         net (fo=1, routed)           0.000    12.886    u_ray_march/p_0_out_inferred__1/g0_b1_i_9_n_0
    SLICE_X10Y44         MUXF7 (Prop_muxf7_I0_O)      0.209    13.095 r  u_ray_march/p_0_out_inferred__1/g0_b1_i_2/O
                         net (fo=47, routed)          1.125    14.220    u_ray_march/sel[1]
    SLICE_X6Y43          LUT6 (Prop_lut6_I1_O)        0.297    14.517 r  u_ray_march/g0_b2__0/O
                         net (fo=2, routed)           0.716    15.233    u_ray_march/p_0_out[2]
    SLICE_X8Y46          LUT4 (Prop_lut4_I0_O)        0.124    15.357 r  u_ray_march/y[0]_i_7/O
                         net (fo=1, routed)           0.000    15.357    u_ray_march/y[0]_i_7_n_0
    SLICE_X8Y46          CARRY4 (Prop_carry4_S[2]_CO[3])
                                                      0.380    15.737 r  u_ray_march/y_reg[0]_i_1/CO[3]
                         net (fo=1, routed)           0.000    15.737    u_ray_march/y_reg[0]_i_1_n_0
    SLICE_X8Y47          CARRY4 (Prop_carry4_CI_CO[3])
                                                      0.117    15.854 r  u_ray_march/y_reg[4]_i_1/CO[3]
                         net (fo=1, routed)           0.000    15.854    u_ray_march/y_reg[4]_i_1_n_0
    SLICE_X8Y48          CARRY4 (Prop_carry4_CI_CO[3])
                                                      0.117    15.971 r  u_ray_march/y_reg[8]_i_1/CO[3]
                         net (fo=1, routed)           0.000    15.971    u_ray_march/y_reg[8]_i_1_n_0
    SLICE_X8Y49          CARRY4 (Prop_carry4_CI_CO[3])
                                                      0.117    16.088 r  u_ray_march/y_reg[12]_i_1/CO[3]
                         net (fo=1, routed)           0.001    16.089    u_ray_march/y_reg[12]_i_1_n_0
    SLICE_X8Y50          CARRY4 (Prop_carry4_CI_O[0])
                                                      0.219    16.308 r  u_ray_march/y_reg[16]_i_1/O[0]
                         net (fo=1, routed)           0.358    16.665    u_ray_march/y_reg[16]_i_1_n_7
    SLICE_X11Y51         FDCE                                         r  u_ray_march/y_reg[16]/D
  -------------------------------------------------------------------    -------------------

                         (clock clk rise edge)       10.000    10.000 r  
    E15                                               0.000    10.000 r  clk (IN)
                         net (fo=0)                   0.000    10.000    clk
    E15                  IBUF (Prop_ibuf_I_O)         0.859    10.859 r  clk_IBUF_inst/O
                         net (fo=1, routed)           1.868    12.727    clk_IBUF
    BUFGCTRL_X0Y16       BUFG (Prop_bufg_I_O)         0.091    12.818 r  clk_IBUF_BUFG_inst/O
                         net (fo=259, routed)         1.439    14.257    u_ray_march/clk_IBUF_BUFG
    SLICE_X11Y51         FDCE                                         r  u_ray_march/y_reg[16]/C
                         clock pessimism              0.242    14.499    
                         clock uncertainty           -0.035    14.464    
    SLICE_X11Y51         FDCE (Setup_fdce_C_D)       -0.232    14.232    u_ray_march/y_reg[16]
  -------------------------------------------------------------------
                         required time                         14.232    
                         arrival time                         -16.665    
  -------------------------------------------------------------------
                         slack                                 -2.434    

Slack (VIOLATED) :        -2.249ns  (required time - arrival time)
  Source:                 u_ray_march/y_reg[17]/C
                            (rising edge-triggered cell FDCE clocked by clk  {rise@0.000ns fall@5.000ns period=10.000ns})
  Destination:            u_ray_march/y_reg[8]_rep/D
                            (rising edge-triggered cell FDCE clocked by clk  {rise@0.000ns fall@5.000ns period=10.000ns})
  Path Group:             clk
  Path Type:              Setup (Max at Slow Process Corner)
  Requirement:            10.000ns  (clk rise@10.000ns - clk rise@0.000ns)
  Data Path Delay:        11.911ns  (logic 3.132ns (26.295%)  route 8.779ns (73.705%))
  Logic Levels:           14  (CARRY4=3 LUT4=1 LUT5=2 LUT6=6 MUXF7=2)
  Clock Path Skew:        -0.102ns (DCD - SCD + CPR)
    Destination Clock Delay (DCD):    4.272ns = ( 14.272 - 10.000 ) 
    Source Clock Delay      (SCD):    4.616ns
    Clock Pessimism Removal (CPR):    0.242ns
  Clock Uncertainty:      0.035ns  ((TSJ^2 + TIJ^2)^1/2 + DJ) / 2 + PE
    Total System Jitter     (TSJ):    0.071ns
    Total Input Jitter      (TIJ):    0.000ns
    Discrete Jitter          (DJ):    0.000ns
    Phase Error              (PE):    0.000ns

    Location             Delay type                Incr(ns)  Path(ns)    Netlist Resource(s)
  -------------------------------------------------------------------    -------------------
                         (clock clk rise edge)        0.000     0.000 r  
    E15                                               0.000     0.000 r  clk (IN)
                         net (fo=0)                   0.000     0.000    clk
    E15                  IBUF (Prop_ibuf_I_O)         0.993     0.993 r  clk_IBUF_inst/O
                         net (fo=1, routed)           1.972     2.964    clk_IBUF
    BUFGCTRL_X0Y16       BUFG (Prop_bufg_I_O)         0.096     3.060 r  clk_IBUF_BUFG_inst/O
                         net (fo=259, routed)         1.556     4.616    u_ray_march/clk_IBUF_BUFG
    SLICE_X8Y50          FDCE                                         r  u_ray_march/y_reg[17]/C
  -------------------------------------------------------------------    -------------------
    SLICE_X8Y50          FDCE (Prop_fdce_C_Q)         0.518     5.134 f  u_ray_march/y_reg[17]/Q
                         net (fo=2, routed)           0.810     5.944    u_ray_march/y_reg[17]
    SLICE_X8Y51          LUT6 (Prop_lut6_I1_O)        0.124     6.068 f  u_ray_march/g0_b1_i_16/O
                         net (fo=58, routed)          0.722     6.790    u_ray_march/g0_b1_i_16_n_0
    SLICE_X9Y51          LUT6 (Prop_lut6_I5_O)        0.124     6.914 f  u_ray_march/g0_b1_i_5/O
                         net (fo=323, routed)         1.259     8.173    u_ray_march/g0_b1_i_5_n_0
    SLICE_X10Y47         LUT5 (Prop_lut5_I1_O)        0.124     8.297 r  u_ray_march/p_0_out_inferred__1/g0_b1_i_773/O
                         net (fo=12, routed)          1.053     9.350    u_ray_march/p_0_out_inferred__1/g0_b1_i_773_n_0
    SLICE_X12Y54         LUT6 (Prop_lut6_I2_O)        0.124     9.474 r  u_ray_march/p_0_out_inferred__1/g0_b1_i_521/O
                         net (fo=1, routed)           0.669    10.143    u_ray_march/p_0_out_inferred__1/g0_b1_i_521_n_0
    SLICE_X12Y54         LUT5 (Prop_lut5_I1_O)        0.124    10.267 r  u_ray_march/p_0_out_inferred__1/g0_b1_i_202/O
                         net (fo=1, routed)           0.000    10.267    u_ray_march/p_0_out_inferred__1/g0_b1_i_202_n_0
    SLICE_X12Y54         MUXF7 (Prop_muxf7_I1_O)      0.214    10.481 r  u_ray_march/p_0_out_inferred__1/g0_b1_i_75/O
                         net (fo=1, routed)           0.876    11.357    u_ray_march/p_0_out_inferred__1/g0_b1_i_75_n_0
    SLICE_X10Y63         LUT6 (Prop_lut6_I5_O)        0.297    11.654 r  u_ray_march/p_0_out_inferred__1/g0_b1_i_30/O
                         net (fo=1, routed)           1.017    12.671    u_ray_march/p_0_out_inferred__1/g0_b1_i_30_n_0
    SLICE_X10Y44         LUT6 (Prop_lut6_I5_O)        0.124    12.795 r  u_ray_march/p_0_out_inferred__1/g0_b1_i_9/O
                         net (fo=1, routed)           0.000    12.795    u_ray_march/p_0_out_inferred__1/g0_b1_i_9_n_0
    SLICE_X10Y44         MUXF7 (Prop_muxf7_I0_O)      0.209    13.004 r  u_ray_march/p_0_out_inferred__1/g0_b1_i_2/O
                         net (fo=47, routed)          1.125    14.129    u_ray_march/sel[1]
    SLICE_X6Y43          LUT6 (Prop_lut6_I1_O)        0.297    14.426 r  u_ray_march/g0_b2__0/O
                         net (fo=2, routed)           0.716    15.142    u_ray_march/p_0_out[2]
    SLICE_X8Y46          LUT4 (Prop_lut4_I0_O)        0.124    15.266 r  u_ray_march/y[0]_i_7/O
                         net (fo=1, routed)           0.000    15.266    u_ray_march/y[0]_i_7_n_0
    SLICE_X8Y46          CARRY4 (Prop_carry4_S[2]_CO[3])
                                                      0.380    15.646 r  u_ray_march/y_reg[0]_i_1/CO[3]
                         net (fo=1, routed)           0.000    15.646    u_ray_march/y_reg[0]_i_1_n_0
    SLICE_X8Y47          CARRY4 (Prop_carry4_CI_CO[3])
                                                      0.117    15.763 r  u_ray_march/y_reg[4]_i_1/CO[3]
                         net (fo=1, routed)           0.000    15.763    u_ray_march/y_reg[4]_i_1_n_0
    SLICE_X8Y48          CARRY4 (Prop_carry4_CI_O[0])
                                                      0.232    15.995 r  u_ray_march/y_reg[8]_i_1/O[0]
                         net (fo=2, routed)           0.533    16.527    u_ray_march/y_reg[8]_i_1_n_7
    SLICE_X8Y48          FDCE                                         r  u_ray_march/y_reg[8]_rep/D
  -------------------------------------------------------------------    -------------------

                         (clock clk rise edge)       10.000    10.000 r  
    E15                                               0.000    10.000 r  clk (IN)
                         net (fo=0)                   0.000    10.000    clk
    E15                  IBUF (Prop_ibuf_I_O)         0.859    10.859 r  clk_IBUF_inst/O
                         net (fo=1, routed)           1.868    12.727    clk_IBUF
    BUFGCTRL_X0Y16       BUFG (Prop_bufg_I_O)         0.091    12.818 r  clk_IBUF_BUFG_inst/O
                         net (fo=259, routed)         1.454    14.272    u_ray_march/clk_IBUF_BUFG
    SLICE_X8Y48          FDCE                                         r  u_ray_march/y_reg[8]_rep/C
                         clock pessimism              0.242    14.515    
                         clock uncertainty           -0.035    14.479    
    SLICE_X8Y48          FDCE (Setup_fdce_C_D)       -0.201    14.278    u_ray_march/y_reg[8]_rep
  -------------------------------------------------------------------
                         required time                         14.278    
                         arrival time                         -16.527    
  -------------------------------------------------------------------
                         slack                                 -2.249    

Slack (VIOLATED) :        -2.173ns  (required time - arrival time)
  Source:                 u_ray_march/y_reg[17]/C
                            (rising edge-triggered cell FDCE clocked by clk  {rise@0.000ns fall@5.000ns period=10.000ns})
  Destination:            u_ray_march/y_reg[15]/D
                            (rising edge-triggered cell FDCE clocked by clk  {rise@0.000ns fall@5.000ns period=10.000ns})
  Path Group:             clk
  Path Type:              Setup (Max at Slow Process Corner)
  Requirement:            10.000ns  (clk rise@10.000ns - clk rise@0.000ns)
  Data Path Delay:        11.772ns  (logic 3.332ns (28.305%)  route 8.440ns (71.695%))
  Logic Levels:           15  (CARRY4=4 LUT4=1 LUT5=2 LUT6=6 MUXF7=2)
  Clock Path Skew:        -0.102ns (DCD - SCD + CPR)
    Destination Clock Delay (DCD):    4.272ns = ( 14.272 - 10.000 ) 
    Source Clock Delay      (SCD):    4.616ns
    Clock Pessimism Removal (CPR):    0.242ns
  Clock Uncertainty:      0.035ns  ((TSJ^2 + TIJ^2)^1/2 + DJ) / 2 + PE
    Total System Jitter     (TSJ):    0.071ns
    Total Input Jitter      (TIJ):    0.000ns
    Discrete Jitter          (DJ):    0.000ns
    Phase Error              (PE):    0.000ns

    Location             Delay type                Incr(ns)  Path(ns)    Netlist Resource(s)
  -------------------------------------------------------------------    -------------------
                         (clock clk rise edge)        0.000     0.000 r  
    E15                                               0.000     0.000 r  clk (IN)
                         net (fo=0)                   0.000     0.000    clk
    E15                  IBUF (Prop_ibuf_I_O)         0.993     0.993 r  clk_IBUF_inst/O
                         net (fo=1, routed)           1.972     2.964    clk_IBUF
    BUFGCTRL_X0Y16       BUFG (Prop_bufg_I_O)         0.096     3.060 r  clk_IBUF_BUFG_inst/O
                         net (fo=259, routed)         1.556     4.616    u_ray_march/clk_IBUF_BUFG
    SLICE_X8Y50          FDCE                                         r  u_ray_march/y_reg[17]/C
  -------------------------------------------------------------------    -------------------
    SLICE_X8Y50          FDCE (Prop_fdce_C_Q)         0.518     5.134 f  u_ray_march/y_reg[17]/Q
                         net (fo=2, routed)           0.810     5.944    u_ray_march/y_reg[17]
    SLICE_X8Y51          LUT6 (Prop_lut6_I1_O)        0.124     6.068 f  u_ray_march/g0_b1_i_16/O
                         net (fo=58, routed)          0.722     6.790    u_ray_march/g0_b1_i_16_n_0
    SLICE_X9Y51          LUT6 (Prop_lut6_I5_O)        0.124     6.914 f  u_ray_march/g0_b1_i_5/O
                         net (fo=323, routed)         1.259     8.173    u_ray_march/g0_b1_i_5_n_0
    SLICE_X10Y47         LUT5 (Prop_lut5_I1_O)        0.124     8.297 r  u_ray_march/p_0_out_inferred__1/g0_b1_i_773/O
                         net (fo=12, routed)          1.053     9.350    u_ray_march/p_0_out_inferred__1/g0_b1_i_773_n_0
    SLICE_X12Y54         LUT6 (Prop_lut6_I2_O)        0.124     9.474 r  u_ray_march/p_0_out_inferred__1/g0_b1_i_521/O
                         net (fo=1, routed)           0.669    10.143    u_ray_march/p_0_out_inferred__1/g0_b1_i_521_n_0
    SLICE_X12Y54         LUT5 (Prop_lut5_I1_O)        0.124    10.267 r  u_ray_march/p_0_out_inferred__1/g0_b1_i_202/O
                         net (fo=1, routed)           0.000    10.267    u_ray_march/p_0_out_inferred__1/g0_b1_i_202_n_0
    SLICE_X12Y54         MUXF7 (Prop_muxf7_I1_O)      0.214    10.481 r  u_ray_march/p_0_out_inferred__1/g0_b1_i_75/O
                         net (fo=1, routed)           0.876    11.357    u_ray_march/p_0_out_inferred__1/g0_b1_i_75_n_0
    SLICE_X10Y63         LUT6 (Prop_lut6_I5_O)        0.297    11.654 r  u_ray_march/p_0_out_inferred__1/g0_b1_i_30/O
                         net (fo=1, routed)           1.017    12.671    u_ray_march/p_0_out_inferred__1/g0_b1_i_30_n_0
    SLICE_X10Y44         LUT6 (Prop_lut6_I5_O)        0.124    12.795 r  u_ray_march/p_0_out_inferred__1/g0_b1_i_9/O
                         net (fo=1, routed)           0.000    12.795    u_ray_march/p_0_out_inferred__1/g0_b1_i_9_n_0
    SLICE_X10Y44         MUXF7 (Prop_muxf7_I0_O)      0.209    13.004 r  u_ray_march/p_0_out_inferred__1/g0_b1_i_2/O
                         net (fo=47, routed)          1.125    14.129    u_ray_march/sel[1]
    SLICE_X6Y43          LUT6 (Prop_lut6_I1_O)        0.297    14.426 r  u_ray_march/g0_b2__0/O
                         net (fo=2, routed)           0.716    15.142    u_ray_march/p_0_out[2]
    SLICE_X8Y46          LUT4 (Prop_lut4_I0_O)        0.124    15.266 r  u_ray_march/y[0]_i_7/O
                         net (fo=1, routed)           0.000    15.266    u_ray_march/y[0]_i_7_n_0
    SLICE_X8Y46          CARRY4 (Prop_carry4_S[2]_CO[3])
                                                      0.380    15.646 r  u_ray_march/y_reg[0]_i_1/CO[3]
                         net (fo=1, routed)           0.000    15.646    u_ray_march/y_reg[0]_i_1_n_0
    SLICE_X8Y47          CARRY4 (Prop_carry4_CI_CO[3])
                                                      0.117    15.763 r  u_ray_march/y_reg[4]_i_1/CO[3]
                         net (fo=1, routed)           0.000    15.763    u_ray_march/y_reg[4]_i_1_n_0
    SLICE_X8Y48          CARRY4 (Prop_carry4_CI_CO[3])
                                                      0.117    15.880 r  u_ray_march/y_reg[8]_i_1/CO[3]
                         net (fo=1, routed)           0.000    15.880    u_ray_march/y_reg[8]_i_1_n_0
    SLICE_X8Y49          CARRY4 (Prop_carry4_CI_O[3])
                                                      0.315    16.195 r  u_ray_march/y_reg[12]_i_1/O[3]
                         net (fo=1, routed)           0.193    16.388    u_ray_march/y_reg[12]_i_1_n_4
    SLICE_X9Y49          FDCE                                         r  u_ray_march/y_reg[15]/D
  -------------------------------------------------------------------    -------------------

                         (clock clk rise edge)       10.000    10.000 r  
    E15                                               0.000    10.000 r  clk (IN)
                         net (fo=0)                   0.000    10.000    clk
    E15                  IBUF (Prop_ibuf_I_O)         0.859    10.859 r  clk_IBUF_inst/O
                         net (fo=1, routed)           1.868    12.727    clk_IBUF
    BUFGCTRL_X0Y16       BUFG (Prop_bufg_I_O)         0.091    12.818 r  clk_IBUF_BUFG_inst/O
                         net (fo=259, routed)         1.454    14.272    u_ray_march/clk_IBUF_BUFG
    SLICE_X9Y49          FDCE                                         r  u_ray_march/y_reg[15]/C
                         clock pessimism              0.242    14.515    
                         clock uncertainty           -0.035    14.479    
    SLICE_X9Y49          FDCE (Setup_fdce_C_D)       -0.264    14.215    u_ray_march/y_reg[15]
  -------------------------------------------------------------------
                         required time                         14.215    
                         arrival time                         -16.388    
  -------------------------------------------------------------------
                         slack                                 -2.173    

Slack (VIOLATED) :        -2.168ns  (required time - arrival time)
  Source:                 u_ray_march/y_reg[17]/C
                            (rising edge-triggered cell FDCE clocked by clk  {rise@0.000ns fall@5.000ns period=10.000ns})
  Destination:            u_ray_march/y_reg[12]/D
                            (rising edge-triggered cell FDCE clocked by clk  {rise@0.000ns fall@5.000ns period=10.000ns})
  Path Group:             clk
  Path Type:              Setup (Max at Slow Process Corner)
  Requirement:            10.000ns  (clk rise@10.000ns - clk rise@0.000ns)
  Data Path Delay:        11.817ns  (logic 3.236ns (27.384%)  route 8.581ns (72.616%))
  Logic Levels:           15  (CARRY4=4 LUT4=1 LUT5=2 LUT6=6 MUXF7=2)
  Clock Path Skew:        -0.102ns (DCD - SCD + CPR)
    Destination Clock Delay (DCD):    4.272ns = ( 14.272 - 10.000 ) 
    Source Clock Delay      (SCD):    4.616ns
    Clock Pessimism Removal (CPR):    0.242ns
  Clock Uncertainty:      0.035ns  ((TSJ^2 + TIJ^2)^1/2 + DJ) / 2 + PE
    Total System Jitter     (TSJ):    0.071ns
    Total Input Jitter      (TIJ):    0.000ns
    Discrete Jitter          (DJ):    0.000ns
    Phase Error              (PE):    0.000ns

    Location             Delay type                Incr(ns)  Path(ns)    Netlist Resource(s)
  -------------------------------------------------------------------    -------------------
                         (clock clk rise edge)        0.000     0.000 r  
    E15                                               0.000     0.000 r  clk (IN)
                         net (fo=0)                   0.000     0.000    clk
    E15                  IBUF (Prop_ibuf_I_O)         0.993     0.993 r  clk_IBUF_inst/O
                         net (fo=1, routed)           1.972     2.964    clk_IBUF
    BUFGCTRL_X0Y16       BUFG (Prop_bufg_I_O)         0.096     3.060 r  clk_IBUF_BUFG_inst/O
                         net (fo=259, routed)         1.556     4.616    u_ray_march/clk_IBUF_BUFG
    SLICE_X8Y50          FDCE                                         r  u_ray_march/y_reg[17]/C
  -------------------------------------------------------------------    -------------------
    SLICE_X8Y50          FDCE (Prop_fdce_C_Q)         0.518     5.134 f  u_ray_march/y_reg[17]/Q
                         net (fo=2, routed)           0.810     5.944    u_ray_march/y_reg[17]
    SLICE_X8Y51          LUT6 (Prop_lut6_I1_O)        0.124     6.068 f  u_ray_march/g0_b1_i_16/O
                         net (fo=58, routed)          0.722     6.790    u_ray_march/g0_b1_i_16_n_0
    SLICE_X9Y51          LUT6 (Prop_lut6_I5_O)        0.124     6.914 f  u_ray_march/g0_b1_i_5/O
                         net (fo=323, routed)         1.259     8.173    u_ray_march/g0_b1_i_5_n_0
    SLICE_X10Y47         LUT5 (Prop_lut5_I1_O)        0.124     8.297 r  u_ray_march/p_0_out_inferred__1/g0_b1_i_773/O
                         net (fo=12, routed)          1.053     9.350    u_ray_march/p_0_out_inferred__1/g0_b1_i_773_n_0
    SLICE_X12Y54         LUT6 (Prop_lut6_I2_O)        0.124     9.474 r  u_ray_march/p_0_out_inferred__1/g0_b1_i_521/O
                         net (fo=1, routed)           0.669    10.143    u_ray_march/p_0_out_inferred__1/g0_b1_i_521_n_0
    SLICE_X12Y54         LUT5 (Prop_lut5_I1_O)        0.124    10.267 r  u_ray_march/p_0_out_inferred__1/g0_b1_i_202/O
                         net (fo=1, routed)           0.000    10.267    u_ray_march/p_0_out_inferred__1/g0_b1_i_202_n_0
    SLICE_X12Y54         MUXF7 (Prop_muxf7_I1_O)      0.214    10.481 r  u_ray_march/p_0_out_inferred__1/g0_b1_i_75/O
                         net (fo=1, routed)           0.876    11.357    u_ray_march/p_0_out_inferred__1/g0_b1_i_75_n_0
    SLICE_X10Y63         LUT6 (Prop_lut6_I5_O)        0.297    11.654 r  u_ray_march/p_0_out_inferred__1/g0_b1_i_30/O
                         net (fo=1, routed)           1.017    12.671    u_ray_march/p_0_out_inferred__1/g0_b1_i_30_n_0
    SLICE_X10Y44         LUT6 (Prop_lut6_I5_O)        0.124    12.795 r  u_ray_march/p_0_out_inferred__1/g0_b1_i_9/O
                         net (fo=1, routed)           0.000    12.795    u_ray_march/p_0_out_inferred__1/g0_b1_i_9_n_0
    SLICE_X10Y44         MUXF7 (Prop_muxf7_I0_O)      0.209    13.004 r  u_ray_march/p_0_out_inferred__1/g0_b1_i_2/O
                         net (fo=47, routed)          1.125    14.129    u_ray_march/sel[1]
    SLICE_X6Y43          LUT6 (Prop_lut6_I1_O)        0.297    14.426 r  u_ray_march/g0_b2__0/O
                         net (fo=2, routed)           0.716    15.142    u_ray_march/p_0_out[2]
    SLICE_X8Y46          LUT4 (Prop_lut4_I0_O)        0.124    15.266 r  u_ray_march/y[0]_i_7/O
                         net (fo=1, routed)           0.000    15.266    u_ray_march/y[0]_i_7_n_0
    SLICE_X8Y46          CARRY4 (Prop_carry4_S[2]_CO[3])
                                                      0.380    15.646 r  u_ray_march/y_reg[0]_i_1/CO[3]
                         net (fo=1, routed)           0.000    15.646    u_ray_march/y_reg[0]_i_1_n_0
    SLICE_X8Y47          CARRY4 (Prop_carry4_CI_CO[3])
                                                      0.117    15.763 r  u_ray_march/y_reg[4]_i_1/CO[3]
                         net (fo=1, routed)           0.000    15.763    u_ray_march/y_reg[4]_i_1_n_0
    SLICE_X8Y48          CARRY4 (Prop_carry4_CI_CO[3])
                                                      0.117    15.880 r  u_ray_march/y_reg[8]_i_1/CO[3]
                         net (fo=1, routed)           0.000    15.880    u_ray_march/y_reg[8]_i_1_n_0
    SLICE_X8Y49          CARRY4 (Prop_carry4_CI_O[0])
                                                      0.219    16.099 r  u_ray_march/y_reg[12]_i_1/O[0]
                         net (fo=1, routed)           0.334    16.433    u_ray_march/y_reg[12]_i_1_n_7
    SLICE_X9Y48          FDCE                                         r  u_ray_march/y_reg[12]/D
  -------------------------------------------------------------------    -------------------

                         (clock clk rise edge)       10.000    10.000 r  
    E15                                               0.000    10.000 r  clk (IN)
                         net (fo=0)                   0.000    10.000    clk
    E15                  IBUF (Prop_ibuf_I_O)         0.859    10.859 r  clk_IBUF_inst/O
                         net (fo=1, routed)           1.868    12.727    clk_IBUF
    BUFGCTRL_X0Y16       BUFG (Prop_bufg_I_O)         0.091    12.818 r  clk_IBUF_BUFG_inst/O
                         net (fo=259, routed)         1.454    14.272    u_ray_march/clk_IBUF_BUFG
    SLICE_X9Y48          FDCE                                         r  u_ray_march/y_reg[12]/C
                         clock pessimism              0.242    14.515    
                         clock uncertainty           -0.035    14.479    
    SLICE_X9Y48          FDCE (Setup_fdce_C_D)       -0.214    14.265    u_ray_march/y_reg[12]
  -------------------------------------------------------------------
                         required time                         14.265    
                         arrival time                         -16.433    
  -------------------------------------------------------------------
                         slack                                 -2.168    




