Copyright 1986-2022 Xilinx, Inc. All Rights Reserved. Copyright 2022-2024 Advanced Micro Devices, Inc. All Rights Reserved.
---------------------------------------------------------------------------------------------------------------------------------------------
| Tool Version : Vivado v.2024.1 (win64) Build 5076996 Wed May 22 18:37:14 MDT 2024
| Date         : Wed Sep  2 02:55:01 2026
| Host         : BOOK-S5JNKNEIOB running 64-bit major release  (build 9200)
| Command      : report_timing_summary -file timing_oct_arb.rpt -max_paths 5
| Design       : particle_scorer_oct_arb
| Device       : 7a35ti-csg324
| Speed File   : -1L  PRODUCTION 1.23 2018-06-13
| Design State : Synthesized
---------------------------------------------------------------------------------------------------------------------------------------------

Timing Summary Report

------------------------------------------------------------------------------------------------
| Timer Settings
| --------------
------------------------------------------------------------------------------------------------

  Enable Multi Corner Analysis               :  Yes
  Enable Pessimism Removal                   :  Yes
  Pessimism Removal Resolution               :  Nearest Common Node
  Enable Input Delay Default Clock           :  No
  Enable Preset / Clear Arcs                 :  No
  Disable Flight Delays                      :  No
  Ignore I/O Paths                           :  No
  Timing Early Launch at Borrowing Latches   :  No
  Borrow Time for Max Delay Exceptions       :  Yes
  Merge Timing Exceptions                    :  Yes
  Inter-SLR Compensation                     :  Conservative

  Corner  Analyze    Analyze    
  Name    Max Paths  Min Paths  
  ------  ---------  ---------  
  Slow    Yes        Yes        
  Fast    Yes        Yes        


------------------------------------------------------------------------------------------------
| Report Methodology
| ------------------
------------------------------------------------------------------------------------------------

No report available as report_methodology has not been run prior. Run report_methodology on the current design for the summary of methodology violations.



check_timing report

Table of Contents
-----------------
1. checking no_clock (0)
2. checking constant_clock (0)
3. checking pulse_width_clock (0)
4. checking unconstrained_internal_endpoints (0)
5. checking no_input_delay (673)
6. checking no_output_delay (176)
7. checking multiple_clock (0)
8. checking generated_clocks (0)
9. checking loops (0)
10. checking partial_input_delay (0)
11. checking partial_output_delay (0)
12. checking latch_loops (0)

1. checking no_clock (0)
------------------------
 There are 0 register/latch pins with no clock.


2. checking constant_clock (0)
------------------------------
 There are 0 register/latch pins with constant_clock.


3. checking pulse_width_clock (0)
---------------------------------
 There are 0 register/latch pins which need pulse_width check


4. checking unconstrained_internal_endpoints (0)
------------------------------------------------
 There are 0 pins that are not constrained for maximum delay.

 There are 0 pins that are not constrained for maximum delay due to constant clock.


5. checking no_input_delay (673)
--------------------------------
 There are 673 input ports with no input delay specified. (HIGH)

 There are 0 input ports with no input delay but user has a false path constraint.


6. checking no_output_delay (176)
---------------------------------
 There are 176 ports with no output delay specified. (HIGH)

 There are 0 ports with no output delay but user has a false path constraint

 There are 0 ports with no output delay but with a timing clock defined on it or propagating through it


7. checking multiple_clock (0)
------------------------------
 There are 0 register/latch pins with multiple clocks.


8. checking generated_clocks (0)
--------------------------------
 There are 0 generated clocks that are not connected to a clock source.


9. checking loops (0)
---------------------
 There are 0 combinational loops in the design.


10. checking partial_input_delay (0)
------------------------------------
 There are 0 input ports with partial input delay specified.


11. checking partial_output_delay (0)
-------------------------------------
 There are 0 ports with partial output delay specified.


12. checking latch_loops (0)
----------------------------
 There are 0 combinational latch loops in the design through latch input



------------------------------------------------------------------------------------------------
| Design Timing Summary
| ---------------------
------------------------------------------------------------------------------------------------

    WNS(ns)      TNS(ns)  TNS Failing Endpoints  TNS Total Endpoints      WHS(ns)      THS(ns)  THS Failing Endpoints  THS Total Endpoints     WPWS(ns)     TPWS(ns)  TPWS Failing Endpoints  TPWS Total Endpoints  
    -------      -------  ---------------------  -------------------      -------      -------  ---------------------  -------------------     --------     --------  ----------------------  --------------------  
     -2.438     -496.032                    376                 2909        0.129        0.000                      0                 2909        4.500        0.000                       0                  1547  


Timing constraints are not met.


------------------------------------------------------------------------------------------------
| Clock Summary
| -------------
------------------------------------------------------------------------------------------------

Clock  Waveform(ns)       Period(ns)      Frequency(MHz)
-----  ------------       ----------      --------------
clk    {0.000 5.000}      10.000          100.000         


------------------------------------------------------------------------------------------------
| Intra Clock Table
| -----------------
------------------------------------------------------------------------------------------------

Clock             WNS(ns)      TNS(ns)  TNS Failing Endpoints  TNS Total Endpoints      WHS(ns)      THS(ns)  THS Failing Endpoints  THS Total Endpoints     WPWS(ns)     TPWS(ns)  TPWS Failing Endpoints  TPWS Total Endpoints  
-----             -------      -------  ---------------------  -------------------      -------      -------  ---------------------  -------------------     --------     --------  ----------------------  --------------------  
clk                -2.438     -496.032                    376                 2909        0.129        0.000                      0                 2909        4.500        0.000                       0                  1547  


------------------------------------------------------------------------------------------------
| Inter Clock Table
| -----------------
------------------------------------------------------------------------------------------------

From Clock    To Clock          WNS(ns)      TNS(ns)  TNS Failing Endpoints  TNS Total Endpoints      WHS(ns)      THS(ns)  THS Failing Endpoints  THS Total Endpoints  
----------    --------          -------      -------  ---------------------  -------------------      -------      -------  ---------------------  -------------------  


------------------------------------------------------------------------------------------------
| Other Path Groups Table
| -----------------------
------------------------------------------------------------------------------------------------

Path Group    From Clock    To Clock          WNS(ns)      TNS(ns)  TNS Failing Endpoints  TNS Total Endpoints      WHS(ns)      THS(ns)  THS Failing Endpoints  THS Total Endpoints  
----------    ----------    --------          -------      -------  ---------------------  -------------------      -------      -------  ---------------------  -------------------  


------------------------------------------------------------------------------------------------
| Timing Details
| --------------
------------------------------------------------------------------------------------------------


---------------------------------------------------------------------------------------------------
From Clock:  clk
  To Clock:  clk

Setup :          376  Failing Endpoints,  Worst Slack       -2.438ns,  Total Violation     -496.032ns
Hold  :            0  Failing Endpoints,  Worst Slack        0.129ns,  Total Violation        0.000ns
PW    :            0  Failing Endpoints,  Worst Slack        4.500ns,  Total Violation        0.000ns
---------------------------------------------------------------------------------------------------


Max Delay Paths
--------------------------------------------------------------------------------------
Slack (VIOLATED) :        -2.438ns  (required time - arrival time)
  Source:                 u_scorer0/u_ray_march/y_reg[13]/C
                            (rising edge-triggered cell FDCE clocked by clk  {rise@0.000ns fall@5.000ns period=10.000ns})
  Destination:            u_scorer0/u_ray_march/x_reg[9]_rep/D
                            (rising edge-triggered cell FDCE clocked by clk  {rise@0.000ns fall@5.000ns period=10.000ns})
  Path Group:             clk
  Path Type:              Setup (Max at Slow Process Corner)
  Requirement:            10.000ns  (clk rise@10.000ns - clk rise@0.000ns)
  Data Path Delay:        12.012ns  (logic 3.022ns (25.158%)  route 8.990ns (74.842%))
  Logic Levels:           13  (CARRY4=3 LUT3=1 LUT6=8 MUXF7=1)
  Clock Path Skew:        -0.145ns (DCD - SCD + CPR)
    Destination Clock Delay (DCD):    2.129ns = ( 12.129 - 10.000 ) 
    Source Clock Delay      (SCD):    2.453ns
    Clock Pessimism Removal (CPR):    0.179ns
  Clock Uncertainty:      0.035ns  ((TSJ^2 + TIJ^2)^1/2 + DJ) / 2 + PE
    Total System Jitter     (TSJ):    0.071ns
    Total Input Jitter      (TIJ):    0.000ns
    Discrete Jitter          (DJ):    0.000ns
    Phase Error              (PE):    0.000ns

    Location             Delay type                Incr(ns)  Path(ns)    Netlist Resource(s)
  -------------------------------------------------------------------    -------------------
                         (clock clk rise edge)        0.000     0.000 r  
                                                      0.000     0.000 r  clk (IN)
                         net (fo=0)                   0.000     0.000    clk
                         IBUF (Prop_ibuf_I_O)         0.973     0.973 r  clk_IBUF_inst/O
                         net (fo=1, unplaced)         0.800     1.773    clk_IBUF
                         BUFG (Prop_bufg_I_O)         0.096     1.869 r  clk_IBUF_BUFG_inst/O
                         net (fo=1546, unplaced)      0.584     2.453    u_scorer0/u_ray_march/clk_IBUF_BUFG
                         FDCE                                         r  u_scorer0/u_ray_march/y_reg[13]/C
  -------------------------------------------------------------------    -------------------
                         FDCE (Prop_fdce_C_Q)         0.456     2.909 f  u_scorer0/u_ray_march/y_reg[13]/Q
                         net (fo=6, unplaced)         0.997     3.906    u_scorer0/u_ray_march/y_reg[13]
                         LUT6 (Prop_lut6_I0_O)        0.295     4.201 f  u_scorer0/u_ray_march/running_i_5/O
                         net (fo=60, unplaced)        0.506     4.707    u_scorer0/u_ray_march/running_i_5_n_0
                         LUT3 (Prop_lut3_I1_O)        0.124     4.831 r  u_scorer0/u_ray_march/x[0]_i_425/O
                         net (fo=118, unplaced)       1.215     6.046    u_scorer0/u_ray_march/x[0]_i_425_n_0
                         LUT6 (Prop_lut6_I1_O)        0.124     6.170 f  u_scorer0/u_ray_march/x[0]_i_984/O
                         net (fo=1, unplaced)         0.000     6.170    u_scorer0/u_ray_march/x[0]_i_984_n_0
                         MUXF7 (Prop_muxf7_I1_O)      0.245     6.415 f  u_scorer0/u_ray_march/x_reg[0]_i_608/O
                         net (fo=1, unplaced)         0.905     7.320    u_scorer0/u_ray_march/x_reg[0]_i_608_n_0
                         LUT6 (Prop_lut6_I1_O)        0.298     7.618 f  u_scorer0/u_ray_march/x[0]_i_266/O
                         net (fo=1, unplaced)         0.902     8.520    u_scorer0/u_ray_march/x[0]_i_266_n_0
                         LUT6 (Prop_lut6_I1_O)        0.124     8.644 f  u_scorer0/u_ray_march/x[0]_i_110/O
                         net (fo=1, unplaced)         0.902     9.546    u_scorer0/u_ray_march/x[0]_i_110_n_0
                         LUT6 (Prop_lut6_I0_O)        0.124     9.670 f  u_scorer0/u_ray_march/x[0]_i_52/O
                         net (fo=1, unplaced)         0.902    10.572    u_scorer0/u_ray_march/x[0]_i_52_n_0
                         LUT6 (Prop_lut6_I1_O)        0.124    10.696 f  u_scorer0/u_ray_march/x[0]_i_29/O
                         net (fo=3, unplaced)         0.437    11.133    u_scorer0/u_ray_march/x[0]_i_29_n_0
                         LUT6 (Prop_lut6_I1_O)        0.124    11.257 r  u_scorer0/u_ray_march/x[0]_i_14/O
                         net (fo=60, unplaced)        1.198    12.455    u_scorer0/u_ray_march/x[0]_i_14_n_0
                         LUT6 (Prop_lut6_I0_O)        0.124    12.579 r  u_scorer0/u_ray_march/x[0]_i_4/O
                         net (fo=1, unplaced)         0.474    13.053    u_scorer0/u_ray_march/x[0]_i_4_n_0
                         CARRY4 (Prop_carry4_DI[2]_CO[3])
                                                      0.398    13.451 r  u_scorer0/u_ray_march/x_reg[0]_i_2/CO[3]
                         net (fo=1, unplaced)         0.009    13.460    u_scorer0/u_ray_march/x_reg[0]_i_2_n_0
                         CARRY4 (Prop_carry4_CI_CO[3])
                                                      0.114    13.574 r  u_scorer0/u_ray_march/x_reg[4]_i_1/CO[3]
                         net (fo=1, unplaced)         0.000    13.574    u_scorer0/u_ray_march/x_reg[4]_i_1_n_0
                         CARRY4 (Prop_carry4_CI_O[1])
                                                      0.348    13.922 r  u_scorer0/u_ray_march/x_reg[8]_i_1/O[1]
                         net (fo=3, unplaced)         0.543    14.465    u_scorer0/u_ray_march/x_reg[8]_i_1_n_6
                         FDCE                                         r  u_scorer0/u_ray_march/x_reg[9]_rep/D
  -------------------------------------------------------------------    -------------------

                         (clock clk rise edge)       10.000    10.000 r  
                                                      0.000    10.000 r  clk (IN)
                         net (fo=0)                   0.000    10.000    clk
                         IBUF (Prop_ibuf_I_O)         0.840    10.840 r  clk_IBUF_inst/O
                         net (fo=1, unplaced)         0.760    11.599    clk_IBUF
                         BUFG (Prop_bufg_I_O)         0.091    11.690 r  clk_IBUF_BUFG_inst/O
                         net (fo=1546, unplaced)      0.439    12.129    u_scorer0/u_ray_march/clk_IBUF_BUFG
                         FDCE                                         r  u_scorer0/u_ray_march/x_reg[9]_rep/C
                         clock pessimism              0.179    12.308    
                         clock uncertainty           -0.035    12.273    
                         FDCE (Setup_fdce_C_D)       -0.246    12.027    u_scorer0/u_ray_march/x_reg[9]_rep
  -------------------------------------------------------------------
                         required time                         12.027    
                         arrival time                         -14.465    
  -------------------------------------------------------------------
                         slack                                 -2.438    

Slack (VIOLATED) :        -2.438ns  (required time - arrival time)
  Source:                 u_scorer0/u_ray_march/y_reg[13]/C
                            (rising edge-triggered cell FDCE clocked by clk  {rise@0.000ns fall@5.000ns period=10.000ns})
  Destination:            u_scorer0/u_ray_march/x_reg[9]_rep__0/D
                            (rising edge-triggered cell FDCE clocked by clk  {rise@0.000ns fall@5.000ns period=10.000ns})
  Path Group:             clk
  Path Type:              Setup (Max at Slow Process Corner)
  Requirement:            10.000ns  (clk rise@10.000ns - clk rise@0.000ns)
  Data Path Delay:        12.012ns  (logic 3.022ns (25.158%)  route 8.990ns (74.842%))
  Logic Levels:           13  (CARRY4=3 LUT3=1 LUT6=8 MUXF7=1)
  Clock Path Skew:        -0.145ns (DCD - SCD + CPR)
    Destination Clock Delay (DCD):    2.129ns = ( 12.129 - 10.000 ) 
    Source Clock Delay      (SCD):    2.453ns
    Clock Pessimism Removal (CPR):    0.179ns
  Clock Uncertainty:      0.035ns  ((TSJ^2 + TIJ^2)^1/2 + DJ) / 2 + PE
    Total System Jitter     (TSJ):    0.071ns
    Total Input Jitter      (TIJ):    0.000ns
    Discrete Jitter          (DJ):    0.000ns
    Phase Error              (PE):    0.000ns

    Location             Delay type                Incr(ns)  Path(ns)    Netlist Resource(s)
  -------------------------------------------------------------------    -------------------
                         (clock clk rise edge)        0.000     0.000 r  
                                                      0.000     0.000 r  clk (IN)
                         net (fo=0)                   0.000     0.000    clk
                         IBUF (Prop_ibuf_I_O)         0.973     0.973 r  clk_IBUF_inst/O
                         net (fo=1, unplaced)         0.800     1.773    clk_IBUF
                         BUFG (Prop_bufg_I_O)         0.096     1.869 r  clk_IBUF_BUFG_inst/O
                         net (fo=1546, unplaced)      0.584     2.453    u_scorer0/u_ray_march/clk_IBUF_BUFG
                         FDCE                                         r  u_scorer0/u_ray_march/y_reg[13]/C
  -------------------------------------------------------------------    -------------------
                         FDCE (Prop_fdce_C_Q)         0.456     2.909 f  u_scorer0/u_ray_march/y_reg[13]/Q
                         net (fo=6, unplaced)         0.997     3.906    u_scorer0/u_ray_march/y_reg[13]
                         LUT6 (Prop_lut6_I0_O)        0.295     4.201 f  u_scorer0/u_ray_march/running_i_5/O
                         net (fo=60, unplaced)        0.506     4.707    u_scorer0/u_ray_march/running_i_5_n_0
                         LUT3 (Prop_lut3_I1_O)        0.124     4.831 r  u_scorer0/u_ray_march/x[0]_i_425/O
                         net (fo=118, unplaced)       1.215     6.046    u_scorer0/u_ray_march/x[0]_i_425_n_0
                         LUT6 (Prop_lut6_I1_O)        0.124     6.170 f  u_scorer0/u_ray_march/x[0]_i_984/O
                         net (fo=1, unplaced)         0.000     6.170    u_scorer0/u_ray_march/x[0]_i_984_n_0
                         MUXF7 (Prop_muxf7_I1_O)      0.245     6.415 f  u_scorer0/u_ray_march/x_reg[0]_i_608/O
                         net (fo=1, unplaced)         0.905     7.320    u_scorer0/u_ray_march/x_reg[0]_i_608_n_0
                         LUT6 (Prop_lut6_I1_O)        0.298     7.618 f  u_scorer0/u_ray_march/x[0]_i_266/O
                         net (fo=1, unplaced)         0.902     8.520    u_scorer0/u_ray_march/x[0]_i_266_n_0
                         LUT6 (Prop_lut6_I1_O)        0.124     8.644 f  u_scorer0/u_ray_march/x[0]_i_110/O
                         net (fo=1, unplaced)         0.902     9.546    u_scorer0/u_ray_march/x[0]_i_110_n_0
                         LUT6 (Prop_lut6_I0_O)        0.124     9.670 f  u_scorer0/u_ray_march/x[0]_i_52/O
                         net (fo=1, unplaced)         0.902    10.572    u_scorer0/u_ray_march/x[0]_i_52_n_0
                         LUT6 (Prop_lut6_I1_O)        0.124    10.696 f  u_scorer0/u_ray_march/x[0]_i_29/O
                         net (fo=3, unplaced)         0.437    11.133    u_scorer0/u_ray_march/x[0]_i_29_n_0
                         LUT6 (Prop_lut6_I1_O)        0.124    11.257 r  u_scorer0/u_ray_march/x[0]_i_14/O
                         net (fo=60, unplaced)        1.198    12.455    u_scorer0/u_ray_march/x[0]_i_14_n_0
                         LUT6 (Prop_lut6_I0_O)        0.124    12.579 r  u_scorer0/u_ray_march/x[0]_i_4/O
                         net (fo=1, unplaced)         0.474    13.053    u_scorer0/u_ray_march/x[0]_i_4_n_0
                         CARRY4 (Prop_carry4_DI[2]_CO[3])
                                                      0.398    13.451 r  u_scorer0/u_ray_march/x_reg[0]_i_2/CO[3]
                         net (fo=1, unplaced)         0.009    13.460    u_scorer0/u_ray_march/x_reg[0]_i_2_n_0
                         CARRY4 (Prop_carry4_CI_CO[3])
                                                      0.114    13.574 r  u_scorer0/u_ray_march/x_reg[4]_i_1/CO[3]
                         net (fo=1, unplaced)         0.000    13.574    u_scorer0/u_ray_march/x_reg[4]_i_1_n_0
                         CARRY4 (Prop_carry4_CI_O[1])
                                                      0.348    13.922 r  u_scorer0/u_ray_march/x_reg[8]_i_1/O[1]
                         net (fo=3, unplaced)         0.543    14.465    u_scorer0/u_ray_march/x_reg[8]_i_1_n_6
                         FDCE                                         r  u_scorer0/u_ray_march/x_reg[9]_rep__0/D
  -------------------------------------------------------------------    -------------------

                         (clock clk rise edge)       10.000    10.000 r  
                                                      0.000    10.000 r  clk (IN)
                         net (fo=0)                   0.000    10.000    clk
                         IBUF (Prop_ibuf_I_O)         0.840    10.840 r  clk_IBUF_inst/O
                         net (fo=1, unplaced)         0.760    11.599    clk_IBUF
                         BUFG (Prop_bufg_I_O)         0.091    11.690 r  clk_IBUF_BUFG_inst/O
                         net (fo=1546, unplaced)      0.439    12.129    u_scorer0/u_ray_march/clk_IBUF_BUFG
                         FDCE                                         r  u_scorer0/u_ray_march/x_reg[9]_rep__0/C
                         clock pessimism              0.179    12.308    
                         clock uncertainty           -0.035    12.273    
                         FDCE (Setup_fdce_C_D)       -0.246    12.027    u_scorer0/u_ray_march/x_reg[9]_rep__0
  -------------------------------------------------------------------
                         required time                         12.027    
                         arrival time                         -14.465    
  -------------------------------------------------------------------
                         slack                                 -2.438    

Slack (VIOLATED) :        -2.438ns  (required time - arrival time)
  Source:                 u_scorer2/u_ray_march/y_reg[13]/C
                            (rising edge-triggered cell FDCE clocked by clk  {rise@0.000ns fall@5.000ns period=10.000ns})
  Destination:            u_scorer2/u_ray_march/x_reg[9]_rep/D
                            (rising edge-triggered cell FDCE clocked by clk  {rise@0.000ns fall@5.000ns period=10.000ns})
  Path Group:             clk
  Path Type:              Setup (Max at Slow Process Corner)
  Requirement:            10.000ns  (clk rise@10.000ns - clk rise@0.000ns)
  Data Path Delay:        12.012ns  (logic 3.022ns (25.158%)  route 8.990ns (74.842%))
  Logic Levels:           13  (CARRY4=3 LUT3=1 LUT6=8 MUXF7=1)
  Clock Path Skew:        -0.145ns (DCD - SCD + CPR)
    Destination Clock Delay (DCD):    2.129ns = ( 12.129 - 10.000 ) 
    Source Clock Delay      (SCD):    2.453ns
    Clock Pessimism Removal (CPR):    0.179ns
  Clock Uncertainty:      0.035ns  ((TSJ^2 + TIJ^2)^1/2 + DJ) / 2 + PE
    Total System Jitter     (TSJ):    0.071ns
    Total Input Jitter      (TIJ):    0.000ns
    Discrete Jitter          (DJ):    0.000ns
    Phase Error              (PE):    0.000ns

    Location             Delay type                Incr(ns)  Path(ns)    Netlist Resource(s)
  -------------------------------------------------------------------    -------------------
                         (clock clk rise edge)        0.000     0.000 r  
                                                      0.000     0.000 r  clk (IN)
                         net (fo=0)                   0.000     0.000    clk
                         IBUF (Prop_ibuf_I_O)         0.973     0.973 r  clk_IBUF_inst/O
                         net (fo=1, unplaced)         0.800     1.773    clk_IBUF
                         BUFG (Prop_bufg_I_O)         0.096     1.869 r  clk_IBUF_BUFG_inst/O
                         net (fo=1546, unplaced)      0.584     2.453    u_scorer2/u_ray_march/clk_IBUF_BUFG
                         FDCE                                         r  u_scorer2/u_ray_march/y_reg[13]/C
  -------------------------------------------------------------------    -------------------
                         FDCE (Prop_fdce_C_Q)         0.456     2.909 f  u_scorer2/u_ray_march/y_reg[13]/Q
                         net (fo=6, unplaced)         0.997     3.906    u_scorer2/u_ray_march/y_reg[13]
                         LUT6 (Prop_lut6_I0_O)        0.295     4.201 f  u_scorer2/u_ray_march/running_i_4__1/O
                         net (fo=60, unplaced)        0.506     4.707    u_scorer2/u_ray_march/running_i_4__1_n_0
                         LUT3 (Prop_lut3_I1_O)        0.124     4.831 r  u_scorer2/u_ray_march/x[0]_i_425__1/O
                         net (fo=118, unplaced)       1.215     6.046    u_scorer2/u_ray_march/x[0]_i_425__1_n_0
                         LUT6 (Prop_lut6_I1_O)        0.124     6.170 f  u_scorer2/u_ray_march/x[0]_i_984__1/O
                         net (fo=1, unplaced)         0.000     6.170    u_scorer2/u_ray_march/x[0]_i_984__1_n_0
                         MUXF7 (Prop_muxf7_I1_O)      0.245     6.415 f  u_scorer2/u_ray_march/x_reg[0]_i_608__1/O
                         net (fo=1, unplaced)         0.905     7.320    u_scorer2/u_ray_march/x_reg[0]_i_608__1_n_0
                         LUT6 (Prop_lut6_I1_O)        0.298     7.618 f  u_scorer2/u_ray_march/x[0]_i_266__1/O
                         net (fo=1, unplaced)         0.902     8.520    u_scorer2/u_ray_march/x[0]_i_266__1_n_0
                         LUT6 (Prop_lut6_I1_O)        0.124     8.644 f  u_scorer2/u_ray_march/x[0]_i_110__1/O
                         net (fo=1, unplaced)         0.902     9.546    u_scorer2/u_ray_march/x[0]_i_110__1_n_0
                         LUT6 (Prop_lut6_I0_O)        0.124     9.670 f  u_scorer2/u_ray_march/x[0]_i_52__1/O
                         net (fo=1, unplaced)         0.902    10.572    u_scorer2/u_ray_march/x[0]_i_52__1_n_0
                         LUT6 (Prop_lut6_I1_O)        0.124    10.696 f  u_scorer2/u_ray_march/x[0]_i_29__1/O
                         net (fo=3, unplaced)         0.437    11.133    u_scorer2/u_ray_march/x[0]_i_29__1_n_0
                         LUT6 (Prop_lut6_I1_O)        0.124    11.257 r  u_scorer2/u_ray_march/x[0]_i_14__1/O
                         net (fo=60, unplaced)        1.198    12.455    u_scorer2/u_ray_march/x[0]_i_14__1_n_0
                         LUT6 (Prop_lut6_I0_O)        0.124    12.579 r  u_scorer2/u_ray_march/x[0]_i_4__1/O
                         net (fo=1, unplaced)         0.474    13.053    u_scorer2/u_ray_march/x[0]_i_4__1_n_0
                         CARRY4 (Prop_carry4_DI[2]_CO[3])
                                                      0.398    13.451 r  u_scorer2/u_ray_march/x_reg[0]_i_2__1/CO[3]
                         net (fo=1, unplaced)         0.009    13.460    u_scorer2/u_ray_march/x_reg[0]_i_2__1_n_0
                         CARRY4 (Prop_carry4_CI_CO[3])
                                                      0.114    13.574 r  u_scorer2/u_ray_march/x_reg[4]_i_1__1/CO[3]
                         net (fo=1, unplaced)         0.000    13.574    u_scorer2/u_ray_march/x_reg[4]_i_1__1_n_0
                         CARRY4 (Prop_carry4_CI_O[1])
                                                      0.348    13.922 r  u_scorer2/u_ray_march/x_reg[8]_i_1__1/O[1]
                         net (fo=3, unplaced)         0.543    14.465    u_scorer2/u_ray_march/x_reg[8]_i_1__1_n_6
                         FDCE                                         r  u_scorer2/u_ray_march/x_reg[9]_rep/D
  -------------------------------------------------------------------    -------------------

                         (clock clk rise edge)       10.000    10.000 r  
                                                      0.000    10.000 r  clk (IN)
                         net (fo=0)                   0.000    10.000    clk
                         IBUF (Prop_ibuf_I_O)         0.840    10.840 r  clk_IBUF_inst/O
                         net (fo=1, unplaced)         0.760    11.599    clk_IBUF
                         BUFG (Prop_bufg_I_O)         0.091    11.690 r  clk_IBUF_BUFG_inst/O
                         net (fo=1546, unplaced)      0.439    12.129    u_scorer2/u_ray_march/clk_IBUF_BUFG
                         FDCE                                         r  u_scorer2/u_ray_march/x_reg[9]_rep/C
                         clock pessimism              0.179    12.308    
                         clock uncertainty           -0.035    12.273    
                         FDCE (Setup_fdce_C_D)       -0.246    12.027    u_scorer2/u_ray_march/x_reg[9]_rep
  -------------------------------------------------------------------
                         required time                         12.027    
                         arrival time                         -14.465    
  -------------------------------------------------------------------
                         slack                                 -2.438    

Slack (VIOLATED) :        -2.438ns  (required time - arrival time)
  Source:                 u_scorer2/u_ray_march/y_reg[13]/C
                            (rising edge-triggered cell FDCE clocked by clk  {rise@0.000ns fall@5.000ns period=10.000ns})
  Destination:            u_scorer2/u_ray_march/x_reg[9]_rep__0/D
                            (rising edge-triggered cell FDCE clocked by clk  {rise@0.000ns fall@5.000ns period=10.000ns})
  Path Group:             clk
  Path Type:              Setup (Max at Slow Process Corner)
  Requirement:            10.000ns  (clk rise@10.000ns - clk rise@0.000ns)
  Data Path Delay:        12.012ns  (logic 3.022ns (25.158%)  route 8.990ns (74.842%))
  Logic Levels:           13  (CARRY4=3 LUT3=1 LUT6=8 MUXF7=1)
  Clock Path Skew:        -0.145ns (DCD - SCD + CPR)
    Destination Clock Delay (DCD):    2.129ns = ( 12.129 - 10.000 ) 
    Source Clock Delay      (SCD):    2.453ns
    Clock Pessimism Removal (CPR):    0.179ns
  Clock Uncertainty:      0.035ns  ((TSJ^2 + TIJ^2)^1/2 + DJ) / 2 + PE
    Total System Jitter     (TSJ):    0.071ns
    Total Input Jitter      (TIJ):    0.000ns
    Discrete Jitter          (DJ):    0.000ns
    Phase Error              (PE):    0.000ns

    Location             Delay type                Incr(ns)  Path(ns)    Netlist Resource(s)
  -------------------------------------------------------------------    -------------------
                         (clock clk rise edge)        0.000     0.000 r  
                                                      0.000     0.000 r  clk (IN)
                         net (fo=0)                   0.000     0.000    clk
                         IBUF (Prop_ibuf_I_O)         0.973     0.973 r  clk_IBUF_inst/O
                         net (fo=1, unplaced)         0.800     1.773    clk_IBUF
                         BUFG (Prop_bufg_I_O)         0.096     1.869 r  clk_IBUF_BUFG_inst/O
                         net (fo=1546, unplaced)      0.584     2.453    u_scorer2/u_ray_march/clk_IBUF_BUFG
                         FDCE                                         r  u_scorer2/u_ray_march/y_reg[13]/C
  -------------------------------------------------------------------    -------------------
                         FDCE (Prop_fdce_C_Q)         0.456     2.909 f  u_scorer2/u_ray_march/y_reg[13]/Q
                         net (fo=6, unplaced)         0.997     3.906    u_scorer2/u_ray_march/y_reg[13]
                         LUT6 (Prop_lut6_I0_O)        0.295     4.201 f  u_scorer2/u_ray_march/running_i_4__1/O
                         net (fo=60, unplaced)        0.506     4.707    u_scorer2/u_ray_march/running_i_4__1_n_0
                         LUT3 (Prop_lut3_I1_O)        0.124     4.831 r  u_scorer2/u_ray_march/x[0]_i_425__1/O
                         net (fo=118, unplaced)       1.215     6.046    u_scorer2/u_ray_march/x[0]_i_425__1_n_0
                         LUT6 (Prop_lut6_I1_O)        0.124     6.170 f  u_scorer2/u_ray_march/x[0]_i_984__1/O
                         net (fo=1, unplaced)         0.000     6.170    u_scorer2/u_ray_march/x[0]_i_984__1_n_0
                         MUXF7 (Prop_muxf7_I1_O)      0.245     6.415 f  u_scorer2/u_ray_march/x_reg[0]_i_608__1/O
                         net (fo=1, unplaced)         0.905     7.320    u_scorer2/u_ray_march/x_reg[0]_i_608__1_n_0
                         LUT6 (Prop_lut6_I1_O)        0.298     7.618 f  u_scorer2/u_ray_march/x[0]_i_266__1/O
                         net (fo=1, unplaced)         0.902     8.520    u_scorer2/u_ray_march/x[0]_i_266__1_n_0
                         LUT6 (Prop_lut6_I1_O)        0.124     8.644 f  u_scorer2/u_ray_march/x[0]_i_110__1/O
                         net (fo=1, unplaced)         0.902     9.546    u_scorer2/u_ray_march/x[0]_i_110__1_n_0
                         LUT6 (Prop_lut6_I0_O)        0.124     9.670 f  u_scorer2/u_ray_march/x[0]_i_52__1/O
                         net (fo=1, unplaced)         0.902    10.572    u_scorer2/u_ray_march/x[0]_i_52__1_n_0
                         LUT6 (Prop_lut6_I1_O)        0.124    10.696 f  u_scorer2/u_ray_march/x[0]_i_29__1/O
                         net (fo=3, unplaced)         0.437    11.133    u_scorer2/u_ray_march/x[0]_i_29__1_n_0
                         LUT6 (Prop_lut6_I1_O)        0.124    11.257 r  u_scorer2/u_ray_march/x[0]_i_14__1/O
                         net (fo=60, unplaced)        1.198    12.455    u_scorer2/u_ray_march/x[0]_i_14__1_n_0
                         LUT6 (Prop_lut6_I0_O)        0.124    12.579 r  u_scorer2/u_ray_march/x[0]_i_4__1/O
                         net (fo=1, unplaced)         0.474    13.053    u_scorer2/u_ray_march/x[0]_i_4__1_n_0
                         CARRY4 (Prop_carry4_DI[2]_CO[3])
                                                      0.398    13.451 r  u_scorer2/u_ray_march/x_reg[0]_i_2__1/CO[3]
                         net (fo=1, unplaced)         0.009    13.460    u_scorer2/u_ray_march/x_reg[0]_i_2__1_n_0
                         CARRY4 (Prop_carry4_CI_CO[3])
                                                      0.114    13.574 r  u_scorer2/u_ray_march/x_reg[4]_i_1__1/CO[3]
                         net (fo=1, unplaced)         0.000    13.574    u_scorer2/u_ray_march/x_reg[4]_i_1__1_n_0
                         CARRY4 (Prop_carry4_CI_O[1])
                                                      0.348    13.922 r  u_scorer2/u_ray_march/x_reg[8]_i_1__1/O[1]
                         net (fo=3, unplaced)         0.543    14.465    u_scorer2/u_ray_march/x_reg[8]_i_1__1_n_6
                         FDCE                                         r  u_scorer2/u_ray_march/x_reg[9]_rep__0/D
  -------------------------------------------------------------------    -------------------

                         (clock clk rise edge)       10.000    10.000 r  
                                                      0.000    10.000 r  clk (IN)
                         net (fo=0)                   0.000    10.000    clk
                         IBUF (Prop_ibuf_I_O)         0.840    10.840 r  clk_IBUF_inst/O
                         net (fo=1, unplaced)         0.760    11.599    clk_IBUF
                         BUFG (Prop_bufg_I_O)         0.091    11.690 r  clk_IBUF_BUFG_inst/O
                         net (fo=1546, unplaced)      0.439    12.129    u_scorer2/u_ray_march/clk_IBUF_BUFG
                         FDCE                                         r  u_scorer2/u_ray_march/x_reg[9]_rep__0/C
                         clock pessimism              0.179    12.308    
                         clock uncertainty           -0.035    12.273    
                         FDCE (Setup_fdce_C_D)       -0.246    12.027    u_scorer2/u_ray_march/x_reg[9]_rep__0
  -------------------------------------------------------------------
                         required time                         12.027    
                         arrival time                         -14.465    
  -------------------------------------------------------------------
                         slack                                 -2.438    

Slack (VIOLATED) :        -2.438ns  (required time - arrival time)
  Source:                 u_scorer3/u_ray_march/y_reg[13]/C
                            (rising edge-triggered cell FDCE clocked by clk  {rise@0.000ns fall@5.000ns period=10.000ns})
  Destination:            u_scorer3/u_ray_march/x_reg[9]_rep/D
                            (rising edge-triggered cell FDCE clocked by clk  {rise@0.000ns fall@5.000ns period=10.000ns})
  Path Group:             clk
  Path Type:              Setup (Max at Slow Process Corner)
  Requirement:            10.000ns  (clk rise@10.000ns - clk rise@0.000ns)
  Data Path Delay:        12.012ns  (logic 3.022ns (25.158%)  route 8.990ns (74.842%))
  Logic Levels:           13  (CARRY4=3 LUT3=1 LUT6=8 MUXF7=1)
  Clock Path Skew:        -0.145ns (DCD - SCD + CPR)
    Destination Clock Delay (DCD):    2.129ns = ( 12.129 - 10.000 ) 
    Source Clock Delay      (SCD):    2.453ns
    Clock Pessimism Removal (CPR):    0.179ns
  Clock Uncertainty:      0.035ns  ((TSJ^2 + TIJ^2)^1/2 + DJ) / 2 + PE
    Total System Jitter     (TSJ):    0.071ns
    Total Input Jitter      (TIJ):    0.000ns
    Discrete Jitter          (DJ):    0.000ns
    Phase Error              (PE):    0.000ns

    Location             Delay type                Incr(ns)  Path(ns)    Netlist Resource(s)
  -------------------------------------------------------------------    -------------------
                         (clock clk rise edge)        0.000     0.000 r  
                                                      0.000     0.000 r  clk (IN)
                         net (fo=0)                   0.000     0.000    clk
                         IBUF (Prop_ibuf_I_O)         0.973     0.973 r  clk_IBUF_inst/O
                         net (fo=1, unplaced)         0.800     1.773    clk_IBUF
                         BUFG (Prop_bufg_I_O)         0.096     1.869 r  clk_IBUF_BUFG_inst/O
                         net (fo=1546, unplaced)      0.584     2.453    u_scorer3/u_ray_march/clk_IBUF_BUFG
                         FDCE                                         r  u_scorer3/u_ray_march/y_reg[13]/C
  -------------------------------------------------------------------    -------------------
                         FDCE (Prop_fdce_C_Q)         0.456     2.909 f  u_scorer3/u_ray_march/y_reg[13]/Q
                         net (fo=6, unplaced)         0.997     3.906    u_scorer3/u_ray_march/y_reg[13]
                         LUT6 (Prop_lut6_I0_O)        0.295     4.201 f  u_scorer3/u_ray_march/running_i_4__2/O
                         net (fo=60, unplaced)        0.506     4.707    u_scorer3/u_ray_march/running_i_4__2_n_0
                         LUT3 (Prop_lut3_I1_O)        0.124     4.831 r  u_scorer3/u_ray_march/x[0]_i_425__2/O
                         net (fo=118, unplaced)       1.215     6.046    u_scorer3/u_ray_march/x[0]_i_425__2_n_0
                         LUT6 (Prop_lut6_I1_O)        0.124     6.170 f  u_scorer3/u_ray_march/x[0]_i_984__2/O
                         net (fo=1, unplaced)         0.000     6.170    u_scorer3/u_ray_march/x[0]_i_984__2_n_0
                         MUXF7 (Prop_muxf7_I1_O)      0.245     6.415 f  u_scorer3/u_ray_march/x_reg[0]_i_608__2/O
                         net (fo=1, unplaced)         0.905     7.320    u_scorer3/u_ray_march/x_reg[0]_i_608__2_n_0
                         LUT6 (Prop_lut6_I1_O)        0.298     7.618 f  u_scorer3/u_ray_march/x[0]_i_266__2/O
                         net (fo=1, unplaced)         0.902     8.520    u_scorer3/u_ray_march/x[0]_i_266__2_n_0
                         LUT6 (Prop_lut6_I1_O)        0.124     8.644 f  u_scorer3/u_ray_march/x[0]_i_110__2/O
                         net (fo=1, unplaced)         0.902     9.546    u_scorer3/u_ray_march/x[0]_i_110__2_n_0
                         LUT6 (Prop_lut6_I0_O)        0.124     9.670 f  u_scorer3/u_ray_march/x[0]_i_52__2/O
                         net (fo=1, unplaced)         0.902    10.572    u_scorer3/u_ray_march/x[0]_i_52__2_n_0
                         LUT6 (Prop_lut6_I1_O)        0.124    10.696 f  u_scorer3/u_ray_march/x[0]_i_29__2/O
                         net (fo=3, unplaced)         0.437    11.133    u_scorer3/u_ray_march/x[0]_i_29__2_n_0
                         LUT6 (Prop_lut6_I1_O)        0.124    11.257 r  u_scorer3/u_ray_march/x[0]_i_14__2/O
                         net (fo=60, unplaced)        1.198    12.455    u_scorer3/u_ray_march/x[0]_i_14__2_n_0
                         LUT6 (Prop_lut6_I0_O)        0.124    12.579 r  u_scorer3/u_ray_march/x[0]_i_4__2/O
                         net (fo=1, unplaced)         0.474    13.053    u_scorer3/u_ray_march/x[0]_i_4__2_n_0
                         CARRY4 (Prop_carry4_DI[2]_CO[3])
                                                      0.398    13.451 r  u_scorer3/u_ray_march/x_reg[0]_i_2__2/CO[3]
                         net (fo=1, unplaced)         0.009    13.460    u_scorer3/u_ray_march/x_reg[0]_i_2__2_n_0
                         CARRY4 (Prop_carry4_CI_CO[3])
                                                      0.114    13.574 r  u_scorer3/u_ray_march/x_reg[4]_i_1__2/CO[3]
                         net (fo=1, unplaced)         0.000    13.574    u_scorer3/u_ray_march/x_reg[4]_i_1__2_n_0
                         CARRY4 (Prop_carry4_CI_O[1])
                                                      0.348    13.922 r  u_scorer3/u_ray_march/x_reg[8]_i_1__2/O[1]
                         net (fo=3, unplaced)         0.543    14.465    u_scorer3/u_ray_march/x_reg[8]_i_1__2_n_6
                         FDCE                                         r  u_scorer3/u_ray_march/x_reg[9]_rep/D
  -------------------------------------------------------------------    -------------------

                         (clock clk rise edge)       10.000    10.000 r  
                                                      0.000    10.000 r  clk (IN)
                         net (fo=0)                   0.000    10.000    clk
                         IBUF (Prop_ibuf_I_O)         0.840    10.840 r  clk_IBUF_inst/O
                         net (fo=1, unplaced)         0.760    11.599    clk_IBUF
                         BUFG (Prop_bufg_I_O)         0.091    11.690 r  clk_IBUF_BUFG_inst/O
                         net (fo=1546, unplaced)      0.439    12.129    u_scorer3/u_ray_march/clk_IBUF_BUFG
                         FDCE                                         r  u_scorer3/u_ray_march/x_reg[9]_rep/C
                         clock pessimism              0.179    12.308    
                         clock uncertainty           -0.035    12.273    
                         FDCE (Setup_fdce_C_D)       -0.246    12.027    u_scorer3/u_ray_march/x_reg[9]_rep
  -------------------------------------------------------------------
                         required time                         12.027    
                         arrival time                         -14.465    
  -------------------------------------------------------------------
                         slack                                 -2.438    





Min Delay Paths
--------------------------------------------------------------------------------------
Slack (MET) :             0.129ns  (arrival time - required time)
  Source:                 u_scorer0/u_pe/weight_o_reg[11]/C
                            (rising edge-triggered cell FDCE clocked by clk  {rise@0.000ns fall@5.000ns period=10.000ns})
  Destination:            u_scorer0/u_pe/weight_o_reg[11]/D
                            (rising edge-triggered cell FDCE clocked by clk  {rise@0.000ns fall@5.000ns period=10.000ns})
  Path Group:             clk
  Path Type:              Hold (Min at Fast Process Corner)
  Requirement:            0.000ns  (clk rise@0.000ns - clk rise@0.000ns)
  Data Path Delay:        0.379ns  (logic 0.249ns (65.656%)  route 0.130ns (34.344%))
  Logic Levels:           2  (CARRY4=1 LUT6=1)
  Clock Path Skew:        0.145ns (DCD - SCD - CPR)
    Destination Clock Delay (DCD):    1.034ns
    Source Clock Delay      (SCD):    0.679ns
    Clock Pessimism Removal (CPR):    0.210ns

    Location             Delay type                Incr(ns)  Path(ns)    Netlist Resource(s)
  -------------------------------------------------------------------    -------------------
                         (clock clk rise edge)        0.000     0.000 r  
                                                      0.000     0.000 r  clk (IN)
                         net (fo=0)                   0.000     0.000    clk
                         IBUF (Prop_ibuf_I_O)         0.202     0.202 r  clk_IBUF_inst/O
                         net (fo=1, unplaced)         0.337     0.539    clk_IBUF
                         BUFG (Prop_bufg_I_O)         0.026     0.565 r  clk_IBUF_BUFG_inst/O
                         net (fo=1546, unplaced)      0.114     0.679    u_scorer0/u_pe/clk_IBUF_BUFG
                         FDCE                                         r  u_scorer0/u_pe/weight_o_reg[11]/C
  -------------------------------------------------------------------    -------------------
                         FDCE (Prop_fdce_C_Q)         0.141     0.820 r  u_scorer0/u_pe/weight_o_reg[11]/Q
                         net (fo=2, unplaced)         0.130     0.950    u_table_shared/weight_o0_OBUF[11]
                         LUT6 (Prop_lut6_I5_O)        0.045     0.995 r  u_table_shared/weight_o[8]_i_6__6/O
                         net (fo=1, unplaced)         0.000     0.995    u_table_shared/weight_o[8]_i_6__6_n_0
                         CARRY4 (Prop_carry4_S[3]_O[3])
                                                      0.063     1.058 r  u_table_shared/weight_o_reg[8]_i_1/O[3]
                         net (fo=1, unplaced)         0.000     1.058    u_scorer0/u_pe/weight_o_reg[11]_0[3]
                         FDCE                                         r  u_scorer0/u_pe/weight_o_reg[11]/D
  -------------------------------------------------------------------    -------------------

                         (clock clk rise edge)        0.000     0.000 r  
                                                      0.000     0.000 r  clk (IN)
                         net (fo=0)                   0.000     0.000    clk
                         IBUF (Prop_ibuf_I_O)         0.391     0.391 r  clk_IBUF_inst/O
                         net (fo=1, unplaced)         0.355     0.746    clk_IBUF
                         BUFG (Prop_bufg_I_O)         0.029     0.775 r  clk_IBUF_BUFG_inst/O
                         net (fo=1546, unplaced)      0.259     1.034    u_scorer0/u_pe/clk_IBUF_BUFG
                         FDCE                                         r  u_scorer0/u_pe/weight_o_reg[11]/C
                         clock pessimism             -0.210     0.824    
                         FDCE (Hold_fdce_C_D)         0.105     0.929    u_scorer0/u_pe/weight_o_reg[11]
  -------------------------------------------------------------------
                         required time                         -0.929    
                         arrival time                           1.058    
  -------------------------------------------------------------------
                         slack                                  0.129    

Slack (MET) :             0.129ns  (arrival time - required time)
  Source:                 u_scorer0/u_pe/weight_o_reg[15]/C
                            (rising edge-triggered cell FDCE clocked by clk  {rise@0.000ns fall@5.000ns period=10.000ns})
  Destination:            u_scorer0/u_pe/weight_o_reg[15]/D
                            (rising edge-triggered cell FDCE clocked by clk  {rise@0.000ns fall@5.000ns period=10.000ns})
  Path Group:             clk
  Path Type:              Hold (Min at Fast Process Corner)
  Requirement:            0.000ns  (clk rise@0.000ns - clk rise@0.000ns)
  Data Path Delay:        0.379ns  (logic 0.249ns (65.656%)  route 0.130ns (34.344%))
  Logic Levels:           2  (CARRY4=1 LUT6=1)
  Clock Path Skew:        0.145ns (DCD - SCD - CPR)
    Destination Clock Delay (DCD):    1.034ns
    Source Clock Delay      (SCD):    0.679ns
    Clock Pessimism Removal (CPR):    0.210ns

    Location             Delay type                Incr(ns)  Path(ns)    Netlist Resource(s)
  -------------------------------------------------------------------    -------------------
                         (clock clk rise edge)        0.000     0.000 r  
                                                      0.000     0.000 r  clk (IN)
                         net (fo=0)                   0.000     0.000    clk
                         IBUF (Prop_ibuf_I_O)         0.202     0.202 r  clk_IBUF_inst/O
                         net (fo=1, unplaced)         0.337     0.539    clk_IBUF
                         BUFG (Prop_bufg_I_O)         0.026     0.565 r  clk_IBUF_BUFG_inst/O
                         net (fo=1546, unplaced)      0.114     0.679    u_scorer0/u_pe/clk_IBUF_BUFG
                         FDCE                                         r  u_scorer0/u_pe/weight_o_reg[15]/C
  -------------------------------------------------------------------    -------------------
                         FDCE (Prop_fdce_C_Q)         0.141     0.820 r  u_scorer0/u_pe/weight_o_reg[15]/Q
                         net (fo=2, unplaced)         0.130     0.950    u_table_shared/weight_o0_OBUF[15]
                         LUT6 (Prop_lut6_I5_O)        0.045     0.995 r  u_table_shared/weight_o[12]_i_6__6/O
                         net (fo=1, unplaced)         0.000     0.995    u_table_shared/weight_o[12]_i_6__6_n_0
                         CARRY4 (Prop_carry4_S[3]_O[3])
                                                      0.063     1.058 r  u_table_shared/weight_o_reg[12]_i_1/O[3]
                         net (fo=1, unplaced)         0.000     1.058    u_scorer0/u_pe/weight_o_reg[15]_0[3]
                         FDCE                                         r  u_scorer0/u_pe/weight_o_reg[15]/D
  -------------------------------------------------------------------    -------------------

                         (clock clk rise edge)        0.000     0.000 r  
                                                      0.000     0.000 r  clk (IN)
                         net (fo=0)                   0.000     0.000    clk
                         IBUF (Prop_ibuf_I_O)         0.391     0.391 r  clk_IBUF_inst/O
                         net (fo=1, unplaced)         0.355     0.746    clk_IBUF
                         BUFG (Prop_bufg_I_O)         0.029     0.775 r  clk_IBUF_BUFG_inst/O
                         net (fo=1546, unplaced)      0.259     1.034    u_scorer0/u_pe/clk_IBUF_BUFG
                         FDCE                                         r  u_scorer0/u_pe/weight_o_reg[15]/C
                         clock pessimism             -0.210     0.824    
                         FDCE (Hold_fdce_C_D)         0.105     0.929    u_scorer0/u_pe/weight_o_reg[15]
  -------------------------------------------------------------------
                         required time                         -0.929    
                         arrival time                           1.058    
  -------------------------------------------------------------------
                         slack                                  0.129    

Slack (MET) :             0.129ns  (arrival time - required time)
  Source:                 u_scorer0/u_pe/weight_o_reg[19]/C
                            (rising edge-triggered cell FDCE clocked by clk  {rise@0.000ns fall@5.000ns period=10.000ns})
  Destination:            u_scorer0/u_pe/weight_o_reg[19]/D
                            (rising edge-triggered cell FDCE clocked by clk  {rise@0.000ns fall@5.000ns period=10.000ns})
  Path Group:             clk
  Path Type:              Hold (Min at Fast Process Corner)
  Requirement:            0.000ns  (clk rise@0.000ns - clk rise@0.000ns)
  Data Path Delay:        0.379ns  (logic 0.249ns (65.656%)  route 0.130ns (34.344%))
  Logic Levels:           2  (CARRY4=1 LUT6=1)
  Clock Path Skew:        0.145ns (DCD - SCD - CPR)
    Destination Clock Delay (DCD):    1.034ns
    Source Clock Delay      (SCD):    0.679ns
    Clock Pessimism Removal (CPR):    0.210ns

    Location             Delay type                Incr(ns)  Path(ns)    Netlist Resource(s)
  -------------------------------------------------------------------    -------------------
                         (clock clk rise edge)        0.000     0.000 r  
                                                      0.000     0.000 r  clk (IN)
                         net (fo=0)                   0.000     0.000    clk
                         IBUF (Prop_ibuf_I_O)         0.202     0.202 r  clk_IBUF_inst/O
                         net (fo=1, unplaced)         0.337     0.539    clk_IBUF
                         BUFG (Prop_bufg_I_O)         0.026     0.565 r  clk_IBUF_BUFG_inst/O
                         net (fo=1546, unplaced)      0.114     0.679    u_scorer0/u_pe/clk_IBUF_BUFG
                         FDCE                                         r  u_scorer0/u_pe/weight_o_reg[19]/C
  -------------------------------------------------------------------    -------------------
                         FDCE (Prop_fdce_C_Q)         0.141     0.820 r  u_scorer0/u_pe/weight_o_reg[19]/Q
                         net (fo=2, unplaced)         0.130     0.950    u_table_shared/weight_o0_OBUF[19]
                         LUT6 (Prop_lut6_I5_O)        0.045     0.995 r  u_table_shared/weight_o[16]_i_5__6/O
                         net (fo=1, unplaced)         0.000     0.995    u_table_shared/weight_o[16]_i_5__6_n_0
                         CARRY4 (Prop_carry4_S[3]_O[3])
                                                      0.063     1.058 r  u_table_shared/weight_o_reg[16]_i_1/O[3]
                         net (fo=1, unplaced)         0.000     1.058    u_scorer0/u_pe/weight_o_reg[19]_0[3]
                         FDCE                                         r  u_scorer0/u_pe/weight_o_reg[19]/D
  -------------------------------------------------------------------    -------------------

                         (clock clk rise edge)        0.000     0.000 r  
                                                      0.000     0.000 r  clk (IN)
                         net (fo=0)                   0.000     0.000    clk
                         IBUF (Prop_ibuf_I_O)         0.391     0.391 r  clk_IBUF_inst/O
                         net (fo=1, unplaced)         0.355     0.746    clk_IBUF
                         BUFG (Prop_bufg_I_O)         0.029     0.775 r  clk_IBUF_BUFG_inst/O
                         net (fo=1546, unplaced)      0.259     1.034    u_scorer0/u_pe/clk_IBUF_BUFG
                         FDCE                                         r  u_scorer0/u_pe/weight_o_reg[19]/C
                         clock pessimism             -0.210     0.824    
                         FDCE (Hold_fdce_C_D)         0.105     0.929    u_scorer0/u_pe/weight_o_reg[19]
  -------------------------------------------------------------------
                         required time                         -0.929    
                         arrival time                           1.058    
  -------------------------------------------------------------------
                         slack                                  0.129    

Slack (MET) :             0.129ns  (arrival time - required time)
  Source:                 u_scorer0/u_pe/weight_o_reg[3]/C
                            (rising edge-triggered cell FDCE clocked by clk  {rise@0.000ns fall@5.000ns period=10.000ns})
  Destination:            u_scorer0/u_pe/weight_o_reg[3]/D
                            (rising edge-triggered cell FDCE clocked by clk  {rise@0.000ns fall@5.000ns period=10.000ns})
  Path Group:             clk
  Path Type:              Hold (Min at Fast Process Corner)
  Requirement:            0.000ns  (clk rise@0.000ns - clk rise@0.000ns)
  Data Path Delay:        0.379ns  (logic 0.249ns (65.656%)  route 0.130ns (34.344%))
  Logic Levels:           2  (CARRY4=1 LUT6=1)
  Clock Path Skew:        0.145ns (DCD - SCD - CPR)
    Destination Clock Delay (DCD):    1.034ns
    Source Clock Delay      (SCD):    0.679ns
    Clock Pessimism Removal (CPR):    0.210ns

    Location             Delay type                Incr(ns)  Path(ns)    Netlist Resource(s)
  -------------------------------------------------------------------    -------------------
                         (clock clk rise edge)        0.000     0.000 r  
                                                      0.000     0.000 r  clk (IN)
                         net (fo=0)                   0.000     0.000    clk
                         IBUF (Prop_ibuf_I_O)         0.202     0.202 r  clk_IBUF_inst/O
                         net (fo=1, unplaced)         0.337     0.539    clk_IBUF
                         BUFG (Prop_bufg_I_O)         0.026     0.565 r  clk_IBUF_BUFG_inst/O
                         net (fo=1546, unplaced)      0.114     0.679    u_scorer0/u_pe/clk_IBUF_BUFG
                         FDCE                                         r  u_scorer0/u_pe/weight_o_reg[3]/C
  -------------------------------------------------------------------    -------------------
                         FDCE (Prop_fdce_C_Q)         0.141     0.820 r  u_scorer0/u_pe/weight_o_reg[3]/Q
                         net (fo=2, unplaced)         0.130     0.950    u_table_shared/weight_o0_OBUF[3]
                         LUT6 (Prop_lut6_I5_O)        0.045     0.995 r  u_table_shared/weight_o[0]_i_7__6/O
                         net (fo=1, unplaced)         0.000     0.995    u_table_shared/weight_o[0]_i_7__6_n_0
                         CARRY4 (Prop_carry4_S[3]_O[3])
                                                      0.063     1.058 r  u_table_shared/weight_o_reg[0]_i_2/O[3]
                         net (fo=1, unplaced)         0.000     1.058    u_scorer0/u_pe/O[3]
                         FDCE                                         r  u_scorer0/u_pe/weight_o_reg[3]/D
  -------------------------------------------------------------------    -------------------

                         (clock clk rise edge)        0.000     0.000 r  
                                                      0.000     0.000 r  clk (IN)
                         net (fo=0)                   0.000     0.000    clk
                         IBUF (Prop_ibuf_I_O)         0.391     0.391 r  clk_IBUF_inst/O
                         net (fo=1, unplaced)         0.355     0.746    clk_IBUF
                         BUFG (Prop_bufg_I_O)         0.029     0.775 r  clk_IBUF_BUFG_inst/O
                         net (fo=1546, unplaced)      0.259     1.034    u_scorer0/u_pe/clk_IBUF_BUFG
                         FDCE                                         r  u_scorer0/u_pe/weight_o_reg[3]/C
                         clock pessimism             -0.210     0.824    
                         FDCE (Hold_fdce_C_D)         0.105     0.929    u_scorer0/u_pe/weight_o_reg[3]
  -------------------------------------------------------------------
                         required time                         -0.929    
                         arrival time                           1.058    
  -------------------------------------------------------------------
                         slack                                  0.129    

Slack (MET) :             0.129ns  (arrival time - required time)
  Source:                 u_scorer0/u_pe/weight_o_reg[7]/C
                            (rising edge-triggered cell FDCE clocked by clk  {rise@0.000ns fall@5.000ns period=10.000ns})
  Destination:            u_scorer0/u_pe/weight_o_reg[7]/D
                            (rising edge-triggered cell FDCE clocked by clk  {rise@0.000ns fall@5.000ns period=10.000ns})
  Path Group:             clk
  Path Type:              Hold (Min at Fast Process Corner)
  Requirement:            0.000ns  (clk rise@0.000ns - clk rise@0.000ns)
  Data Path Delay:        0.379ns  (logic 0.249ns (65.656%)  route 0.130ns (34.344%))
  Logic Levels:           2  (CARRY4=1 LUT6=1)
  Clock Path Skew:        0.145ns (DCD - SCD - CPR)
    Destination Clock Delay (DCD):    1.034ns
    Source Clock Delay      (SCD):    0.679ns
    Clock Pessimism Removal (CPR):    0.210ns

    Location             Delay type                Incr(ns)  Path(ns)    Netlist Resource(s)
  -------------------------------------------------------------------    -------------------
                         (clock clk rise edge)        0.000     0.000 r  
                                                      0.000     0.000 r  clk (IN)
                         net (fo=0)                   0.000     0.000    clk
                         IBUF (Prop_ibuf_I_O)         0.202     0.202 r  clk_IBUF_inst/O
                         net (fo=1, unplaced)         0.337     0.539    clk_IBUF
                         BUFG (Prop_bufg_I_O)         0.026     0.565 r  clk_IBUF_BUFG_inst/O
                         net (fo=1546, unplaced)      0.114     0.679    u_scorer0/u_pe/clk_IBUF_BUFG
                         FDCE                                         r  u_scorer0/u_pe/weight_o_reg[7]/C
  -------------------------------------------------------------------    -------------------
                         FDCE (Prop_fdce_C_Q)         0.141     0.820 r  u_scorer0/u_pe/weight_o_reg[7]/Q
                         net (fo=2, unplaced)         0.130     0.950    u_table_shared/weight_o0_OBUF[7]
                         LUT6 (Prop_lut6_I5_O)        0.045     0.995 r  u_table_shared/weight_o[4]_i_6__6/O
                         net (fo=1, unplaced)         0.000     0.995    u_table_shared/weight_o[4]_i_6__6_n_0
                         CARRY4 (Prop_carry4_S[3]_O[3])
                                                      0.063     1.058 r  u_table_shared/weight_o_reg[4]_i_1/O[3]
                         net (fo=1, unplaced)         0.000     1.058    u_scorer0/u_pe/weight_o_reg[7]_0[3]
                         FDCE                                         r  u_scorer0/u_pe/weight_o_reg[7]/D
  -------------------------------------------------------------------    -------------------

                         (clock clk rise edge)        0.000     0.000 r  
                                                      0.000     0.000 r  clk (IN)
                         net (fo=0)                   0.000     0.000    clk
                         IBUF (Prop_ibuf_I_O)         0.391     0.391 r  clk_IBUF_inst/O
                         net (fo=1, unplaced)         0.355     0.746    clk_IBUF
                         BUFG (Prop_bufg_I_O)         0.029     0.775 r  clk_IBUF_BUFG_inst/O
                         net (fo=1546, unplaced)      0.259     1.034    u_scorer0/u_pe/clk_IBUF_BUFG
                         FDCE                                         r  u_scorer0/u_pe/weight_o_reg[7]/C
                         clock pessimism             -0.210     0.824    
                         FDCE (Hold_fdce_C_D)         0.105     0.929    u_scorer0/u_pe/weight_o_reg[7]
  -------------------------------------------------------------------
                         required time                         -0.929    
                         arrival time                           1.058    
  -------------------------------------------------------------------
                         slack                                  0.129    





Pulse Width Checks
--------------------------------------------------------------------------------------
Clock Name:         clk
Waveform(ns):       { 0.000 5.000 }
Period(ns):         10.000
Sources:            { clk }

Check Type        Corner  Lib Pin             Reference Pin  Required(ns)  Actual(ns)  Slack(ns)  Location  Pin
Min Period        n/a     RAMB36E1/CLKARDCLK  n/a            2.892         10.000      7.108                u_table_shared/data_reg_0_0/CLKARDCLK
Min Period        n/a     RAMB36E1/CLKARDCLK  n/a            2.892         10.000      7.108                u_table_shared/data_reg_0_1/CLKARDCLK
Min Period        n/a     RAMB36E1/CLKARDCLK  n/a            2.892         10.000      7.108                u_table_shared/data_reg_0_10/CLKARDCLK
Min Period        n/a     RAMB36E1/CLKARDCLK  n/a            2.892         10.000      7.108                u_table_shared/data_reg_0_11/CLKARDCLK
Min Period        n/a     RAMB36E1/CLKARDCLK  n/a            2.892         10.000      7.108                u_table_shared/data_reg_0_12/CLKARDCLK
Low Pulse Width   Slow    FDCE/C              n/a            0.500         5.000       4.500                busy_reg/C
Low Pulse Width   Fast    FDCE/C              n/a            0.500         5.000       4.500                busy_reg/C
Low Pulse Width   Slow    FDCE/C              n/a            0.500         5.000       4.500                held_sel_reg[0]/C
Low Pulse Width   Fast    FDCE/C              n/a            0.500         5.000       4.500                held_sel_reg[0]/C
Low Pulse Width   Slow    FDCE/C              n/a            0.500         5.000       4.500                held_sel_reg[1]/C
High Pulse Width  Slow    FDCE/C              n/a            0.500         5.000       4.500                busy_reg/C
High Pulse Width  Fast    FDCE/C              n/a            0.500         5.000       4.500                busy_reg/C
High Pulse Width  Slow    FDCE/C              n/a            0.500         5.000       4.500                held_sel_reg[0]/C
High Pulse Width  Fast    FDCE/C              n/a            0.500         5.000       4.500                held_sel_reg[0]/C
High Pulse Width  Slow    FDCE/C              n/a            0.500         5.000       4.500                held_sel_reg[1]/C



