Copyright 1986-2022 Xilinx, Inc. All Rights Reserved. Copyright 2022-2024 Advanced Micro Devices, Inc. All Rights Reserved.
---------------------------------------------------------------------------------------------------------------------------------------------
| Tool Version : Vivado v.2024.1 (win64) Build 5076996 Wed May 22 18:37:14 MDT 2024
| Date         : Wed Sep  2 20:44:27 2026
| Host         : BOOK-S5JNKNEIOB running 64-bit major release  (build 9200)
| Command      : report_timing -delay_type max -max_paths 5 -file timing_dgen_oct_v2_worstpath.rpt
| Design       : particle_scorer_dgen_oct_arb
| Device       : 7a35ti-csg324
| Speed File   : -1L  PRODUCTION 1.23 2018-06-13
| Design State : Routed
---------------------------------------------------------------------------------------------------------------------------------------------

Timing Report

Slack (VIOLATED) :        -2.716ns  (required time - arrival time)
  Source:                 u_scorer0/u_ray_march/x_reg[15]/C
                            (rising edge-triggered cell FDCE clocked by clk  {rise@0.000ns fall@5.000ns period=10.000ns})
  Destination:            u_scorer0/u_ray_march/y_reg[8]_rep/D
                            (rising edge-triggered cell FDCE clocked by clk  {rise@0.000ns fall@5.000ns period=10.000ns})
  Path Group:             clk
  Path Type:              Setup (Max at Slow Process Corner)
  Requirement:            10.000ns  (clk rise@10.000ns - clk rise@0.000ns)
  Data Path Delay:        12.444ns  (logic 3.173ns (25.498%)  route 9.271ns (74.502%))
  Logic Levels:           13  (CARRY4=2 LUT3=1 LUT5=1 LUT6=7 MUXF7=2)
  Clock Path Skew:        -0.049ns (DCD - SCD + CPR)
    Destination Clock Delay (DCD):    0.924ns = ( 10.924 - 10.000 ) 
    Source Clock Delay      (SCD):    0.973ns
    Clock Pessimism Removal (CPR):    0.000ns
  Clock Uncertainty:      0.035ns  ((TSJ^2 + TIJ^2)^1/2 + DJ) / 2 + PE
    Total System Jitter     (TSJ):    0.071ns
    Total Input Jitter      (TIJ):    0.000ns
    Discrete Jitter          (DJ):    0.000ns
    Phase Error              (PE):    0.000ns

    Location             Delay type                Incr(ns)  Path(ns)    Netlist Resource(s)
  -------------------------------------------------------------------    -------------------
                         (clock clk rise edge)        0.000     0.000 r  
                                                      0.000     0.000 r  clk (IN)
                         net (fo=3737, unset)         0.973     0.973    u_scorer0/u_ray_march/clk
    SLICE_X14Y39         FDCE                                         r  u_scorer0/u_ray_march/x_reg[15]/C
  -------------------------------------------------------------------    -------------------
    SLICE_X14Y39         FDCE (Prop_fdce_C_Q)         0.518     1.491 f  u_scorer0/u_ray_march/x_reg[15]/Q
                         net (fo=9, routed)           0.856     2.347    u_scorer0/u_ray_march/p_0_in[7]
    SLICE_X15Y41         LUT5 (Prop_lut5_I4_O)        0.124     2.471 f  u_scorer0/u_ray_march/x[0]_i_409/O
                         net (fo=56, routed)          0.842     3.314    u_scorer0/u_ray_march/x[0]_i_409_n_0
    SLICE_X15Y44         LUT3 (Prop_lut3_I2_O)        0.124     3.438 r  u_scorer0/u_ray_march/x[0]_i_429/O
                         net (fo=178, routed)         1.459     4.897    u_scorer0/u_ray_march/x[0]_i_429_n_0
    SLICE_X31Y45         LUT6 (Prop_lut6_I1_O)        0.124     5.021 r  u_scorer0/u_ray_march/x[0]_i_910/O
                         net (fo=1, routed)           0.921     5.942    u_scorer0/u_ray_march/x[0]_i_910_n_0
    SLICE_X31Y50         LUT6 (Prop_lut6_I1_O)        0.124     6.066 r  u_scorer0/u_ray_march/x[0]_i_516/O
                         net (fo=1, routed)           0.834     6.900    u_scorer0/u_ray_march/x[0]_i_516_n_0
    SLICE_X12Y50         LUT6 (Prop_lut6_I0_O)        0.124     7.024 r  u_scorer0/u_ray_march/x[0]_i_229/O
                         net (fo=1, routed)           0.000     7.024    u_scorer0/u_ray_march/x[0]_i_229_n_0
    SLICE_X12Y50         MUXF7 (Prop_muxf7_I0_O)      0.209     7.233 r  u_scorer0/u_ray_march/x_reg[0]_i_98/O
                         net (fo=1, routed)           0.814     8.047    u_scorer0/u_ray_march/x_reg[0]_i_98_n_0
    SLICE_X12Y51         LUT6 (Prop_lut6_I5_O)        0.297     8.344 r  u_scorer0/u_ray_march/x[0]_i_48/O
                         net (fo=2, routed)           0.000     8.344    u_scorer0/u_ray_march/x[0]_i_48_n_0
    SLICE_X12Y51         MUXF7 (Prop_muxf7_I0_O)      0.241     8.585 r  u_scorer0/u_ray_march/x_reg[0]_i_63/O
                         net (fo=1, routed)           0.757     9.342    u_scorer0/u_ray_march/x_reg[0]_i_63_n_0
    SLICE_X13Y42         LUT6 (Prop_lut6_I3_O)        0.298     9.640 r  u_scorer0/u_ray_march/x[0]_i_34/O
                         net (fo=28, routed)          0.893    10.532    u_scorer0/u_ray_march/x[0]_i_34_n_0
    SLICE_X13Y37         LUT6 (Prop_lut6_I4_O)        0.124    10.656 r  u_scorer0/u_ray_march/y[4]_i_13/O
                         net (fo=4, routed)           0.747    11.403    u_scorer0/u_ray_march/y[4]_i_13_n_0
    SLICE_X14Y35         LUT6 (Prop_lut6_I5_O)        0.124    11.527 r  u_scorer0/u_ray_march/y[4]_i_4/O
                         net (fo=1, routed)           0.616    12.143    u_scorer0/u_ray_march/y[4]_i_4_n_0
    SLICE_X15Y37         CARRY4 (Prop_carry4_DI[1]_CO[3])
                                                      0.507    12.650 r  u_scorer0/u_ray_march/y_reg[4]_i_1/CO[3]
                         net (fo=1, routed)           0.000    12.650    u_scorer0/u_ray_march/y_reg[4]_i_1_n_0
    SLICE_X15Y38         CARRY4 (Prop_carry4_CI_O[0])
                                                      0.235    12.885 r  u_scorer0/u_ray_march/y_reg[8]_i_1/O[0]
                         net (fo=3, routed)           0.532    13.417    u_scorer0/u_ray_march/y_reg[8]_i_1_n_7
    SLICE_X12Y38         FDCE                                         r  u_scorer0/u_ray_march/y_reg[8]_rep/D
  -------------------------------------------------------------------    -------------------

                         (clock clk rise edge)       10.000    10.000 r  
                                                      0.000    10.000 r  clk (IN)
                         net (fo=3737, unset)         0.924    10.924    u_scorer0/u_ray_march/clk
    SLICE_X12Y38         FDCE                                         r  u_scorer0/u_ray_march/y_reg[8]_rep/C
                         clock pessimism              0.000    10.924    
                         clock uncertainty           -0.035    10.889    
    SLICE_X12Y38         FDCE (Setup_fdce_C_D)       -0.188    10.701    u_scorer0/u_ray_march/y_reg[8]_rep
  -------------------------------------------------------------------
                         required time                         10.701    
                         arrival time                         -13.417    
  -------------------------------------------------------------------
                         slack                                 -2.716    

Slack (VIOLATED) :        -2.708ns  (required time - arrival time)
  Source:                 u_scorer7/u_ray_march/x_reg[17]/C
                            (rising edge-triggered cell FDCE clocked by clk  {rise@0.000ns fall@5.000ns period=10.000ns})
  Destination:            u_scorer7/u_ray_march/y_reg[8]_rep__0/D
                            (rising edge-triggered cell FDCE clocked by clk  {rise@0.000ns fall@5.000ns period=10.000ns})
  Path Group:             clk
  Path Type:              Setup (Max at Slow Process Corner)
  Requirement:            10.000ns  (clk rise@10.000ns - clk rise@0.000ns)
  Data Path Delay:        12.404ns  (logic 2.500ns (20.155%)  route 9.904ns (79.845%))
  Logic Levels:           12  (CARRY4=2 LUT5=1 LUT6=9)
  Clock Path Skew:        -0.049ns (DCD - SCD + CPR)
    Destination Clock Delay (DCD):    0.924ns = ( 10.924 - 10.000 ) 
    Source Clock Delay      (SCD):    0.973ns
    Clock Pessimism Removal (CPR):    0.000ns
  Clock Uncertainty:      0.035ns  ((TSJ^2 + TIJ^2)^1/2 + DJ) / 2 + PE
    Total System Jitter     (TSJ):    0.071ns
    Total Input Jitter      (TIJ):    0.000ns
    Discrete Jitter          (DJ):    0.000ns
    Phase Error              (PE):    0.000ns

    Location             Delay type                Incr(ns)  Path(ns)    Netlist Resource(s)
  -------------------------------------------------------------------    -------------------
                         (clock clk rise edge)        0.000     0.000 r  
                                                      0.000     0.000 r  clk (IN)
                         net (fo=3737, unset)         0.973     0.973    u_scorer7/u_ray_march/clk
    SLICE_X52Y73         FDCE                                         r  u_scorer7/u_ray_march/x_reg[17]/C
  -------------------------------------------------------------------    -------------------
    SLICE_X52Y73         FDCE (Prop_fdce_C_Q)         0.518     1.491 r  u_scorer7/u_ray_march/x_reg[17]/Q
                         net (fo=2, routed)           0.987     2.478    u_scorer7/u_ray_march/p_0_in[9]
    SLICE_X50Y73         LUT6 (Prop_lut6_I2_O)        0.124     2.602 r  u_scorer7/u_ray_march/running_i_4__6/O
                         net (fo=60, routed)          0.619     3.220    u_scorer7/u_ray_march/running_i_4__6_n_0
    SLICE_X52Y74         LUT6 (Prop_lut6_I5_O)        0.124     3.344 r  u_scorer7/u_ray_march/running_i_3__6/O
                         net (fo=294, routed)         1.368     4.712    u_scorer7/u_ray_march/running_i_3__6_n_0
    SLICE_X50Y75         LUT5 (Prop_lut5_I1_O)        0.124     4.836 f  u_scorer7/u_ray_march/x[0]_i_977__6/O
                         net (fo=4, routed)           1.097     5.934    u_scorer7/u_ray_march/x[0]_i_977__6_n_0
    SLICE_X38Y76         LUT6 (Prop_lut6_I2_O)        0.124     6.058 f  u_scorer7/u_ray_march/x[0]_i_630__6/O
                         net (fo=1, routed)           0.544     6.601    u_scorer7/u_ray_march/x[0]_i_630__6_n_0
    SLICE_X38Y76         LUT6 (Prop_lut6_I5_O)        0.124     6.725 f  u_scorer7/u_ray_march/x[0]_i_274__6/O
                         net (fo=1, routed)           0.609     7.334    u_scorer7/u_ray_march/x[0]_i_274__6_n_0
    SLICE_X46Y75         LUT6 (Prop_lut6_I2_O)        0.124     7.458 f  u_scorer7/u_ray_march/x[0]_i_112__6/O
                         net (fo=1, routed)           0.769     8.227    u_scorer7/u_ray_march/x[0]_i_112__6_n_0
    SLICE_X54Y75         LUT6 (Prop_lut6_I3_O)        0.124     8.351 f  u_scorer7/u_ray_march/x[0]_i_52__6/O
                         net (fo=1, routed)           1.223     9.574    u_scorer7/u_ray_march/x[0]_i_52__6_n_0
    SLICE_X49Y68         LUT6 (Prop_lut6_I1_O)        0.124     9.698 f  u_scorer7/u_ray_march/x[0]_i_29__6/O
                         net (fo=3, routed)           0.444    10.142    u_scorer7/u_ray_march/x[0]_i_29__6_n_0
    SLICE_X52Y68         LUT6 (Prop_lut6_I1_O)        0.124    10.266 r  u_scorer7/u_ray_march/x[0]_i_14__6/O
                         net (fo=56, routed)          1.232    11.498    u_scorer7/u_ray_march/x[0]_i_14__6_n_0
    SLICE_X54Y70         LUT6 (Prop_lut6_I0_O)        0.124    11.622 r  u_scorer7/u_ray_march/y[4]_i_4__6/O
                         net (fo=1, routed)           0.481    12.103    u_scorer7/u_ray_march/y[4]_i_4__6_n_0
    SLICE_X53Y70         CARRY4 (Prop_carry4_DI[1]_CO[3])
                                                      0.507    12.610 r  u_scorer7/u_ray_march/y_reg[4]_i_1__13/CO[3]
                         net (fo=1, routed)           0.000    12.610    u_scorer7/u_ray_march/y_reg[4]_i_1__13_n_0
    SLICE_X53Y71         CARRY4 (Prop_carry4_CI_O[0])
                                                      0.235    12.845 r  u_scorer7/u_ray_march/y_reg[8]_i_1__13/O[0]
                         net (fo=3, routed)           0.532    13.377    u_scorer7/u_ray_march/y_reg[8]_i_1__13_n_7
    SLICE_X50Y71         FDCE                                         r  u_scorer7/u_ray_march/y_reg[8]_rep__0/D
  -------------------------------------------------------------------    -------------------

                         (clock clk rise edge)       10.000    10.000 r  
                                                      0.000    10.000 r  clk (IN)
                         net (fo=3737, unset)         0.924    10.924    u_scorer7/u_ray_march/clk
    SLICE_X50Y71         FDCE                                         r  u_scorer7/u_ray_march/y_reg[8]_rep__0/C
                         clock pessimism              0.000    10.924    
                         clock uncertainty           -0.035    10.889    
    SLICE_X50Y71         FDCE (Setup_fdce_C_D)       -0.220    10.669    u_scorer7/u_ray_march/y_reg[8]_rep__0
  -------------------------------------------------------------------
                         required time                         10.669    
                         arrival time                         -13.377    
  -------------------------------------------------------------------
                         slack                                 -2.708    

Slack (VIOLATED) :        -2.707ns  (required time - arrival time)
  Source:                 u_scorer7/u_ray_march/x_reg[17]/C
                            (rising edge-triggered cell FDCE clocked by clk  {rise@0.000ns fall@5.000ns period=10.000ns})
  Destination:            u_scorer7/u_ray_march/x_reg[9]/D
                            (rising edge-triggered cell FDCE clocked by clk  {rise@0.000ns fall@5.000ns period=10.000ns})
  Path Group:             clk
  Path Type:              Setup (Max at Slow Process Corner)
  Requirement:            10.000ns  (clk rise@10.000ns - clk rise@0.000ns)
  Data Path Delay:        12.383ns  (logic 2.615ns (21.118%)  route 9.768ns (78.882%))
  Logic Levels:           12  (CARRY4=2 LUT5=1 LUT6=9)
  Clock Path Skew:        -0.049ns (DCD - SCD + CPR)
    Destination Clock Delay (DCD):    0.924ns = ( 10.924 - 10.000 ) 
    Source Clock Delay      (SCD):    0.973ns
    Clock Pessimism Removal (CPR):    0.000ns
  Clock Uncertainty:      0.035ns  ((TSJ^2 + TIJ^2)^1/2 + DJ) / 2 + PE
    Total System Jitter     (TSJ):    0.071ns
    Total Input Jitter      (TIJ):    0.000ns
    Discrete Jitter          (DJ):    0.000ns
    Phase Error              (PE):    0.000ns

    Location             Delay type                Incr(ns)  Path(ns)    Netlist Resource(s)
  -------------------------------------------------------------------    -------------------
                         (clock clk rise edge)        0.000     0.000 r  
                                                      0.000     0.000 r  clk (IN)
                         net (fo=3737, unset)         0.973     0.973    u_scorer7/u_ray_march/clk
    SLICE_X52Y73         FDCE                                         r  u_scorer7/u_ray_march/x_reg[17]/C
  -------------------------------------------------------------------    -------------------
    SLICE_X52Y73         FDCE (Prop_fdce_C_Q)         0.518     1.491 r  u_scorer7/u_ray_march/x_reg[17]/Q
                         net (fo=2, routed)           0.987     2.478    u_scorer7/u_ray_march/p_0_in[9]
    SLICE_X50Y73         LUT6 (Prop_lut6_I2_O)        0.124     2.602 r  u_scorer7/u_ray_march/running_i_4__6/O
                         net (fo=60, routed)          0.619     3.220    u_scorer7/u_ray_march/running_i_4__6_n_0
    SLICE_X52Y74         LUT6 (Prop_lut6_I5_O)        0.124     3.344 r  u_scorer7/u_ray_march/running_i_3__6/O
                         net (fo=294, routed)         1.368     4.712    u_scorer7/u_ray_march/running_i_3__6_n_0
    SLICE_X50Y75         LUT5 (Prop_lut5_I1_O)        0.124     4.836 f  u_scorer7/u_ray_march/x[0]_i_977__6/O
                         net (fo=4, routed)           1.097     5.934    u_scorer7/u_ray_march/x[0]_i_977__6_n_0
    SLICE_X38Y76         LUT6 (Prop_lut6_I2_O)        0.124     6.058 f  u_scorer7/u_ray_march/x[0]_i_630__6/O
                         net (fo=1, routed)           0.544     6.601    u_scorer7/u_ray_march/x[0]_i_630__6_n_0
    SLICE_X38Y76         LUT6 (Prop_lut6_I5_O)        0.124     6.725 f  u_scorer7/u_ray_march/x[0]_i_274__6/O
                         net (fo=1, routed)           0.609     7.334    u_scorer7/u_ray_march/x[0]_i_274__6_n_0
    SLICE_X46Y75         LUT6 (Prop_lut6_I2_O)        0.124     7.458 f  u_scorer7/u_ray_march/x[0]_i_112__6/O
                         net (fo=1, routed)           0.769     8.227    u_scorer7/u_ray_march/x[0]_i_112__6_n_0
    SLICE_X54Y75         LUT6 (Prop_lut6_I3_O)        0.124     8.351 f  u_scorer7/u_ray_march/x[0]_i_52__6/O
                         net (fo=1, routed)           1.223     9.574    u_scorer7/u_ray_march/x[0]_i_52__6_n_0
    SLICE_X49Y68         LUT6 (Prop_lut6_I1_O)        0.124     9.698 f  u_scorer7/u_ray_march/x[0]_i_29__6/O
                         net (fo=3, routed)           0.444    10.142    u_scorer7/u_ray_march/x[0]_i_29__6_n_0
    SLICE_X52Y68         LUT6 (Prop_lut6_I1_O)        0.124    10.266 r  u_scorer7/u_ray_march/x[0]_i_14__6/O
                         net (fo=56, routed)          0.963    11.229    u_scorer7/u_ray_march/x[0]_i_14__6_n_0
    SLICE_X54Y70         LUT6 (Prop_lut6_I0_O)        0.124    11.353 r  u_scorer7/u_ray_march/x[4]_i_4__6/O
                         net (fo=1, routed)           0.629    11.982    u_scorer7/u_ray_march/x[4]_i_4__6_n_0
    SLICE_X52Y70         CARRY4 (Prop_carry4_DI[1]_CO[3])
                                                      0.520    12.502 r  u_scorer7/u_ray_march/x_reg[4]_i_1__13/CO[3]
                         net (fo=1, routed)           0.000    12.502    u_scorer7/u_ray_march/x_reg[4]_i_1__13_n_0
    SLICE_X52Y71         CARRY4 (Prop_carry4_CI_O[1])
                                                      0.337    12.839 r  u_scorer7/u_ray_march/x_reg[8]_i_1__13/O[1]
                         net (fo=3, routed)           0.517    13.356    u_scorer7/u_ray_march/x_reg[8]_i_1__13_n_6
    SLICE_X51Y71         FDCE                                         r  u_scorer7/u_ray_march/x_reg[9]/D
  -------------------------------------------------------------------    -------------------

                         (clock clk rise edge)       10.000    10.000 r  
                                                      0.000    10.000 r  clk (IN)
                         net (fo=3737, unset)         0.924    10.924    u_scorer7/u_ray_march/clk
    SLICE_X51Y71         FDCE                                         r  u_scorer7/u_ray_march/x_reg[9]/C
                         clock pessimism              0.000    10.924    
                         clock uncertainty           -0.035    10.889    
    SLICE_X51Y71         FDCE (Setup_fdce_C_D)       -0.240    10.649    u_scorer7/u_ray_march/x_reg[9]
  -------------------------------------------------------------------
                         required time                         10.649    
                         arrival time                         -13.356    
  -------------------------------------------------------------------
                         slack                                 -2.707    

Slack (VIOLATED) :        -2.691ns  (required time - arrival time)
  Source:                 u_scorer7/u_ray_march/x_reg[17]/C
                            (rising edge-triggered cell FDCE clocked by clk  {rise@0.000ns fall@5.000ns period=10.000ns})
  Destination:            u_scorer7/u_ray_march/y_reg[8]_rep/D
                            (rising edge-triggered cell FDCE clocked by clk  {rise@0.000ns fall@5.000ns period=10.000ns})
  Path Group:             clk
  Path Type:              Setup (Max at Slow Process Corner)
  Requirement:            10.000ns  (clk rise@10.000ns - clk rise@0.000ns)
  Data Path Delay:        12.370ns  (logic 2.500ns (20.210%)  route 9.870ns (79.790%))
  Logic Levels:           12  (CARRY4=2 LUT5=1 LUT6=9)
  Clock Path Skew:        -0.049ns (DCD - SCD + CPR)
    Destination Clock Delay (DCD):    0.924ns = ( 10.924 - 10.000 ) 
    Source Clock Delay      (SCD):    0.973ns
    Clock Pessimism Removal (CPR):    0.000ns
  Clock Uncertainty:      0.035ns  ((TSJ^2 + TIJ^2)^1/2 + DJ) / 2 + PE
    Total System Jitter     (TSJ):    0.071ns
    Total Input Jitter      (TIJ):    0.000ns
    Discrete Jitter          (DJ):    0.000ns
    Phase Error              (PE):    0.000ns

    Location             Delay type                Incr(ns)  Path(ns)    Netlist Resource(s)
  -------------------------------------------------------------------    -------------------
                         (clock clk rise edge)        0.000     0.000 r  
                                                      0.000     0.000 r  clk (IN)
                         net (fo=3737, unset)         0.973     0.973    u_scorer7/u_ray_march/clk
    SLICE_X52Y73         FDCE                                         r  u_scorer7/u_ray_march/x_reg[17]/C
  -------------------------------------------------------------------    -------------------
    SLICE_X52Y73         FDCE (Prop_fdce_C_Q)         0.518     1.491 r  u_scorer7/u_ray_march/x_reg[17]/Q
                         net (fo=2, routed)           0.987     2.478    u_scorer7/u_ray_march/p_0_in[9]
    SLICE_X50Y73         LUT6 (Prop_lut6_I2_O)        0.124     2.602 r  u_scorer7/u_ray_march/running_i_4__6/O
                         net (fo=60, routed)          0.619     3.220    u_scorer7/u_ray_march/running_i_4__6_n_0
    SLICE_X52Y74         LUT6 (Prop_lut6_I5_O)        0.124     3.344 r  u_scorer7/u_ray_march/running_i_3__6/O
                         net (fo=294, routed)         1.368     4.712    u_scorer7/u_ray_march/running_i_3__6_n_0
    SLICE_X50Y75         LUT5 (Prop_lut5_I1_O)        0.124     4.836 f  u_scorer7/u_ray_march/x[0]_i_977__6/O
                         net (fo=4, routed)           1.097     5.934    u_scorer7/u_ray_march/x[0]_i_977__6_n_0
    SLICE_X38Y76         LUT6 (Prop_lut6_I2_O)        0.124     6.058 f  u_scorer7/u_ray_march/x[0]_i_630__6/O
                         net (fo=1, routed)           0.544     6.601    u_scorer7/u_ray_march/x[0]_i_630__6_n_0
    SLICE_X38Y76         LUT6 (Prop_lut6_I5_O)        0.124     6.725 f  u_scorer7/u_ray_march/x[0]_i_274__6/O
                         net (fo=1, routed)           0.609     7.334    u_scorer7/u_ray_march/x[0]_i_274__6_n_0
    SLICE_X46Y75         LUT6 (Prop_lut6_I2_O)        0.124     7.458 f  u_scorer7/u_ray_march/x[0]_i_112__6/O
                         net (fo=1, routed)           0.769     8.227    u_scorer7/u_ray_march/x[0]_i_112__6_n_0
    SLICE_X54Y75         LUT6 (Prop_lut6_I3_O)        0.124     8.351 f  u_scorer7/u_ray_march/x[0]_i_52__6/O
                         net (fo=1, routed)           1.223     9.574    u_scorer7/u_ray_march/x[0]_i_52__6_n_0
    SLICE_X49Y68         LUT6 (Prop_lut6_I1_O)        0.124     9.698 f  u_scorer7/u_ray_march/x[0]_i_29__6/O
                         net (fo=3, routed)           0.444    10.142    u_scorer7/u_ray_march/x[0]_i_29__6_n_0
    SLICE_X52Y68         LUT6 (Prop_lut6_I1_O)        0.124    10.266 r  u_scorer7/u_ray_march/x[0]_i_14__6/O
                         net (fo=56, routed)          1.232    11.498    u_scorer7/u_ray_march/x[0]_i_14__6_n_0
    SLICE_X54Y70         LUT6 (Prop_lut6_I0_O)        0.124    11.622 r  u_scorer7/u_ray_march/y[4]_i_4__6/O
                         net (fo=1, routed)           0.481    12.103    u_scorer7/u_ray_march/y[4]_i_4__6_n_0
    SLICE_X53Y70         CARRY4 (Prop_carry4_DI[1]_CO[3])
                                                      0.507    12.610 r  u_scorer7/u_ray_march/y_reg[4]_i_1__13/CO[3]
                         net (fo=1, routed)           0.000    12.610    u_scorer7/u_ray_march/y_reg[4]_i_1__13_n_0
    SLICE_X53Y71         CARRY4 (Prop_carry4_CI_O[0])
                                                      0.235    12.845 r  u_scorer7/u_ray_march/y_reg[8]_i_1__13/O[0]
                         net (fo=3, routed)           0.498    13.343    u_scorer7/u_ray_march/y_reg[8]_i_1__13_n_7
    SLICE_X51Y71         FDCE                                         r  u_scorer7/u_ray_march/y_reg[8]_rep/D
  -------------------------------------------------------------------    -------------------

                         (clock clk rise edge)       10.000    10.000 r  
                                                      0.000    10.000 r  clk (IN)
                         net (fo=3737, unset)         0.924    10.924    u_scorer7/u_ray_march/clk
    SLICE_X51Y71         FDCE                                         r  u_scorer7/u_ray_march/y_reg[8]_rep/C
                         clock pessimism              0.000    10.924    
                         clock uncertainty           -0.035    10.889    
    SLICE_X51Y71         FDCE (Setup_fdce_C_D)       -0.237    10.652    u_scorer7/u_ray_march/y_reg[8]_rep
  -------------------------------------------------------------------
                         required time                         10.652    
                         arrival time                         -13.343    
  -------------------------------------------------------------------
                         slack                                 -2.691    

Slack (VIOLATED) :        -2.678ns  (required time - arrival time)
  Source:                 u_scorer7/u_ray_march/x_reg[17]/C
                            (rising edge-triggered cell FDCE clocked by clk  {rise@0.000ns fall@5.000ns period=10.000ns})
  Destination:            u_scorer7/u_ray_march/x_reg[8]_rep/D
                            (rising edge-triggered cell FDCE clocked by clk  {rise@0.000ns fall@5.000ns period=10.000ns})
  Path Group:             clk
  Path Type:              Setup (Max at Slow Process Corner)
  Requirement:            10.000ns  (clk rise@10.000ns - clk rise@0.000ns)
  Data Path Delay:        12.410ns  (logic 2.510ns (20.225%)  route 9.900ns (79.775%))
  Logic Levels:           12  (CARRY4=2 LUT5=1 LUT6=9)
  Clock Path Skew:        -0.049ns (DCD - SCD + CPR)
    Destination Clock Delay (DCD):    0.924ns = ( 10.924 - 10.000 ) 
    Source Clock Delay      (SCD):    0.973ns
    Clock Pessimism Removal (CPR):    0.000ns
  Clock Uncertainty:      0.035ns  ((TSJ^2 + TIJ^2)^1/2 + DJ) / 2 + PE
    Total System Jitter     (TSJ):    0.071ns
    Total Input Jitter      (TIJ):    0.000ns
    Discrete Jitter          (DJ):    0.000ns
    Phase Error              (PE):    0.000ns

    Location             Delay type                Incr(ns)  Path(ns)    Netlist Resource(s)
  -------------------------------------------------------------------    -------------------
                         (clock clk rise edge)        0.000     0.000 r  
                                                      0.000     0.000 r  clk (IN)
                         net (fo=3737, unset)         0.973     0.973    u_scorer7/u_ray_march/clk
    SLICE_X52Y73         FDCE                                         r  u_scorer7/u_ray_march/x_reg[17]/C
  -------------------------------------------------------------------    -------------------
    SLICE_X52Y73         FDCE (Prop_fdce_C_Q)         0.518     1.491 r  u_scorer7/u_ray_march/x_reg[17]/Q
                         net (fo=2, routed)           0.987     2.478    u_scorer7/u_ray_march/p_0_in[9]
    SLICE_X50Y73         LUT6 (Prop_lut6_I2_O)        0.124     2.602 r  u_scorer7/u_ray_march/running_i_4__6/O
                         net (fo=60, routed)          0.619     3.220    u_scorer7/u_ray_march/running_i_4__6_n_0
    SLICE_X52Y74         LUT6 (Prop_lut6_I5_O)        0.124     3.344 r  u_scorer7/u_ray_march/running_i_3__6/O
                         net (fo=294, routed)         1.368     4.712    u_scorer7/u_ray_march/running_i_3__6_n_0
    SLICE_X50Y75         LUT5 (Prop_lut5_I1_O)        0.124     4.836 f  u_scorer7/u_ray_march/x[0]_i_977__6/O
                         net (fo=4, routed)           1.097     5.934    u_scorer7/u_ray_march/x[0]_i_977__6_n_0
    SLICE_X38Y76         LUT6 (Prop_lut6_I2_O)        0.124     6.058 f  u_scorer7/u_ray_march/x[0]_i_630__6/O
                         net (fo=1, routed)           0.544     6.601    u_scorer7/u_ray_march/x[0]_i_630__6_n_0
    SLICE_X38Y76         LUT6 (Prop_lut6_I5_O)        0.124     6.725 f  u_scorer7/u_ray_march/x[0]_i_274__6/O
                         net (fo=1, routed)           0.609     7.334    u_scorer7/u_ray_march/x[0]_i_274__6_n_0
    SLICE_X46Y75         LUT6 (Prop_lut6_I2_O)        0.124     7.458 f  u_scorer7/u_ray_march/x[0]_i_112__6/O
                         net (fo=1, routed)           0.769     8.227    u_scorer7/u_ray_march/x[0]_i_112__6_n_0
    SLICE_X54Y75         LUT6 (Prop_lut6_I3_O)        0.124     8.351 f  u_scorer7/u_ray_march/x[0]_i_52__6/O
                         net (fo=1, routed)           1.223     9.574    u_scorer7/u_ray_march/x[0]_i_52__6_n_0
    SLICE_X49Y68         LUT6 (Prop_lut6_I1_O)        0.124     9.698 f  u_scorer7/u_ray_march/x[0]_i_29__6/O
                         net (fo=3, routed)           0.444    10.142    u_scorer7/u_ray_march/x[0]_i_29__6_n_0
    SLICE_X52Y68         LUT6 (Prop_lut6_I1_O)        0.124    10.266 r  u_scorer7/u_ray_march/x[0]_i_14__6/O
                         net (fo=56, routed)          0.963    11.229    u_scorer7/u_ray_march/x[0]_i_14__6_n_0
    SLICE_X54Y70         LUT6 (Prop_lut6_I0_O)        0.124    11.353 r  u_scorer7/u_ray_march/x[4]_i_4__6/O
                         net (fo=1, routed)           0.629    11.982    u_scorer7/u_ray_march/x[4]_i_4__6_n_0
    SLICE_X52Y70         CARRY4 (Prop_carry4_DI[1]_CO[3])
                                                      0.520    12.502 r  u_scorer7/u_ray_march/x_reg[4]_i_1__13/CO[3]
                         net (fo=1, routed)           0.000    12.502    u_scorer7/u_ray_march/x_reg[4]_i_1__13_n_0
    SLICE_X52Y71         CARRY4 (Prop_carry4_CI_O[0])
                                                      0.232    12.734 r  u_scorer7/u_ray_march/x_reg[8]_i_1__13/O[0]
                         net (fo=3, routed)           0.649    13.383    u_scorer7/u_ray_march/x_reg[8]_i_1__13_n_7
    SLICE_X50Y71         FDCE                                         r  u_scorer7/u_ray_march/x_reg[8]_rep/D
  -------------------------------------------------------------------    -------------------

                         (clock clk rise edge)       10.000    10.000 r  
                                                      0.000    10.000 r  clk (IN)
                         net (fo=3737, unset)         0.924    10.924    u_scorer7/u_ray_march/clk
    SLICE_X50Y71         FDCE                                         r  u_scorer7/u_ray_march/x_reg[8]_rep/C
                         clock pessimism              0.000    10.924    
                         clock uncertainty           -0.035    10.889    
    SLICE_X50Y71         FDCE (Setup_fdce_C_D)       -0.184    10.705    u_scorer7/u_ray_march/x_reg[8]_rep
  -------------------------------------------------------------------
                         required time                         10.705    
                         arrival time                         -13.383    
  -------------------------------------------------------------------
                         slack                                 -2.678    




