Copyright 1986-2022 Xilinx, Inc. All Rights Reserved. Copyright 2022-2024 Advanced Micro Devices, Inc. All Rights Reserved.
---------------------------------------------------------------------------------------------------------------------------------------------
| Tool Version : Vivado v.2024.1 (win64) Build 5076996 Wed May 22 18:37:14 MDT 2024
| Date         : Wed Sep  2 02:54:52 2026
| Host         : BOOK-S5JNKNEIOB running 64-bit major release  (build 9200)
| Command      : report_utilization -hierarchical -file util_oct_arb_hier.rpt
| Design       : particle_scorer_oct_arb
| Device       : xc7a35ticsg324-1L
| Speed File   : -1L
| Design State : Synthesized
---------------------------------------------------------------------------------------------------------------------------------------------

Utilization Design Information

Table of Contents
-----------------
1. Utilization by Hierarchy

1. Utilization by Hierarchy
---------------------------

+-----------------------------+-----------------------+------------+------------+---------+------+------+--------+--------+------------+
|           Instance          |         Module        | Total LUTs | Logic LUTs | LUTRAMs | SRLs |  FFs | RAMB36 | RAMB18 | DSP Blocks |
+-----------------------------+-----------------------+------------+------------+---------+------+------+--------+--------+------------+
| particle_scorer_oct_arb     |                 (top) |      10769 |      10769 |       0 |    0 | 1507 |     39 |      0 |          0 |
|   (particle_scorer_oct_arb) |                 (top) |          8 |          8 |       0 |    0 |    4 |      0 |      0 |          0 |
|   u_arb                     |              arbiter8 |         53 |         53 |       0 |    0 |    3 |      0 |      0 |          0 |
|   u_scorer0                 |   particle_scorer_arb |       1288 |       1288 |       0 |    0 |  188 |      0 |      0 |          0 |
|     (u_scorer0)             |   particle_scorer_arb |          6 |          6 |       0 |    0 |  103 |      0 |      0 |          0 |
|     u_addr_gen              |           addr_gen_25 |         35 |         35 |       0 |    0 |    0 |      0 |      0 |          0 |
|     u_pe                    |          sensor_pe_26 |          4 |          4 |       0 |    0 |   23 |      0 |      0 |          0 |
|     u_ray_march             |      ray_march_edt_27 |       1243 |       1243 |       0 |    0 |   62 |      0 |      0 |          0 |
|   u_scorer1                 | particle_scorer_arb_0 |       1279 |       1279 |       0 |    0 |  182 |      0 |      0 |          0 |
|     (u_scorer1)             | particle_scorer_arb_0 |          7 |          7 |       0 |    0 |  103 |      0 |      0 |          0 |
|     u_addr_gen              |           addr_gen_22 |         35 |         35 |       0 |    0 |    0 |      0 |      0 |          0 |
|     u_pe                    |          sensor_pe_23 |          4 |          4 |       0 |    0 |   23 |      0 |      0 |          0 |
|     u_ray_march             |      ray_march_edt_24 |       1233 |       1233 |       0 |    0 |   56 |      0 |      0 |          0 |
|   u_scorer2                 | particle_scorer_arb_1 |       1288 |       1288 |       0 |    0 |  188 |      0 |      0 |          0 |
|     (u_scorer2)             | particle_scorer_arb_1 |          8 |          8 |       0 |    0 |  103 |      0 |      0 |          0 |
|     u_addr_gen              |           addr_gen_19 |         35 |         35 |       0 |    0 |    0 |      0 |      0 |          0 |
|     u_pe                    |          sensor_pe_20 |          4 |          4 |       0 |    0 |   23 |      0 |      0 |          0 |
|     u_ray_march             |      ray_march_edt_21 |       1241 |       1241 |       0 |    0 |   62 |      0 |      0 |          0 |
|   u_scorer3                 | particle_scorer_arb_2 |       1280 |       1280 |       0 |    0 |  186 |      0 |      0 |          0 |
|     (u_scorer3)             | particle_scorer_arb_2 |          6 |          6 |       0 |    0 |  103 |      0 |      0 |          0 |
|     u_addr_gen              |           addr_gen_16 |         35 |         35 |       0 |    0 |    0 |      0 |      0 |          0 |
|     u_pe                    |          sensor_pe_17 |          4 |          4 |       0 |    0 |   23 |      0 |      0 |          0 |
|     u_ray_march             |      ray_march_edt_18 |       1235 |       1235 |       0 |    0 |   60 |      0 |      0 |          0 |
|   u_scorer4                 | particle_scorer_arb_3 |       1289 |       1289 |       0 |    0 |  188 |      0 |      0 |          0 |
|     (u_scorer4)             | particle_scorer_arb_3 |          7 |          7 |       0 |    0 |  103 |      0 |      0 |          0 |
|     u_addr_gen              |           addr_gen_13 |         35 |         35 |       0 |    0 |    0 |      0 |      0 |          0 |
|     u_pe                    |          sensor_pe_14 |          4 |          4 |       0 |    0 |   23 |      0 |      0 |          0 |
|     u_ray_march             |      ray_march_edt_15 |       1243 |       1243 |       0 |    0 |   62 |      0 |      0 |          0 |
|   u_scorer5                 | particle_scorer_arb_4 |       1287 |       1287 |       0 |    0 |  188 |      0 |      0 |          0 |
|     (u_scorer5)             | particle_scorer_arb_4 |          6 |          6 |       0 |    0 |  103 |      0 |      0 |          0 |
|     u_addr_gen              |           addr_gen_10 |         35 |         35 |       0 |    0 |    0 |      0 |      0 |          0 |
|     u_pe                    |          sensor_pe_11 |          4 |          4 |       0 |    0 |   23 |      0 |      0 |          0 |
|     u_ray_march             |      ray_march_edt_12 |       1242 |       1242 |       0 |    0 |   62 |      0 |      0 |          0 |
|   u_scorer6                 | particle_scorer_arb_5 |       1289 |       1289 |       0 |    0 |  188 |      0 |      0 |          0 |
|     (u_scorer6)             | particle_scorer_arb_5 |          8 |          8 |       0 |    0 |  103 |      0 |      0 |          0 |
|     u_addr_gen              |            addr_gen_7 |         35 |         35 |       0 |    0 |    0 |      0 |      0 |          0 |
|     u_pe                    |           sensor_pe_8 |          4 |          4 |       0 |    0 |   23 |      0 |      0 |          0 |
|     u_ray_march             |       ray_march_edt_9 |       1242 |       1242 |       0 |    0 |   62 |      0 |      0 |          0 |
|   u_scorer7                 | particle_scorer_arb_6 |       1286 |       1286 |       0 |    0 |  188 |      0 |      0 |          0 |
|     (u_scorer7)             | particle_scorer_arb_6 |          5 |          5 |       0 |    0 |  103 |      0 |      0 |          0 |
|     u_addr_gen              |              addr_gen |         35 |         35 |       0 |    0 |    0 |      0 |      0 |          0 |
|     u_pe                    |             sensor_pe |          4 |          4 |       0 |    0 |   23 |      0 |      0 |          0 |
|     u_ray_march             |         ray_march_edt |       1242 |       1242 |       0 |    0 |   62 |      0 |      0 |          0 |
|   u_table_shared            |             table_mem |        438 |        438 |       0 |    0 |    4 |     39 |      0 |          0 |
+-----------------------------+-----------------------+------------+------------+---------+------+------+--------+--------+------------+


